TTLocalizer: Running in language: english
from toontown.toonbase.TTLocalizerEnglish import *
OTPLocalizer: Running in language: english
from otp.otpbase.OTPLocalizerEnglish import *
AppRunner has been removed and AppRunnerGlobal has been deprecated
Preloading suits...
Preloading Toon heads...
Preloading Toon heads...
Preloading avatars...
{402000001: <toontown.distributed.ToontownDistrict.ToontownDistrict instance at 0x0000000025E47D88>}
__handleAvatarChooserDone: 100000079, 'BIRB', ('kss', 'sd', 's', 'f', (0.674509, 0.92549, 1.0, 1.0), (1.0, 1.0, 1.0, 1.0), (0.674509, 0.92549, 1.0, 1.0), (0.674509, 0.92549, 1.0, 1.0), 20, 23, 0, 23, 2, 0), 5
NodePath.iPosHpr() is deprecated.
NodePath.iPosHpr() is deprecated.
0
Reading DNA file... phase_4/dna/storage.pdna
Reading DNA file... phase_3.5/dna/storage_interior.pdna
frame rate: 46.6 fps|0.003d|86 avs||341|341||0x0000|0x0000|866.2MB|1709.4MB|32717.5MB|1149|nt.2.6.2|3.593,3.593|8,16 cpus|OpenGL
Battle Event localtoon-battle-event-3
chooseFireOpenShot <function allGroupLowShot at 0x0000000019257C88>
chooseFireOpenShot <function suitGroupThreeQuarterLeftBehindShot at 0x0000000019257F98>
Warning: NodePath.remove() is deprecated.  Use remove_node() instead.
Warning: NodePath.remove() is deprecated.  Use remove_node() instead.
frame rate: 39.4 fps|0.019d|117 avs||641|641||0x0000|0x0000|993.7MB|1987.5MB|32717.5MB|1312|nt.2.6.2|3.593,3.593|8,16 cpus|OpenGL
