TTLocalizer: Running in language: english
from toontown.toonbase.TTLocalizerEnglish import *
OTPLocalizer: Running in language: english
from otp.otpbase.OTPLocalizerEnglish import *
AppRunner has been removed and AppRunnerGlobal has been deprecated
Preloading suits...
Preloading Toon heads...
Preloading Toon heads...
Preloading avatars...
{402000001: <toontown.distributed.ToontownDistrict.ToontownDistrict instance at 0x00000000261ADA88>}
__handleAvatarChooserDone: 100000086, 'Mr. Rockenzap', ('lss', 'ms', 's', 'm', (0.984, 0.537, 0.396, 1.0), (1.0, 1.0, 1.0, 1.0), (0.984, 0.537, 0.396, 1.0), (0.984, 0.537, 0.396, 1.0), 11, 0, 0, 0, 1, 20), 4
NodePath.iPosHpr() is deprecated.
NodePath.iPosHpr() is deprecated.
0
Reading DNA file... phase_4/dna/storage.pdna
Reading DNA file... phase_3.5/dna/storage_interior.pdna
Battle Event localtoon-battle-event-3
Exception occurred while processing Func-__splatSuit-170 of movie-track-with-cam-402007526:
movie-track-with-cam-402007526:
  0.000 movie-track-with-cam-402007526 {
  0.000   movie-track-402007526 {
  0.000     Sequence-150 {
  0.000       toon-attacks {
  0.000         Sequence-191 {
  0.000           Sequence-156 {
  0.000             Parallel-158 {
  0.000             }
  0.000           }
  0.000           Parallel-160 {
  0.000             Sequence-190 {
  0.000               Wait dur 0.5
  0.500               Parallel-161 {
  0.500                 Sequence-165 {
  0.500                   Wait
  0.500                   *Func-headsUp-153
  0.500                   Parallel-166 {
  0.500                     Parallel-164 {
  0.500                       Sequence-163 {
  0.500                         Wait dur 1
  1.500                         *Sound-14 dur 2.063
  3.563                       }
  0.500                       Sequence-162 {
  0.500                         Wait dur 3
  3.500                         *Sound-15 dur 0.783
  4.283                       }
  4.283                     }
  0.500                     *Actor-throw-16 dur 3.79167
  4.292                   }
  4.292                   *Func-loop-154
  4.292                   *Func-setHpr-155
  4.292                 }
  0.500                 Sequence-168 {
  0.500                   Wait
  0.500                   *Func-showProps-156
  0.500                   *Func-__animProp-157
  0.500                   Parallel-167 {
  0.500                     LerpScaleInterval-241: scale from 0.01 0.01 0.01 to 1 1 1 dur 1
  0.500                     LerpScaleInterval-242: scale from 0.01 0.01 0.01 to 1 1 1 dur 1
  1.500                   }
  1.500                   *Func-needRestoreRenderProp-159
  1.500                   Wait dur 1.7
  3.200                   *Func-__propPreflight-158
  3.200                   MovieThrow-pieFly: pos from 0.123749 -6.87904 0.90923 to 2.5 3.39999 9.34 dur 0.3
  3.500                   *Func-removeProps-160
  3.500                   *Func-clearRenderProp-164
  3.500                   *Func-__showProp-161
  3.500                   *Func-__billboardProp-162
  3.500                   *Actor-splat-birthday-cake-17 dur 0.416667
  3.917                   *Func-removeProp-163
  3.917                 }
  0.500                 Parallel-189 {
  0.500                   Sequence-172 {
  0.500                     Wait dur 3
  3.500                     Sequence-173 {
  3.500                       *Func-showHpTextThrow-165 (!oe)
  3.500                       *Func-showHpString-166 (!oe)
  3.500                     }
  3.500                     *Func-__splatSuit-170
  3.500                     *Func-updateHealthBar-167
  3.500                     Parallel-177 {
  3.500                       Sequence-174 {
  3.500                         *Actor-pie-large-lured-18 dur 2.5
  6.000                         *Func-unlureSuit-168
  6.000                         Parallel-176 {
  6.000                           *Func-setChatAbsolute-169
  6.000                         }
  6.000                       }
  3.500                       Sequence-175 {
  3.500                         Wait dur 0.2
  3.700                         LerpPosInterval-243: pos to 2.5 7 0 dur 0.6
  4.300                       }
  6.000                     }
  6.000                     *Func-setNeutralAnimation-173
  6.000                     *Func-setChatAbsolute-174
  6.000                     Sequence-179 {
  6.000                     }
  6.000                     Sequence-180 {
  6.000                     }
  6.000                     Sequence-181 {
  6.000                     }
  6.000                     Sequence-182 {
  6.000                     }
  6.000                     Sequence-183 {
  6.000                     }
  6.000                     Sequence-184 {
  6.000                     }
  6.000                     Sequence-185 {
  6.000                     }
  6.000                     Sequence-186 {
  6.000                     }
  6.000                     Sequence-187 {
  6.000                     }
  6.000                     Sequence-188 {
  6.000                     }
  6.000                   }
  0.500                   Sequence-178 {
  0.500                     Wait dur 3
  3.500                     Wait dur 0.75
  4.250                     *Func-showHpText-171 (!oe)
  4.250                     *Func-updateHealthBar-172
  4.250                   }
  6.000                 }
  6.000               }
  6.000             }
  6.000           }
  6.000           Parallel-159 {
  6.000             Parallel-157 {
  6.000             }
  6.000           }
  6.000         }
  6.000       }
  6.000       suit-attacks {
  6.000         Sequence-221 {
  6.000           *Func-makeUnLured-213
  6.000           Parallel-220 {
  6.000             *Func-unlureSuit-215
  6.000             Parallel-218 {
  6.000               *Func-setChatAbsolute-214
  6.000             }
  6.000             Sequence-219 {
  6.000               *Func-setHpr-216
  6.000               *Actor-walk-21 dur 0.5
  6.500               *Func-loop-217
  6.500             }
  6.000             LerpPosInterval-254: pos to 2.5 7 0 dur 0.5
  6.500           }
  6.500           Sequence-217 {
  6.500             *Func-makeUnLured-213
  6.500             *Func-setNeutralAnimation-212
  6.500             Parallel-206 {
  6.500               Sequence-194 {
  6.500                 Sequence-193 {
  6.500                   Wait
  6.500                   *Func-setChatAbsolute-179
  6.500                   *Actor-magic1-19 dur 1.7
  8.200                   *Func-setNeutralAnimation-180
  8.200                 }
  8.200               }
  6.500               Sequence-195 {
  6.500                 Wait dur 1
  7.500                 *Func-needRestoreParticleEffect-181
  7.500                 *Func-start-182
  7.500                 Wait dur 0.4
  7.900                 LerpPosInterval-244: pos to 0 15 0.4 dur 1
  8.900                 *LerpFunctionInterval-setAlphaScale-1 dur 0.4
  9.300                 *Func-cleanup-183
  9.300                 *Func-clearRestoreParticleEffect-184
  9.300               }
  6.500               Sequence-196 {
  6.500                 Wait dur 1
  7.500                 *Func-needRestoreParticleEffect-185
  7.500                 *Func-start-186
  7.500                 Wait dur 0.4
  7.900                 LerpPosInterval-245: pos to 0 15 0.4 dur 1
  8.900                 *LerpFunctionInterval-setAlphaScale-2 dur 0.4
  9.300                 *Func-cleanup-187
  9.300                 *Func-clearRestoreParticleEffect-188
  9.300               }
  6.500               Sequence-197 {
  6.500                 Wait dur 0.6
  7.100                 *Particle-1 dur 1.3
  8.400               }
  6.500               Sequence-205 {
  6.500                 Wait dur 1.8
  8.300                 *Sound-18 dur 1.757
 10.057               }
  6.500               Parallel-198 {
  6.500                 Parallel-204 {
  6.500                   Sequence-199 {
  6.500                     *Func-headsUp-189
  6.500                     *Func-removeInsured-190
  6.500                     Sequence-202 {
  6.500                       Wait dur 1.29
  7.790                       *Actor-jump-20 dur 1.66667
  9.457                       *Func-loop-199
  9.457                     }
  9.457                   }
  6.500                   Sequence-203 {
  6.500                     Wait dur 1.79
  8.290                     *Func-indicateMissed-200
  8.290                   }
  9.457                 }
  9.457               }
 10.057             }
 10.057             *Func-setNeutralAnimation-211
 10.057             Parallel-215 {
 10.057               Sequence-216 {
 10.057                 *Func-headsUp-209
 10.057                 *Func-loop-210
 10.057               }
 10.057             }
 10.057           }
 10.057         }
 10.057       }
 10.057       *Func-__handleMovieDone-219
 10.057     }
 10.057   }
  0.000   Sequence-224 {
  0.000     Sequence-151 {
  0.000       toon-attacks-cam {
  0.000         Sequence-192 {
  0.000           toonGroupShot {
  0.000             *Func-setPosHpr-175
  0.000             Wait
  0.000           }
  0.000           suitGroupThreeQuarterLeftBehindShot {
  0.000             *Func-setPosHpr-176
  0.000             Wait dur 3
  3.000           }
  3.000           avatarCloseUpThreeQuarterLeftShot {
  3.000             *Func-setPosHpr-178
  3.000             Wait dur 3
  6.000           }
  6.000           toonGroupShot {
  6.000             *Func-setPosHpr-177
  6.000             Wait
  6.000           }
  6.000         }
  6.000       }
  6.000       suit-attacks-cam {
  6.000         Sequence-223 {
  6.000           Sequence-222 {
  6.000             Wait dur 0.5
  6.500             *Func-unlureSuit-218
  6.500           }
  6.500           Parallel-214 {
  6.500             Sequence-207 {
  6.500               Sequence-210 {
  6.500                 Sequence-208 {
  6.500                   *Func-setPos-201
  6.500                   *Func-lookAt-202
  6.500                   Wait dur 1.1
  7.600                 }
  7.600                 Sequence-209 {
  7.600                   *Func-setPos-203
  7.600                   *Func-lookAt-204
  7.600                   Wait dur 2.457
 10.057                 }
 10.057               }
 10.057             }
  6.500             Sequence-213 {
  6.500               LerpColorScaleInterval-246: color_scale to 1 0 0 1 dur 0
  6.500               *Func-hide-205
  6.500               *Func-setScale-206
  6.500               LerpScaleInterval-247: scale to 0 0 0 dur 0
  6.500               LerpPosInterval-248: pos to 0 0 0.42 dur 0
  6.500               *Func-setText-207
  6.500               *Func-show-208
  6.500               Wait dur 0.5
  7.000               Parallel-211 {
  7.000                 LerpScaleInterval-249: scale to 1.2 1.2 1.2 dur 0.25
  7.000                 LerpPosInterval-250: pos to 0 0 -0.075 dur 0.25
  7.250               }
  7.250               Parallel-212 {
  7.250                 LerpScaleInterval-251: scale to 1.1 1.1 1.1 dur 0.25
  7.250                 LerpPosInterval-252: pos to 0 0 -0.04 dur 0.25
  7.500               }
  7.500               Wait dur 2
  9.500               LerpColorScaleInterval-253: color_scale to 0 0 0 0 dur 0.25
  9.750             }
 10.057           }
 10.057         }
 10.057       }
 10.057     }
 10.057   }
 10.057 }

Traceback (most recent call last):
  File "D:\!-ARISTOTOWN ALTIS EDITION-!\Project-Altis-master\dependencies\panda\direct\showbase\ShowBase.py", line 1963, in __ivalLoop
    IntervalManager.ivalMgr.step()
  File "D:\!-ARISTOTOWN ALTIS EDITION-!\Project-Altis-master\dependencies\panda\direct\interval\IntervalManager.py", line 95, in step
    self.__doPythonCallbacks()
  File "D:\!-ARISTOTOWN ALTIS EDITION-!\Project-Altis-master\dependencies\panda\direct\interval\IntervalManager.py", line 123, in __doPythonCallbacks
    self.ivals[index].privPostEvent()
  File "D:\!-ARISTOTOWN ALTIS EDITION-!\Project-Altis-master\dependencies\panda\direct\interval\MetaInterval.py", line 520, in privPostEvent
    self.__doPythonCallbacks()
  File "D:\!-ARISTOTOWN ALTIS EDITION-!\Project-Altis-master\dependencies\panda\direct\interval\MetaInterval.py", line 496, in __doPythonCallbacks
    ival.privDoEvent(t, eventType)
  File "D:\!-ARISTOTOWN ALTIS EDITION-!\Project-Altis-master\dependencies\panda\direct\interval\Interval.py", line 210, in privDoEvent
    self.privInstant()
  File "D:\!-ARISTOTOWN ALTIS EDITION-!\Project-Altis-master\dependencies\panda\direct\interval\FunctionInterval.py", line 91, in privInstant
    self.function(*self.extraArgs, **self.kw)
  File "toontown\battle\MovieThrow.py", line 758, in __splatSuit
    splat.setSavedResult()
TypeError: setSavedResult() takes exactly one argument (0 given)
Traceback (most recent call last):
  File "otp\otpbase\OTPBase.py", line 235, in run
    taskMgr.run()
  File "D:\!-ARISTOTOWN ALTIS EDITION-!\Project-Altis-master\dependencies\panda\direct\task\Task.py", line 538, in run
    self.step()
  File "D:\!-ARISTOTOWN ALTIS EDITION-!\Project-Altis-master\dependencies\panda\direct\task\Task.py", line 492, in step
    self.mgr.poll()
  File "D:\!-ARISTOTOWN ALTIS EDITION-!\Project-Altis-master\dependencies\panda\direct\showbase\ShowBase.py", line 1963, in __ivalLoop
    IntervalManager.ivalMgr.step()
  File "D:\!-ARISTOTOWN ALTIS EDITION-!\Project-Altis-master\dependencies\panda\direct\interval\IntervalManager.py", line 95, in step
    self.__doPythonCallbacks()
  File "D:\!-ARISTOTOWN ALTIS EDITION-!\Project-Altis-master\dependencies\panda\direct\interval\IntervalManager.py", line 123, in __doPythonCallbacks
    self.ivals[index].privPostEvent()
  File "D:\!-ARISTOTOWN ALTIS EDITION-!\Project-Altis-master\dependencies\panda\direct\interval\MetaInterval.py", line 520, in privPostEvent
    self.__doPythonCallbacks()
  File "D:\!-ARISTOTOWN ALTIS EDITION-!\Project-Altis-master\dependencies\panda\direct\interval\MetaInterval.py", line 496, in __doPythonCallbacks
    ival.privDoEvent(t, eventType)
  File "D:\!-ARISTOTOWN ALTIS EDITION-!\Project-Altis-master\dependencies\panda\direct\interval\Interval.py", line 210, in privDoEvent
    self.privInstant()
  File "D:\!-ARISTOTOWN ALTIS EDITION-!\Project-Altis-master\dependencies\panda\direct\interval\FunctionInterval.py", line 91, in privInstant
    self.function(*self.extraArgs, **self.kw)
  File "toontown\battle\MovieThrow.py", line 758, in __splatSuit
    splat.setSavedResult()
TypeError: setSavedResult() takes exactly one argument (0 given)
