TTLocalizer: Running in language: english
from toontown.toonbase.TTLocalizerEnglish import *
OTPLocalizer: Running in language: english
from otp.otpbase.OTPLocalizerEnglish import *
AppRunner has been removed and AppRunnerGlobal has been deprecated
Preloading suits...
Preloading Toon heads...
Preloading Toon heads...
Preloading avatars...
{402000001: <toontown.distributed.ToontownDistrict.ToontownDistrict instance at 0x0000000026C69448>}
__handleAvatarChooserDone: 100000086, 'Mr. Rockenzap', ('lss', 'ms', 's', 'm', (0.984, 0.537, 0.396, 1.0), (1.0, 1.0, 1.0, 1.0), (0.984, 0.537, 0.396, 1.0), (0.984, 0.537, 0.396, 1.0), 11, 0, 0, 0, 1, 20), 4
NodePath.iPosHpr() is deprecated.
NodePath.iPosHpr() is deprecated.
0
Reading DNA file... phase_4/dna/storage.pdna
Reading DNA file... phase_3.5/dna/storage_interior.pdna
Reading DNA file... phase_6/dna/storage_OZ.pdna
Reading DNA file... phase_6/dna/storage_OZ_sz.pdna
Reading DNA file... phase_6/dna/outdoor_zone_sz.pdna
DNALandmarkBuilding sb3:toon_landmark_DD_clothes_shop_DNARoot did not find **/*suit_building_origin
DNALandmarkBuilding sb8:toon_landmark_hqTT_DNARoot did not find **/*suit_building_origin
NodePath.iPosHpr() is deprecated.
NodePath.iPosHpr() is deprecated.
NodePath.iPosHpr() is deprecated.
NodePath.iPosHpr() is deprecated.
NodePath.iPosHpr() is deprecated.
NodePath.iPosHpr() is deprecated.
NodePath.iPosHpr() is deprecated.
NodePath.iPosHpr() is deprecated.
NodePath.iPosHpr() is deprecated.
TIMER startTime 479
Reading DNA file... phase_5/dna/storage_town.pdna
Reading DNA file... phase_6/dna/storage_OZ_town.pdna
Reading DNA file... phase_6/dna/outdoor_zone_6400.pdna
Battle Event localtoon-battle-event-3
***********headParts pos= LPoint3f(0, 0, 0)
***********headParts hpr= LVecBase3f(0, 0, 0)
*************arms hpr= LVecBase3f(0, 0, 0)
***********headParts pos= LPoint3f(0, 0, 0)
***********headParts hpr= LVecBase3f(0, 0, 0)
*************arms hpr= LVecBase3f(0, 0, 0)
