TTLocalizer: Running in language: english
from toontown.toonbase.TTLocalizerEnglish import *
OTPLocalizer: Running in language: english
from otp.otpbase.OTPLocalizerEnglish import *
AppRunner has been removed and AppRunnerGlobal has been deprecated
Preloading suits...
Preloading Toon heads...
Preloading Toon heads...
Preloading avatars...
{402000001: <toontown.distributed.ToontownDistrict.ToontownDistrict instance at 0x0000000026EE9B48>}
__handleAvatarChooserDone: 100000086, 'Mr. Rockenzap', ('lss', 'ms', 's', 'm', (0.984, 0.537, 0.396, 1.0), (1.0, 1.0, 1.0, 1.0), (0.984, 0.537, 0.396, 1.0), (0.984, 0.537, 0.396, 1.0), 11, 0, 0, 0, 1, 20), 4
NodePath.iPosHpr() is deprecated.
NodePath.iPosHpr() is deprecated.
0
Reading DNA file... phase_4/dna/storage.pdna
Reading DNA file... phase_3.5/dna/storage_interior.pdna
Reading DNA file... phase_6/dna/storage_MM.pdna
Reading DNA file... phase_6/dna/storage_MM_sz.pdna
Reading DNA file... phase_6/dna/minnies_melody_land_sz.pdna
DNALandmarkBuilding sb4:toon_landmark_hqMM_DNARoot did not find **/*suit_building_origin
DNALandmarkBuilding sb6:toon_landmark_MM_clothes_shop_DNARoot did not find **/*suit_building_origin
NodePath.iPosHpr() is deprecated.
NodePath.iPosHpr() is deprecated.
NodePath.iPosHpr() is deprecated.
NodePath.iPosHpr() is deprecated.
NodePath.iPosHpr() is deprecated.
NodePath.iPosHpr() is deprecated.
NodePath.iPosHpr() is deprecated.
NodePath.iPosHpr() is deprecated.
NodePath.iPosHpr() is deprecated.
Reading DNA file... phase_5/dna/storage_town.pdna
Reading DNA file... phase_6/dna/storage_MM_town.pdna
Reading DNA file... phase_6/dna/minnies_melody_land_4100.pdna
DNALandmarkBuilding sb59:toon_landmark_hqMM_DNARoot did not find **/*suit_building_origin
Exception occurred while processing Func-presentProgressGui-1106 of CogdoFlyingLocalPlayer.introGuiSeq:
CogdoFlyingLocalPlayer.introGuiSeq:
  0.000 CogdoFlyingLocalPlayer.introGuiSeq {
  0.000   Wait dur 0.5
  0.500   Parallel-669 {
  0.500     *Func-setTemporaryMessage-1105
  0.500     Sequence-668 {
  0.500       Wait dur 1
  1.500       *Func-presentProgressGui-1106
  1.500     }
  1.500   }
  1.500   Wait dur 5
  6.500   *Func-setMessage-1107
  6.500 }

Traceback (most recent call last):
  File "D:\!-ARISTOTOWN ALTIS EDITION-!\Project-Altis-master\dependencies\panda\direct\showbase\ShowBase.py", line 1963, in __ivalLoop
    IntervalManager.ivalMgr.step()
  File "D:\!-ARISTOTOWN ALTIS EDITION-!\Project-Altis-master\dependencies\panda\direct\interval\IntervalManager.py", line 95, in step
    self.__doPythonCallbacks()
  File "D:\!-ARISTOTOWN ALTIS EDITION-!\Project-Altis-master\dependencies\panda\direct\interval\IntervalManager.py", line 123, in __doPythonCallbacks
    self.ivals[index].privPostEvent()
  File "D:\!-ARISTOTOWN ALTIS EDITION-!\Project-Altis-master\dependencies\panda\direct\interval\MetaInterval.py", line 520, in privPostEvent
    self.__doPythonCallbacks()
  File "D:\!-ARISTOTOWN ALTIS EDITION-!\Project-Altis-master\dependencies\panda\direct\interval\MetaInterval.py", line 496, in __doPythonCallbacks
    ival.privDoEvent(t, eventType)
  File "D:\!-ARISTOTOWN ALTIS EDITION-!\Project-Altis-master\dependencies\panda\direct\interval\Interval.py", line 210, in privDoEvent
    self.privInstant()
  File "D:\!-ARISTOTOWN ALTIS EDITION-!\Project-Altis-master\dependencies\panda\direct\interval\FunctionInterval.py", line 91, in privInstant
    self.function(*self.extraArgs, **self.kw)
  File "toontown\cogdominium\CogdoFlyingGuiManager.py", line 57, in presentProgressGui
    ToontownIntervals.start(ToontownIntervals.getPresentGuiIval(self._progressGui, 'present_progress_gui'))
  File "toontown\toonbase\ToontownIntervals.py", line 54, in getPresentGuiIval
    return Sequence(Func(np.show), getPulseLargerIval(np, '', scale=np.getScale()), Wait(waitDuration),
  File "toontown\toonbase\ToontownIntervals.py", line 26, in getPulseLargerIval
    getPulseIval(np.container, name, 1 + PULSE_GUI_CHANGE, duration=duration, scale=scale),
AttributeError: 'CogdoFlyingProgressGui' object has no attribute 'container'
Traceback (most recent call last):
  File "otp\otpbase\OTPBase.py", line 235, in run
    taskMgr.run()
  File "D:\!-ARISTOTOWN ALTIS EDITION-!\Project-Altis-master\dependencies\panda\direct\task\Task.py", line 538, in run
    self.step()
  File "D:\!-ARISTOTOWN ALTIS EDITION-!\Project-Altis-master\dependencies\panda\direct\task\Task.py", line 492, in step
    self.mgr.poll()
  File "D:\!-ARISTOTOWN ALTIS EDITION-!\Project-Altis-master\dependencies\panda\direct\showbase\ShowBase.py", line 1963, in __ivalLoop
    IntervalManager.ivalMgr.step()
  File "D:\!-ARISTOTOWN ALTIS EDITION-!\Project-Altis-master\dependencies\panda\direct\interval\IntervalManager.py", line 95, in step
    self.__doPythonCallbacks()
  File "D:\!-ARISTOTOWN ALTIS EDITION-!\Project-Altis-master\dependencies\panda\direct\interval\IntervalManager.py", line 123, in __doPythonCallbacks
    self.ivals[index].privPostEvent()
  File "D:\!-ARISTOTOWN ALTIS EDITION-!\Project-Altis-master\dependencies\panda\direct\interval\MetaInterval.py", line 520, in privPostEvent
    self.__doPythonCallbacks()
  File "D:\!-ARISTOTOWN ALTIS EDITION-!\Project-Altis-master\dependencies\panda\direct\interval\MetaInterval.py", line 496, in __doPythonCallbacks
    ival.privDoEvent(t, eventType)
  File "D:\!-ARISTOTOWN ALTIS EDITION-!\Project-Altis-master\dependencies\panda\direct\interval\Interval.py", line 210, in privDoEvent
    self.privInstant()
  File "D:\!-ARISTOTOWN ALTIS EDITION-!\Project-Altis-master\dependencies\panda\direct\interval\FunctionInterval.py", line 91, in privInstant
    self.function(*self.extraArgs, **self.kw)
  File "toontown\cogdominium\CogdoFlyingGuiManager.py", line 57, in presentProgressGui
    ToontownIntervals.start(ToontownIntervals.getPresentGuiIval(self._progressGui, 'present_progress_gui'))
  File "toontown\toonbase\ToontownIntervals.py", line 54, in getPresentGuiIval
    return Sequence(Func(np.show), getPulseLargerIval(np, '', scale=np.getScale()), Wait(waitDuration),
  File "toontown\toonbase\ToontownIntervals.py", line 26, in getPulseLargerIval
    getPulseIval(np.container, name, 1 + PULSE_GUI_CHANGE, duration=duration, scale=scale),
AttributeError: 'CogdoFlyingProgressGui' object has no attribute 'container'
