TTLocalizer: Running in language: english
from toontown.toonbase.TTLocalizerEnglish import *
OTPLocalizer: Running in language: english
from otp.otpbase.OTPLocalizerEnglish import *
AppRunner has been removed and AppRunnerGlobal has been deprecated
Preloading suits...
Preloading Toon heads...
Preloading Toon heads...
Preloading avatars...
{402000001: <toontown.distributed.ToontownDistrict.ToontownDistrict instance at 0x000000002701A848>}
__handleAvatarChooserDone: 100000086, 'Mr. Rockenzap', ('lss', 'ms', 's', 'm', (0.984, 0.537, 0.396, 1.0), (1.0, 1.0, 1.0, 1.0), (0.984, 0.537, 0.396, 1.0), (0.984, 0.537, 0.396, 1.0), 11, 0, 0, 0, 1, 20), 4
NodePath.iPosHpr() is deprecated.
NodePath.iPosHpr() is deprecated.
0
Reading DNA file... phase_4/dna/storage.pdna
Reading DNA file... phase_3.5/dna/storage_interior.pdna
Battle Event localtoon-battle-event-3
Exception occurred while processing Func-showProps-89 of movie-track-with-cam-402007092:
movie-track-with-cam-402007092:
  0.000 movie-track-with-cam-402007092 {
  0.000   movie-track-402007092 {
  0.000     Sequence-107 {
  0.000       toon-attacks {
  0.000         Sequence-124 {
  0.000           Sequence-113 {
  0.000             Parallel-115 {
  0.000             }
  0.000           }
  0.000           Parallel-117 {
  0.000             Parallel-123 {
  0.000               Parallel-118 {
  0.000                 Sequence-119 {
  0.000                   Wait dur 2.5
  2.500                   *Func-show-85
  2.500                   *Func-setScale-86
  2.500                   *Func-reparentTo-87
  2.500                   *Func-setPos-88
  2.500                   LerpScaleInterval-327: scale to 1.7 1.7 1.7 dur 0.25
  2.750                 }
  2.750               }
  0.000               Sequence-120 {
  0.000                 *Func-showProps-89
  0.000                 *Func-headsUp-90
  0.000                 Parallel-121 {
  0.000                   *Actor-pushbutton-12 dur 4
  0.000                   *Actor-button-13 dur 3.91667
  4.000                 }
  4.000                 *Func-removeProps-91
  4.000                 *Func-loop-92
  4.000                 *Func-setHpr-93
  4.000               }
  0.000               Sequence-122 {
  0.000                 Wait dur 1.3
  1.300                 *Sound-7 dur 0.67
  1.970                 Wait dur 0.3
  2.270                 *Sound-8 dur 0.5
  2.770               }
  4.000             }
  4.000           }
  4.000           Parallel-116 {
  4.000             Parallel-114 {
  4.000             }
  4.000           }
  4.000         }
  4.000       }
  4.000       suit-attacks {
  4.000         Sequence-178 {
  4.000           *Func-makeUnLured-151
  4.000           Parallel-177 {
  4.000             *Func-unlureSuit-153
  4.000             Parallel-175 {
  4.000               *Func-setChatAbsolute-152
  4.000             }
  4.000             Sequence-176 {
  4.000               *Func-setHpr-154
  4.000               *Actor-walk-18 dur 0.5
  4.500               *Func-loop-155
  4.500             }
  4.000             LerpPosInterval-361: pos to 0 7 0 dur 0.5
  4.500           }
  4.500           Sequence-174 {
  4.500             *Func-makeUnLured-151
  4.500             *Func-setNeutralAnimation-150
  4.500             Parallel-147 {
  4.500               Sequence-130 {
  4.500                 Wait
  4.500                 *Func-setChatAbsolute-98
  4.500                 *Actor-magic3-14 dur 4.04167
  8.542                 *Func-setNeutralAnimation-99
  8.542               }
  4.500               Sequence-133 {
  4.500                 Wait dur 1
  5.500                 *Particle-1 dur 1.9
  7.400               }
  4.500               Sequence-134 {
  4.500                 Wait dur 0.8
  5.300                 *Particle-2 dur 1.9
  7.200               }
  4.500               Sequence-145 {
  4.500                 Wait dur 0.9
  5.400                 *Sound-11 dur 2.716
  8.116               }
  4.500               Sequence-146 {
  4.500                 *Func-needRestoreRenderProp-113
  4.500                 *Func-reparentTo-114
  4.500                 *Func-setPos-115
  4.500                 LerpScaleInterval-328: scale from 0.01 0.01 0.01 to 1.7 1.7 1.7 dur 1.7
  6.200                 Wait dur 3.2
  9.400                 *LerpFunctionInterval-setAlphaScale-2 dur 0.8
 10.200                 *Func-removeProp-116
 10.200                 *Func-clearRenderProp-117
 10.200               }
  4.500               Parallel-135 {
  4.500                 Sequence-136 {
  4.500                   *Func-headsUp-101
  4.500                   *Func-removeInsured-102
  4.500                   Parallel-144 {
  4.500                     Sequence-139 {
  4.500                       Wait dur 1.7
  6.200                       Sequence-141 {
  6.200                         *Actor-melt-16 dur 2.41667
  8.617                         Wait dur 1.5
 10.117                         *Actor-jump-17 dur 1.26667
 11.384                       }
 11.384                       *Func-loop-112
 11.384                     }
  4.500                     Sequence-142 {
  4.500                       Wait dur 2.7
  7.200                       *Func-__doDamage-111
  7.200                     }
  4.500                     Sequence-140 {
  4.500                     }
  4.500                     Sequence-143 {
  4.500                       Wait dur 2.7
  7.200                       *Sound-10 dur 0.572
  7.772                     }
 11.384                   }
 11.384                 }
 11.384               }
 11.384             }
 11.384             *Func-setNeutralAnimation-149
 11.384             Parallel-172 {
 11.384               Sequence-173 {
 11.384                 *Func-headsUp-147
 11.384                 *Func-loop-148
 11.384               }
 11.384             }
 11.384           }
 11.384         }
 11.384       }
 11.384       *Func-__handleMovieDone-157
 11.384     }
 11.384   }
  0.000   Sequence-181 {
  0.000     Sequence-108 {
  0.000       toon-attacks-cam {
  0.000         Sequence-125 {
  0.000           toonGroupShot {
  0.000             *Func-setPosHpr-94
  0.000             Wait
  0.000           }
  0.000           allGroupLowShot {
  0.000             *Func-setPosHpr-95
  0.000             Wait dur 3
  3.000           }
  3.000           allGroupLowShot {
  3.000             *Func-setPosHpr-96
  3.000             Wait dur 1
  4.000           }
  4.000           toonGroupShot {
  4.000             *Func-setPosHpr-97
  4.000             Wait
  4.000           }
  4.000         }
  4.000       }
  4.000       suit-attacks-cam {
  4.000         Sequence-180 {
  4.000           Sequence-179 {
  4.000             Wait dur 0.5
  4.500             *Func-unlureSuit-156
  4.500           }
  4.500           Parallel-171 {
  4.500             Sequence-148 {
  4.500               Sequence-167 {
  4.500                 Sequence-165 {
  4.500                   *Func-setPos-139
  4.500                   *Func-lookAt-140
  4.500                   Wait dur 2.5
  7.000                 }
  7.000                 Sequence-166 {
  7.000                   *Func-setPos-141
  7.000                   *Func-lookAt-142
  7.000                   Wait dur 4.384
 11.384                 }
 11.384               }
 11.384             }
  4.500             Sequence-170 {
  4.500               LerpColorScaleInterval-353: color_scale to 1 0 0 1 dur 0
  4.500               *Func-hide-143
  4.500               *Func-setScale-144
  4.500               LerpScaleInterval-354: scale to 0 0 0 dur 0
  4.500               LerpPosInterval-355: pos to 0 0 0.42 dur 0
  4.500               *Func-setText-145
  4.500               *Func-show-146
  4.500               Wait dur 0.5
  5.000               Parallel-168 {
  5.000                 LerpScaleInterval-356: scale to 1.2 1.2 1.2 dur 0.25
  5.000                 LerpPosInterval-357: pos to 0 0 -0.075 dur 0.25
  5.250               }
  5.250               Parallel-169 {
  5.250                 LerpScaleInterval-358: scale to 1.1 1.1 1.1 dur 0.25
  5.250                 LerpPosInterval-359: pos to 0 0 -0.04 dur 0.25
  5.500               }
  5.500               Wait dur 2
  7.500               LerpColorScaleInterval-360: color_scale to 0 0 0 0 dur 0.25
  7.750             }
 11.384           }
 11.384         }
 11.384       }
 11.384     }
 11.384   }
 11.384 }

Traceback (most recent call last):
  File "D:\!-ARISTOTOWN ALTIS EDITION-!\Project-Altis-master\dependencies\panda\direct\showbase\ShowBase.py", line 1963, in __ivalLoop
    IntervalManager.ivalMgr.step()
  File "D:\!-ARISTOTOWN ALTIS EDITION-!\Project-Altis-master\dependencies\panda\direct\interval\IntervalManager.py", line 95, in step
    self.__doPythonCallbacks()
  File "D:\!-ARISTOTOWN ALTIS EDITION-!\Project-Altis-master\dependencies\panda\direct\interval\IntervalManager.py", line 123, in __doPythonCallbacks
    self.ivals[index].privPostEvent()
  File "D:\!-ARISTOTOWN ALTIS EDITION-!\Project-Altis-master\dependencies\panda\direct\interval\MetaInterval.py", line 520, in privPostEvent
    self.__doPythonCallbacks()
  File "D:\!-ARISTOTOWN ALTIS EDITION-!\Project-Altis-master\dependencies\panda\direct\interval\MetaInterval.py", line 496, in __doPythonCallbacks
    ival.privDoEvent(t, eventType)
  File "D:\!-ARISTOTOWN ALTIS EDITION-!\Project-Altis-master\dependencies\panda\direct\interval\Interval.py", line 210, in privDoEvent
    self.privInstant()
  File "D:\!-ARISTOTOWN ALTIS EDITION-!\Project-Altis-master\dependencies\panda\direct\interval\FunctionInterval.py", line 91, in privInstant
    self.function(*self.extraArgs, **self.kw)
  File "toontown\battle\MovieUtil.py", line 114, in showProps
    for prop in props:
TypeError: 'Actor' object is not iterable
Traceback (most recent call last):
  File "otp\otpbase\OTPBase.py", line 235, in run
    taskMgr.run()
  File "D:\!-ARISTOTOWN ALTIS EDITION-!\Project-Altis-master\dependencies\panda\direct\task\Task.py", line 538, in run
    self.step()
  File "D:\!-ARISTOTOWN ALTIS EDITION-!\Project-Altis-master\dependencies\panda\direct\task\Task.py", line 492, in step
    self.mgr.poll()
  File "D:\!-ARISTOTOWN ALTIS EDITION-!\Project-Altis-master\dependencies\panda\direct\showbase\ShowBase.py", line 1963, in __ivalLoop
    IntervalManager.ivalMgr.step()
  File "D:\!-ARISTOTOWN ALTIS EDITION-!\Project-Altis-master\dependencies\panda\direct\interval\IntervalManager.py", line 95, in step
    self.__doPythonCallbacks()
  File "D:\!-ARISTOTOWN ALTIS EDITION-!\Project-Altis-master\dependencies\panda\direct\interval\IntervalManager.py", line 123, in __doPythonCallbacks
    self.ivals[index].privPostEvent()
  File "D:\!-ARISTOTOWN ALTIS EDITION-!\Project-Altis-master\dependencies\panda\direct\interval\MetaInterval.py", line 520, in privPostEvent
    self.__doPythonCallbacks()
  File "D:\!-ARISTOTOWN ALTIS EDITION-!\Project-Altis-master\dependencies\panda\direct\interval\MetaInterval.py", line 496, in __doPythonCallbacks
    ival.privDoEvent(t, eventType)
  File "D:\!-ARISTOTOWN ALTIS EDITION-!\Project-Altis-master\dependencies\panda\direct\interval\Interval.py", line 210, in privDoEvent
    self.privInstant()
  File "D:\!-ARISTOTOWN ALTIS EDITION-!\Project-Altis-master\dependencies\panda\direct\interval\FunctionInterval.py", line 91, in privInstant
    self.function(*self.extraArgs, **self.kw)
  File "toontown\battle\MovieUtil.py", line 114, in showProps
    for prop in props:
TypeError: 'Actor' object is not iterable
