TTLocalizer: Running in language: english
from toontown.toonbase.TTLocalizerEnglish import *
OTPLocalizer: Running in language: english
from otp.otpbase.OTPLocalizerEnglish import *
AppRunner has been removed and AppRunnerGlobal has been deprecated
Preloading suits...
Preloading Toon heads...
Preloading Toon heads...
Preloading avatars...
{402000001: <toontown.distributed.ToontownDistrict.ToontownDistrict instance at 0x0000000026085F08>}
__handleAvatarChooserDone: 100000090, 'TRAP BUNNY', ('rsl', 'md', 'l', 'f', (0.726562, 0.472656, 0.859375, 1.0), (1.0, 1.0, 1.0, 1.0), (0.726562, 0.472656, 0.859375, 1.0), (0.726562, 0.472656, 0.859375, 1.0), 22, 7, 0, 7, 4, 1), 4
NodePath.iPosHpr() is deprecated.
NodePath.iPosHpr() is deprecated.
0
Reading DNA file... phase_4/dna/storage.pdna
Reading DNA file... phase_3.5/dna/storage_interior.pdna
Reading DNA file... phase_8/dna/storage_DG.pdna
Reading DNA file... phase_8/dna/storage_DG_sz.pdna
Reading DNA file... phase_8/dna/daisys_garden_sz.pdna
DNALandmarkBuilding sb2:toon_landmark_hqDG_DNARoot did not find **/*suit_building_origin
DNALandmarkBuilding sb3:toon_landmark_DG_clothes_shop_DNARoot did not find **/*suit_building_origin
NodePath.iPosHpr() is deprecated.
NodePath.iPosHpr() is deprecated.
NodePath.iPosHpr() is deprecated.
NodePath.iPosHpr() is deprecated.
NodePath.iPosHpr() is deprecated.
NodePath.iPosHpr() is deprecated.
NodePath.iPosHpr() is deprecated.
NodePath.iPosHpr() is deprecated.
NodePath.iPosHpr() is deprecated.
Reading DNA file... phase_5/dna/storage_town.pdna
Reading DNA file... phase_8/dna/storage_DG_town.pdna
Reading DNA file... phase_8/dna/daisys_garden_5100.pdna
DNALandmarkBuilding sb27:toon_landmark_hqDG_DNARoot did not find **/*suit_building_origin
Battle Event localtoon-battle-event-3
Reading DNA file... phase_8/dna/storage_DG_sz.pdna
Reading DNA file... phase_8/dna/daisys_garden_sz.pdna
DNALandmarkBuilding sb2:toon_landmark_hqDG_DNARoot did not find **/*suit_building_origin
DNALandmarkBuilding sb3:toon_landmark_DG_clothes_shop_DNARoot did not find **/*suit_building_origin
NodePath.iPosHpr() is deprecated.
NodePath.iPosHpr() is deprecated.
NodePath.iPosHpr() is deprecated.
NodePath.iPosHpr() is deprecated.
NodePath.iPosHpr() is deprecated.
NodePath.iPosHpr() is deprecated.
NodePath.iPosHpr() is deprecated.
NodePath.iPosHpr() is deprecated.
NodePath.iPosHpr() is deprecated.
OnscreenText.configure: mayChange == 0
OnscreenText.configure: mayChange == 0
OnscreenText.configure: mayChange == 0
OnscreenText.configure: mayChange == 0
Reading DNA file... phase_4/dna/storage.pdna
Reading DNA file... phase_3.5/dna/storage_interior.pdna
Battle Event localtoon-battle-event-9
Reading DNA file... phase_4/dna/storage.pdna
Reading DNA file... phase_3.5/dna/storage_interior.pdna
Reading DNA file... phase_8/dna/storage_DG.pdna
Reading DNA file... phase_8/dna/storage_DG_sz.pdna
Reading DNA file... phase_8/dna/daisys_garden_sz.pdna
DNALandmarkBuilding sb2:toon_landmark_hqDG_DNARoot did not find **/*suit_building_origin
DNALandmarkBuilding sb3:toon_landmark_DG_clothes_shop_DNARoot did not find **/*suit_building_origin
NodePath.iPosHpr() is deprecated.
NodePath.iPosHpr() is deprecated.
NodePath.iPosHpr() is deprecated.
NodePath.iPosHpr() is deprecated.
NodePath.iPosHpr() is deprecated.
NodePath.iPosHpr() is deprecated.
NodePath.iPosHpr() is deprecated.
NodePath.iPosHpr() is deprecated.
NodePath.iPosHpr() is deprecated.
Reading DNA file... phase_5/dna/storage_town.pdna
Reading DNA file... phase_8/dna/storage_DG_town.pdna
Reading DNA file... phase_8/dna/daisys_garden_5300.pdna
DNALandmarkBuilding sb2:toon_landmark_hqDG_DNARoot did not find **/*suit_building_origin
frame rate: 126.7 fps|0.017d|76 avs||315|315||0x0000|0x0000|1104.0MB|2410.7MB|32717.5MB|2154|nt.2.6.2|3.593,3.593|8,16 cpus|OpenGL
Battle Event localtoon-battle-event-15
### newVec3 = LVector3f(0, 0, 1.5)
### newVec3 = LVector3f(0, 0, 0)
### newVec3 = LVector3f(0, 0, 0.375)
### newVec3 = LVector3f(0, 0, 0)
Reading DNA file... phase_8/dna/storage_DG_sz.pdna
Reading DNA file... phase_8/dna/daisys_garden_sz.pdna
DNALandmarkBuilding sb2:toon_landmark_hqDG_DNARoot did not find **/*suit_building_origin
DNALandmarkBuilding sb3:toon_landmark_DG_clothes_shop_DNARoot did not find **/*suit_building_origin
NodePath.iPosHpr() is deprecated.
NodePath.iPosHpr() is deprecated.
NodePath.iPosHpr() is deprecated.
NodePath.iPosHpr() is deprecated.
NodePath.iPosHpr() is deprecated.
NodePath.iPosHpr() is deprecated.
NodePath.iPosHpr() is deprecated.
NodePath.iPosHpr() is deprecated.
NodePath.iPosHpr() is deprecated.
frame rate: 89.4 fps|0.014d|94 avs||615|615||0x0000|0x0000|1066.9MB|2355.8MB|32717.5MB|2204|nt.2.6.2|3.593,3.593|8,16 cpus|OpenGL
frame rate: 115.5 fps|0.001d|95 avs||915|915||0x0000|0x0000|1072.3MB|2361.2MB|32717.5MB|2205|nt.2.6.2|3.593,3.593|8,16 cpus|OpenGL
frame rate: 111.4 fps|0.001d|97 avs||1215|1215||0x0000|0x0000|1082.6MB|2371.4MB|32717.5MB|2208|nt.2.6.2|3.593,3.593|8,16 cpus|OpenGL
frame rate: 111.1 fps|0.001d|99 avs||1515|1515||0x0000|0x0000|1092.7MB|2381.6MB|32717.5MB|2210|nt.2.6.2|3.593,3.593|8,16 cpus|OpenGL
frame rate: 108.4 fps|0.004d|99 avs||1815|1815||0x0000|0x0000|1102.7MB|2391.5MB|32717.5MB|2213|nt.2.6.2|3.593,3.593|8,16 cpus|OpenGL
