TTLocalizer: Running in language: english
from toontown.toonbase.TTLocalizerEnglish import *
OTPLocalizer: Running in language: english
from otp.otpbase.OTPLocalizerEnglish import *
AppRunner has been removed and AppRunnerGlobal has been deprecated
Preloading suits...
Preloading Toon heads...
Preloading Toon heads...
Preloading avatars...
{402000001: <toontown.distributed.ToontownDistrict.ToontownDistrict instance at 0x0000000026F00AC8>}
__handleAvatarChooserDone: 100000090, 'TRAP BUNNY', ('rsl', 'md', 'l', 'f', (0.726562, 0.472656, 0.859375, 1.0), (1.0, 1.0, 1.0, 1.0), (0.726562, 0.472656, 0.859375, 1.0), (0.726562, 0.472656, 0.859375, 1.0), 22, 7, 0, 7, 4, 1), 4
NodePath.iPosHpr() is deprecated.
NodePath.iPosHpr() is deprecated.
0
Reading DNA file... phase_4/dna/storage.pdna
Reading DNA file... phase_3.5/dna/storage_interior.pdna
Battle Event localtoon-battle-event-3
Exception occurred while processing Func-showProp-223 of movie-track-with-cam-402016155:
movie-track-with-cam-402016155:
  0.000 movie-track-with-cam-402016155 {
  0.000   movie-track-402016155 {
  0.000     Sequence-148 {
  0.000       toon-attacks {
  0.000         Sequence-154 {
  0.000           Parallel-169 {
  0.000             Sequence-155 {
  0.000               *Func-showProps-220
  0.000               *Actor-pushbutton-24 dur 4
  4.000               *Func-removeProps-221
  4.000               *Func-loop-222
  4.000               Wait dur 2
  6.000             }
  0.000             Parallel-163 {
  0.000               Sequence-157 {
  0.000                 *Func-showProp-223
  0.000                 *Actor-cannon-25 dur 1
  1.000                 *Func-removeProp-224
  1.000                 *Func-showProp-225
  1.000                 *Actor-cannon2-26 dur 3.20833
  4.208                 *Func-removeProp-226
  4.208               }
  0.000               Sequence-162 {
  0.000                 Sequence-159 {
  0.000                   Wait dur 0.01
  0.010                   *Sound-24 dur 1.88
  1.890                 }
  1.890                 Sequence-160 {
  1.890                   Wait dur 0.01
  1.900                   *Sound-25 dur 1.227
  3.127                 }
  3.127                 Sequence-161 {
  3.127                   Wait dur 0.01
  3.137                   *Sound-26 dur 1.562
  4.699                 }
  4.699               }
  0.000               Sequence-156 {
  0.000                 Wait dur 5
  5.000                 *Func-__healToon-219
  5.000               }
  5.000             }
  6.000           }
  6.000         }
  6.000       }
  6.000       suit-attacks {
  6.000         Sequence-289 {
  6.000           *Func-makeUnLured-595
  6.000           Parallel-288 {
  6.000             *Func-unlureSuit-597
  6.000             Parallel-286 {
  6.000               *Func-setChatAbsolute-596
  6.000             }
  6.000             Sequence-287 {
  6.000               *Func-setHpr-598
  6.000               *Actor-walk-34 dur 0.5
  6.500               *Func-loop-599
  6.500             }
  6.000             LerpPosInterval-619: pos to 5 6 0 dur 0.5
  6.500           }
  6.500           Sequence-285 {
  6.500             *Func-makeUnLured-595
  6.500             *Func-setNeutralAnimation-594
  6.500             Parallel-257 {
  6.500               Sequence-175 {
  6.500                 Wait
  6.500                 *Func-setChatAbsolute-233
  6.500                 *Actor-effort-29 dur 4.56667
 11.067                 *Func-setNeutralAnimation-234
 11.067               }
  6.500               Parallel-176 {
  6.500                 Sequence-177 {
  6.500                   Wait dur 4
 10.500                   *Func-reparentTo-235
 10.500                   *Func-setPos-236
 10.500                   *Func-lookAt-237
 10.500                   *Func-setScale-238
 10.500                   LerpPosInterval-527: pos to -1 -6 -2 dur 0.2
 10.700                   *Func-removeProp-239
 10.700                 }
  6.500                 Sequence-178 {
  6.500                   Wait dur 4.05
 10.550                   *Func-reparentTo-240
 10.550                   *Func-setPos-241
 10.550                   *Func-lookAt-242
 10.550                   *Func-setScale-243
 10.550                   LerpPosInterval-528: pos to -2 -6 -2 dur 0.2
 10.750                   *Func-removeProp-244
 10.750                 }
  6.500                 Sequence-179 {
  6.500                   Wait dur 4.1
 10.600                   *Func-reparentTo-245
 10.600                   *Func-setPos-246
 10.600                   *Func-lookAt-247
 10.600                   *Func-setScale-248
 10.600                   LerpPosInterval-529: pos to -8 -5 -2 dur 0.2
 10.800                   *Func-removeProp-249
 10.800                 }
  6.500                 Sequence-180 {
  6.500                   Wait dur 4.15
 10.650                   *Func-reparentTo-250
 10.650                   *Func-setPos-251
 10.650                   *Func-lookAt-252
 10.650                   *Func-setScale-253
 10.650                   LerpPosInterval-530: pos to 6 -6 -2 dur 0.2
 10.850                   *Func-removeProp-254
 10.850                 }
  6.500                 Sequence-181 {
  6.500                   Wait dur 4.2
 10.700                   *Func-reparentTo-255
 10.700                   *Func-setPos-256
 10.700                   *Func-lookAt-257
 10.700                   *Func-setScale-258
 10.700                   LerpPosInterval-531: pos to -2 -6 -2 dur 0.2
 10.900                   *Func-removeProp-259
 10.900                 }
  6.500                 Sequence-182 {
  6.500                   Wait dur 4.25
 10.750                   *Func-reparentTo-260
 10.750                   *Func-setPos-261
 10.750                   *Func-lookAt-262
 10.750                   *Func-setScale-263
 10.750                   LerpPosInterval-532: pos to 4 -6 -2 dur 0.2
 10.950                   *Func-removeProp-264
 10.950                 }
  6.500                 Sequence-183 {
  6.500                   Wait dur 4.3
 10.800                   *Func-reparentTo-265
 10.800                   *Func-setPos-266
 10.800                   *Func-lookAt-267
 10.800                   *Func-setScale-268
 10.800                   LerpPosInterval-533: pos to 5 -5 -2 dur 0.2
 11.000                   *Func-removeProp-269
 11.000                 }
  6.500                 Sequence-184 {
  6.500                   Wait dur 4.35
 10.850                   *Func-reparentTo-270
 10.850                   *Func-setPos-271
 10.850                   *Func-lookAt-272
 10.850                   *Func-setScale-273
 10.850                   LerpPosInterval-534: pos to -4 -5 -2 dur 0.2
 11.050                   *Func-removeProp-274
 11.050                 }
  6.500                 Sequence-185 {
  6.500                   Wait dur 4.4
 10.900                   *Func-reparentTo-275
 10.900                   *Func-setPos-276
 10.900                   *Func-lookAt-277
 10.900                   *Func-setScale-278
 10.900                   LerpPosInterval-535: pos to -2 -6 -2 dur 0.2
 11.100                   *Func-removeProp-279
 11.100                 }
  6.500                 Sequence-186 {
  6.500                   Wait dur 4.45
 10.950                   *Func-reparentTo-280
 10.950                   *Func-setPos-281
 10.950                   *Func-lookAt-282
 10.950                   *Func-setScale-283
 10.950                   LerpPosInterval-536: pos to -8 -5 -2 dur 0.2
 11.150                   *Func-removeProp-284
 11.150                 }
  6.500                 Sequence-187 {
  6.500                   Wait dur 4.5
 11.000                   *Func-reparentTo-285
 11.000                   *Func-setPos-286
 11.000                   *Func-lookAt-287
 11.000                   *Func-setScale-288
 11.000                   LerpPosInterval-537: pos to -4 -6 -2 dur 0.2
 11.200                   *Func-removeProp-289
 11.200                 }
  6.500                 Sequence-188 {
  6.500                   Wait dur 4.55
 11.050                   *Func-reparentTo-290
 11.050                   *Func-setPos-291
 11.050                   *Func-lookAt-292
 11.050                   *Func-setScale-293
 11.050                   LerpPosInterval-538: pos to 5 -6 -2 dur 0.2
 11.250                   *Func-removeProp-294
 11.250                 }
  6.500                 Sequence-189 {
  6.500                   Wait dur 4.6
 11.100                   *Func-reparentTo-295
 11.100                   *Func-setPos-296
 11.100                   *Func-lookAt-297
 11.100                   *Func-setScale-298
 11.100                   LerpPosInterval-539: pos to -2 -5 -2 dur 0.2
 11.300                   *Func-removeProp-299
 11.300                 }
  6.500                 Sequence-190 {
  6.500                   Wait dur 4.65
 11.150                   *Func-reparentTo-300
 11.150                   *Func-setPos-301
 11.150                   *Func-lookAt-302
 11.150                   *Func-setScale-303
 11.150                   LerpPosInterval-540: pos to 0 -6 -2 dur 0.2
 11.350                   *Func-removeProp-304
 11.350                 }
  6.500                 Sequence-191 {
  6.500                   Wait dur 4.7
 11.200                   *Func-reparentTo-305
 11.200                   *Func-setPos-306
 11.200                   *Func-lookAt-307
 11.200                   *Func-setScale-308
 11.200                   LerpPosInterval-541: pos to -9 -5 -2 dur 0.2
 11.400                   *Func-removeProp-309
 11.400                 }
  6.500                 Sequence-192 {
  6.500                   Wait dur 4.75
 11.250                   *Func-reparentTo-310
 11.250                   *Func-setPos-311
 11.250                   *Func-lookAt-312
 11.250                   *Func-setScale-313
 11.250                   LerpPosInterval-542: pos to -6 -6 -2 dur 0.2
 11.450                   *Func-removeProp-314
 11.450                 }
  6.500                 Sequence-193 {
  6.500                   Wait dur 4.8
 11.300                   *Func-reparentTo-315
 11.300                   *Func-setPos-316
 11.300                   *Func-lookAt-317
 11.300                   *Func-setScale-318
 11.300                   LerpPosInterval-543: pos to 1 -6 -2 dur 0.2
 11.500                   *Func-removeProp-319
 11.500                 }
  6.500                 Sequence-194 {
  6.500                   Wait dur 4.85
 11.350                   *Func-reparentTo-320
 11.350                   *Func-setPos-321
 11.350                   *Func-lookAt-322
 11.350                   *Func-setScale-323
 11.350                   LerpPosInterval-544: pos to -9 -5 -2 dur 0.2
 11.550                   *Func-removeProp-324
 11.550                 }
  6.500                 Sequence-195 {
  6.500                   Wait dur 4.9
 11.400                   *Func-reparentTo-325
 11.400                   *Func-setPos-326
 11.400                   *Func-lookAt-327
 11.400                   *Func-setScale-328
 11.400                   LerpPosInterval-545: pos to 6 -6 -2 dur 0.2
 11.600                   *Func-removeProp-329
 11.600                 }
  6.500                 Sequence-196 {
  6.500                   Wait dur 4.95
 11.450                   *Func-reparentTo-330
 11.450                   *Func-setPos-331
 11.450                   *Func-lookAt-332
 11.450                   *Func-setScale-333
 11.450                   LerpPosInterval-546: pos to -10 -6 -2 dur 0.2
 11.650                   *Func-removeProp-334
 11.650                 }
  6.500                 Sequence-197 {
  6.500                   Wait dur 5
 11.500                   *Func-reparentTo-335
 11.500                   *Func-setPos-336
 11.500                   *Func-lookAt-337
 11.500                   *Func-setScale-338
 11.500                   LerpPosInterval-547: pos to -9 -6 -2 dur 0.2
 11.700                   *Func-removeProp-339
 11.700                 }
  6.500                 Sequence-198 {
  6.500                   Wait dur 5.05
 11.550                   *Func-reparentTo-340
 11.550                   *Func-setPos-341
 11.550                   *Func-lookAt-342
 11.550                   *Func-setScale-343
 11.550                   LerpPosInterval-548: pos to -8 -5 -2 dur 0.2
 11.750                   *Func-removeProp-344
 11.750                 }
  6.500                 Sequence-199 {
  6.500                   Wait dur 5.1
 11.600                   *Func-reparentTo-345
 11.600                   *Func-setPos-346
 11.600                   *Func-lookAt-347
 11.600                   *Func-setScale-348
 11.600                   LerpPosInterval-549: pos to -5 -5 -2 dur 0.2
 11.800                   *Func-removeProp-349
 11.800                 }
  6.500                 Sequence-200 {
  6.500                   Wait dur 5.15
 11.650                   *Func-reparentTo-350
 11.650                   *Func-setPos-351
 11.650                   *Func-lookAt-352
 11.650                   *Func-setScale-353
 11.650                   LerpPosInterval-550: pos to -10 -6 -2 dur 0.2
 11.850                   *Func-removeProp-354
 11.850                 }
  6.500                 Sequence-201 {
  6.500                   Wait dur 5.2
 11.700                   *Func-reparentTo-355
 11.700                   *Func-setPos-356
 11.700                   *Func-lookAt-357
 11.700                   *Func-setScale-358
 11.700                   LerpPosInterval-551: pos to -9 -6 -2 dur 0.2
 11.900                   *Func-removeProp-359
 11.900                 }
  6.500                 Sequence-202 {
  6.500                   Wait dur 5.25
 11.750                   *Func-reparentTo-360
 11.750                   *Func-setPos-361
 11.750                   *Func-lookAt-362
 11.750                   *Func-setScale-363
 11.750                   LerpPosInterval-552: pos to 4 -6 -2 dur 0.2
 11.950                   *Func-removeProp-364
 11.950                 }
  6.500                 Sequence-203 {
  6.500                   Wait dur 5.3
 11.800                   *Func-reparentTo-365
 11.800                   *Func-setPos-366
 11.800                   *Func-lookAt-367
 11.800                   *Func-setScale-368
 11.800                   LerpPosInterval-553: pos to -5 -6 -2 dur 0.2
 12.000                   *Func-removeProp-369
 12.000                 }
  6.500                 Sequence-204 {
  6.500                   Wait dur 5.35
 11.850                   *Func-reparentTo-370
 11.850                   *Func-setPos-371
 11.850                   *Func-lookAt-372
 11.850                   *Func-setScale-373
 11.850                   LerpPosInterval-554: pos to 6 -6 -2 dur 0.2
 12.050                   *Func-removeProp-374
 12.050                 }
  6.500                 Sequence-205 {
  6.500                   Wait dur 5.4
 11.900                   *Func-reparentTo-375
 11.900                   *Func-setPos-376
 11.900                   *Func-lookAt-377
 11.900                   *Func-setScale-378
 11.900                   LerpPosInterval-555: pos to 5 -6 -2 dur 0.2
 12.100                   *Func-removeProp-379
 12.100                 }
  6.500                 Sequence-206 {
  6.500                   Wait dur 5.45
 11.950                   *Func-reparentTo-380
 11.950                   *Func-setPos-381
 11.950                   *Func-lookAt-382
 11.950                   *Func-setScale-383
 11.950                   LerpPosInterval-556: pos to 2 -6 -2 dur 0.2
 12.150                   *Func-removeProp-384
 12.150                 }
  6.500                 Sequence-207 {
  6.500                   Wait dur 5.5
 12.000                   *Func-reparentTo-385
 12.000                   *Func-setPos-386
 12.000                   *Func-lookAt-387
 12.000                   *Func-setScale-388
 12.000                   LerpPosInterval-557: pos to 1 -6 -2 dur 0.2
 12.200                   *Func-removeProp-389
 12.200                 }
  6.500                 Sequence-208 {
  6.500                   Wait dur 5.55
 12.050                   *Func-reparentTo-390
 12.050                   *Func-setPos-391
 12.050                   *Func-lookAt-392
 12.050                   *Func-setScale-393
 12.050                   LerpPosInterval-558: pos to -6 -6 -2 dur 0.2
 12.250                   *Func-removeProp-394
 12.250                 }
  6.500                 Sequence-209 {
  6.500                   Wait dur 5.6
 12.100                   *Func-reparentTo-395
 12.100                   *Func-setPos-396
 12.100                   *Func-lookAt-397
 12.100                   *Func-setScale-398
 12.100                   LerpPosInterval-559: pos to 4 -6 -2 dur 0.2
 12.300                   *Func-removeProp-399
 12.300                 }
  6.500                 Sequence-210 {
  6.500                   Wait dur 5.65
 12.150                   *Func-reparentTo-400
 12.150                   *Func-setPos-401
 12.150                   *Func-lookAt-402
 12.150                   *Func-setScale-403
 12.150                   LerpPosInterval-560: pos to -6 -6 -2 dur 0.2
 12.350                   *Func-removeProp-404
 12.350                 }
  6.500                 Sequence-211 {
  6.500                   Wait dur 5.7
 12.200                   *Func-reparentTo-405
 12.200                   *Func-setPos-406
 12.200                   *Func-lookAt-407
 12.200                   *Func-setScale-408
 12.200                   LerpPosInterval-561: pos to 1 -5 -2 dur 0.2
 12.400                   *Func-removeProp-409
 12.400                 }
  6.500                 Sequence-212 {
  6.500                   Wait dur 5.75
 12.250                   *Func-reparentTo-410
 12.250                   *Func-setPos-411
 12.250                   *Func-lookAt-412
 12.250                   *Func-setScale-413
 12.250                   LerpPosInterval-562: pos to 5 -6 -2 dur 0.2
 12.450                   *Func-removeProp-414
 12.450                 }
  6.500                 Sequence-213 {
  6.500                   Wait dur 5.8
 12.300                   *Func-reparentTo-415
 12.300                   *Func-setPos-416
 12.300                   *Func-lookAt-417
 12.300                   *Func-setScale-418
 12.300                   LerpPosInterval-563: pos to -6 -5 -2 dur 0.2
 12.500                   *Func-removeProp-419
 12.500                 }
  6.500                 Sequence-214 {
  6.500                   Wait dur 5.85
 12.350                   *Func-reparentTo-420
 12.350                   *Func-setPos-421
 12.350                   *Func-lookAt-422
 12.350                   *Func-setScale-423
 12.350                   LerpPosInterval-564: pos to 2 -5 -2 dur 0.2
 12.550                   *Func-removeProp-424
 12.550                 }
  6.500                 Sequence-215 {
  6.500                   Wait dur 5.9
 12.400                   *Func-reparentTo-425
 12.400                   *Func-setPos-426
 12.400                   *Func-lookAt-427
 12.400                   *Func-setScale-428
 12.400                   LerpPosInterval-565: pos to 2 -5 -2 dur 0.2
 12.600                   *Func-removeProp-429
 12.600                 }
  6.500                 Sequence-216 {
  6.500                   Wait dur 5.95
 12.450                   *Func-reparentTo-430
 12.450                   *Func-setPos-431
 12.450                   *Func-lookAt-432
 12.450                   *Func-setScale-433
 12.450                   LerpPosInterval-566: pos to -7 -6 -2 dur 0.2
 12.650                   *Func-removeProp-434
 12.650                 }
  6.500                 Sequence-217 {
  6.500                   Wait dur 6
 12.500                   *Func-reparentTo-435
 12.500                   *Func-setPos-436
 12.500                   *Func-lookAt-437
 12.500                   *Func-setScale-438
 12.500                   LerpPosInterval-567: pos to -4 -5 -2 dur 0.2
 12.700                   *Func-removeProp-439
 12.700                 }
  6.500                 Sequence-218 {
  6.500                   Wait dur 6.05
 12.550                   *Func-reparentTo-440
 12.550                   *Func-setPos-441
 12.550                   *Func-lookAt-442
 12.550                   *Func-setScale-443
 12.550                   LerpPosInterval-568: pos to 2 -5 -2 dur 0.2
 12.750                   *Func-removeProp-444
 12.750                 }
  6.500                 Sequence-219 {
  6.500                   Wait dur 6.1
 12.600                   *Func-reparentTo-445
 12.600                   *Func-setPos-446
 12.600                   *Func-lookAt-447
 12.600                   *Func-setScale-448
 12.600                   LerpPosInterval-569: pos to 0 -6 -2 dur 0.2
 12.800                   *Func-removeProp-449
 12.800                 }
  6.500                 Sequence-220 {
  6.500                   Wait dur 6.15
 12.650                   *Func-reparentTo-450
 12.650                   *Func-setPos-451
 12.650                   *Func-lookAt-452
 12.650                   *Func-setScale-453
 12.650                   LerpPosInterval-570: pos to -6 -6 -2 dur 0.2
 12.850                   *Func-removeProp-454
 12.850                 }
  6.500                 Sequence-221 {
  6.500                   Wait dur 6.2
 12.700                   *Func-reparentTo-455
 12.700                   *Func-setPos-456
 12.700                   *Func-lookAt-457
 12.700                   *Func-setScale-458
 12.700                   LerpPosInterval-571: pos to 2 -5 -2 dur 0.2
 12.900                   *Func-removeProp-459
 12.900                 }
  6.500                 Sequence-222 {
  6.500                   Wait dur 6.25
 12.750                   *Func-reparentTo-460
 12.750                   *Func-setPos-461
 12.750                   *Func-lookAt-462
 12.750                   *Func-setScale-463
 12.750                   LerpPosInterval-572: pos to 2 -6 -2 dur 0.2
 12.950                   *Func-removeProp-464
 12.950                 }
  6.500                 Sequence-223 {
  6.500                   Wait dur 6.3
 12.800                   *Func-reparentTo-465
 12.800                   *Func-setPos-466
 12.800                   *Func-lookAt-467
 12.800                   *Func-setScale-468
 12.800                   LerpPosInterval-573: pos to 4 -6 -2 dur 0.2
 13.000                   *Func-removeProp-469
 13.000                 }
  6.500                 Sequence-224 {
  6.500                   Wait dur 6.35
 12.850                   *Func-reparentTo-470
 12.850                   *Func-setPos-471
 12.850                   *Func-lookAt-472
 12.850                   *Func-setScale-473
 12.850                   LerpPosInterval-574: pos to 2 -5 -2 dur 0.2
 13.050                   *Func-removeProp-474
 13.050                 }
  6.500                 Sequence-225 {
  6.500                   Wait dur 6.4
 12.900                   *Func-reparentTo-475
 12.900                   *Func-setPos-476
 12.900                   *Func-lookAt-477
 12.900                   *Func-setScale-478
 12.900                   LerpPosInterval-575: pos to 5 -5 -2 dur 0.2
 13.100                   *Func-removeProp-479
 13.100                 }
  6.500                 Sequence-226 {
  6.500                   Wait dur 6.45
 12.950                   *Func-reparentTo-480
 12.950                   *Func-setPos-481
 12.950                   *Func-lookAt-482
 12.950                   *Func-setScale-483
 12.950                   LerpPosInterval-576: pos to -6 -6 -2 dur 0.2
 13.150                   *Func-removeProp-484
 13.150                 }
  6.500                 Sequence-227 {
  6.500                   Wait dur 6.5
 13.000                   *Func-reparentTo-485
 13.000                   *Func-setPos-486
 13.000                   *Func-lookAt-487
 13.000                   *Func-setScale-488
 13.000                   LerpPosInterval-577: pos to -8 -5 -2 dur 0.2
 13.200                   *Func-removeProp-489
 13.200                 }
  6.500                 Sequence-228 {
  6.500                   Wait dur 6.55
 13.050                   *Func-reparentTo-490
 13.050                   *Func-setPos-491
 13.050                   *Func-lookAt-492
 13.050                   *Func-setScale-493
 13.050                   LerpPosInterval-578: pos to -7 -6 -2 dur 0.2
 13.250                   *Func-removeProp-494
 13.250                 }
  6.500                 Sequence-229 {
  6.500                   Wait dur 6.6
 13.100                   *Func-reparentTo-495
 13.100                   *Func-setPos-496
 13.100                   *Func-lookAt-497
 13.100                   *Func-setScale-498
 13.100                   LerpPosInterval-579: pos to -10 -5 -2 dur 0.2
 13.300                   *Func-removeProp-499
 13.300                 }
  6.500                 Sequence-230 {
  6.500                   Wait dur 6.65
 13.150                   *Func-reparentTo-500
 13.150                   *Func-setPos-501
 13.150                   *Func-lookAt-502
 13.150                   *Func-setScale-503
 13.150                   LerpPosInterval-580: pos to -8 -5 -2 dur 0.2
 13.350                   *Func-removeProp-504
 13.350                 }
  6.500                 Sequence-231 {
  6.500                   Wait dur 6.7
 13.200                   *Func-reparentTo-505
 13.200                   *Func-setPos-506
 13.200                   *Func-lookAt-507
 13.200                   *Func-setScale-508
 13.200                   LerpPosInterval-581: pos to 5 -6 -2 dur 0.2
 13.400                   *Func-removeProp-509
 13.400                 }
  6.500                 Sequence-232 {
  6.500                   Wait dur 6.75
 13.250                   *Func-reparentTo-510
 13.250                   *Func-setPos-511
 13.250                   *Func-lookAt-512
 13.250                   *Func-setScale-513
 13.250                   LerpPosInterval-582: pos to -7 -6 -2 dur 0.2
 13.450                   *Func-removeProp-514
 13.450                 }
  6.500                 Sequence-233 {
  6.500                   Wait dur 6.8
 13.300                   *Func-reparentTo-515
 13.300                   *Func-setPos-516
 13.300                   *Func-lookAt-517
 13.300                   *Func-setScale-518
 13.300                   LerpPosInterval-583: pos to 1 -5 -2 dur 0.2
 13.500                   *Func-removeProp-519
 13.500                 }
  6.500                 Sequence-234 {
  6.500                   Wait dur 6.85
 13.350                   *Func-reparentTo-520
 13.350                   *Func-setPos-521
 13.350                   *Func-lookAt-522
 13.350                   *Func-setScale-523
 13.350                   LerpPosInterval-584: pos to 4 -6 -2 dur 0.2
 13.550                   *Func-removeProp-524
 13.550                 }
  6.500                 Sequence-235 {
  6.500                   Wait dur 6.9
 13.400                   *Func-reparentTo-525
 13.400                   *Func-setPos-526
 13.400                   *Func-lookAt-527
 13.400                   *Func-setScale-528
 13.400                   LerpPosInterval-585: pos to -5 -6 -2 dur 0.2
 13.600                   *Func-removeProp-529
 13.600                 }
  6.500                 Sequence-236 {
  6.500                   Wait dur 6.95
 13.450                   *Func-reparentTo-530
 13.450                   *Func-setPos-531
 13.450                   *Func-lookAt-532
 13.450                   *Func-setScale-533
 13.450                   LerpPosInterval-586: pos to -5 -5 -2 dur 0.2
 13.650                   *Func-removeProp-534
 13.650                 }
 13.650               }
  6.500               Parallel-239 {
  6.500                 Parallel-246 {
  6.500                   Sequence-240 {
  6.500                     *Func-headsUp-536
  6.500                     *Func-removeInsured-537
  6.500                     Sequence-243 {
  6.500                       Wait dur 3.9
 10.400                       Sequence-244 {
 10.400                         Wait dur 1e-06
 10.400                         *Actor-duck-31 dur 2.95
 13.350                       }
 13.350                       *Func-loop-546
 13.350                     }
 13.350                   }
  6.500                   Sequence-245 {
  6.500                     Wait dur 4.4
 10.900                     *Func-indicateMissed-547
 10.900                   }
 13.350                 }
  6.500                 Sequence-247 {
  6.500                   *Func-headsUp-548
  6.500                   *Func-removeInsured-549
  6.500                   Parallel-255 {
  6.500                     Sequence-250 {
  6.500                       Wait dur 4.11
 10.610                       Sequence-252 {
 10.610                         Wait dur 0.01
 10.620                         *Actor-slip-forward-32 dur 1.2
 11.820                         Wait dur 0.01
 11.830                         *Actor-slip-forward-33 dur 1.29167
 13.122                       }
 13.122                       *Func-loop-559
 13.122                     }
  6.500                     Sequence-253 {
  6.500                       Wait dur 4.12
 10.620                       *Func-__doDamage-558
 10.620                     }
  6.500                     Sequence-251 {
  6.500                     }
  6.500                     Sequence-254 {
  6.500                       Wait dur 4.12
 10.620                       *Sound-31 dur 0.572
 11.192                     }
 13.122                   }
 13.122                 }
 13.350               }
  6.500               Sequence-256 {
  6.500                 Wait dur 4
 10.500                 *Sound-32 dur 3.186
 13.686               }
 13.686             }
 13.686             *Func-setNeutralAnimation-593
 13.686             Parallel-282 {
 13.686               Sequence-283 {
 13.686                 *Func-headsUp-589
 13.686                 *Func-loop-590
 13.686               }
 13.686               Sequence-284 {
 13.686                 *Func-headsUp-591
 13.686                 *Func-loop-592
 13.686               }
 13.686             }
 13.686           }
 13.686         }
 13.686         Sequence-343 {
 13.686           *Func-makeUnLured-675
 13.686           Parallel-342 {
 13.686             *Func-unlureSuit-677
 13.686             Parallel-340 {
 13.686               *Func-setChatAbsolute-676
 13.686             }
 13.686             Sequence-341 {
 13.686               *Func-setHpr-678
 13.686               *Actor-walk-38 dur 0.5
 14.186               *Func-loop-679
 14.186             }
 13.686             LerpPosInterval-654: pos to 0 7 0 dur 0.5
 14.186           }
 14.186           Sequence-339 {
 14.186             *Func-makeUnLured-675
 14.186             *Func-setNeutralAnimation-674
 14.186             Parallel-305 {
 14.186               Sequence-293 {
 14.186                 Sequence-292 {
 14.186                   Wait dur 1e-06
 14.186                   *Func-setChatAbsolute-601
 14.186                   *Func-reparentTrap-602
 14.186                   *Func-headsUp-603
 14.186                   *Actor-cigar-smoke-35 dur 4.22222
 18.408                   *Func-setHpr-604
 18.408                   *Func-setNeutralAnimation-605
 18.408                   *Func-returnTrapToSuit-606
 18.408                 }
 18.408               }
 14.186               Sequence-297 {
 14.186                 *Func-headsUp-610
 14.186                 *Func-removeInsured-611
 14.186                 Parallel-304 {
 14.186                   Sequence-300 {
 14.186                     Wait dur 2.55
 16.736                     *Actor-cringe-37 dur 2.29167
 19.028                     *Func-loop-621
 19.028                   }
 14.186                   Sequence-302 {
 14.186                     Wait dur 2.56
 16.746                     *Func-__doDamage-620
 16.746                   }
 14.186                   Sequence-301 {
 14.186                   }
 14.186                   Sequence-303 {
 14.186                     Wait dur 2.56
 16.746                     *Sound-34 dur 0.572
 17.318                   }
 19.028                 }
 19.028               }
 14.186               Sequence-296 {
 14.186                 Wait dur 0.6
 14.786                 *Func-__showProp-608
 14.786                 LerpScaleInterval-620: scale from 0.01 0.01 0.01 to 7 7 7 dur 0.5
 15.286                 Wait dur 2.6
 17.886                 LerpScaleInterval-621: scale to 0.01 0.01 0.01 dur 0.5
 18.386                 *Func-removeProp-609
 18.386               }
 14.186               Sequence-306 {
 14.186                 Wait dur 2.45
 16.636                 *Particle-1 dur 1.5
 18.136               }
 14.186               Sequence-307 {
 14.186                 Wait dur 2.6
 16.786                 *Func-needRestoreColor-622
 16.786                 Parallel-308 {
 16.786                   *Func-setColorScale-623
 16.786                   *Func-setColorScale-624
 16.786                   *Func-setColorScale-625
 16.786                 }
 16.786                 Parallel-309 {
 16.786                   *Func-setColorScale-626
 16.786                   *Func-setColorScale-627
 16.786                   *Func-setColorScale-628
 16.786                 }
 16.786                 Parallel-310 {
 16.786                   *Func-setColorScale-629
 16.786                   *Func-setColorScale-630
 16.786                   *Func-setColorScale-631
 16.786                 }
 16.786                 Wait dur 2.2
 18.986                 Parallel-311 {
 18.986                   *Func-clearColorScale-632
 18.986                   *Func-clearColorScale-633
 18.986                   *Func-clearColorScale-634
 18.986                 }
 18.986                 Parallel-312 {
 18.986                   *Func-clearColorScale-635
 18.986                   *Func-clearColorScale-636
 18.986                   *Func-clearColorScale-637
 18.986                 }
 18.986                 Parallel-313 {
 18.986                   *Func-clearColorScale-638
 18.986                   *Func-clearColorScale-639
 18.986                   *Func-clearColorScale-640
 18.986                 }
 18.986                 *Func-clearRestoreColor-641
 18.986               }
 19.028             }
 19.028             *Func-setNeutralAnimation-673
 19.028             Sequence-338 {
 19.028               *Func-headsUp-671
 19.028               *Func-loop-672
 19.028             }
 19.028           }
 19.028         }
 19.028         Sequence-409 {
 19.028           *Func-makeUnLured-763
 19.028           Parallel-408 {
 19.028             *Func-unlureSuit-765
 19.028             Parallel-406 {
 19.028               *Func-setChatAbsolute-764
 19.028             }
 19.028             Sequence-407 {
 19.028               *Func-setHpr-766
 19.028               *Actor-walk-42 dur 0.5
 19.528               *Func-loop-767
 19.528             }
 19.028             LerpPosInterval-699: pos to -5 6 0 dur 0.5
 19.528           }
 19.528           Sequence-405 {
 19.528             *Func-makeUnLured-763
 19.528             *Func-setNeutralAnimation-762
 19.528             Parallel-379 {
 19.528               Sequence-346 {
 19.528                 Wait dur 1e-06
 19.528                 *Func-setChatAbsolute-681
 19.528                 *Func-reparentTrap-682
 19.528                 *Func-headsUp-683
 19.528                 *Actor-glower-39 dur 3
 22.528                 *Func-setHpr-684
 22.528                 *Func-setNeutralAnimation-685
 22.528                 *Func-returnTrapToSuit-686
 22.528               }
 19.528               Sequence-369 {
 19.528                 *Func-headsUp-718
 19.528                 *Func-removeInsured-719
 19.528                 Parallel-377 {
 19.528                   Sequence-372 {
 19.528                     Wait dur 1.6
 21.128                     Sequence-374 {
 21.128                       Wait dur 0.01
 21.138                       *Actor-slip-backward-41 dur 2.44167
 23.580                     }
 23.580                     *Func-loop-729
 23.580                   }
 19.528                   Sequence-375 {
 19.528                     Wait dur 1.61
 21.138                     *Func-__doDamage-728
 21.138                   }
 19.528                   Sequence-373 {
 19.528                   }
 19.528                   Sequence-376 {
 19.528                     Wait dur 1.61
 21.138                     *Sound-36 dur 0.572
 21.710                   }
 23.580                 }
 23.580               }
 19.528               Sequence-378 {
 19.528                 Wait dur 1.1
 20.628                 *Sound-37 dur 0.653
 21.281               }
 19.528               Parallel-349 {
 19.528                 Sequence-351 {
 19.528                   Wait dur 1.1
 20.628                   Wait
 20.628                   Sequence-352 {
 20.628                     Wait dur 1e-06
 20.628                     *Func-__showProp-688
 20.628                     LerpScaleInterval-655: scale from 0.01 0.01 0.01 to 0.4 0.4 0.4 dur 0.1
 20.728                   }
 20.728                   Sequence-353 {
 20.728                     *Func-needRestoreRenderProp-689
 20.728                     *Func-wrtReparentTo-690
 20.728                     *LerpPosInterval-656 dur 0.3
 21.028                     *Func-removeProp-691
 21.028                     *Func-clearRenderProp-692
 21.028                   }
 21.028                 }
 19.528                 Sequence-357 {
 19.528                   Wait dur 1.1
 20.628                   Wait dur 0.11
 20.738                   Sequence-358 {
 20.738                     Wait dur 1e-06
 20.738                     *Func-__showProp-698
 20.738                     LerpScaleInterval-659: scale from 0.01 0.01 0.01 to 0.4 0.4 0.4 dur 0.1
 20.838                   }
 20.838                   Sequence-359 {
 20.838                     *Func-needRestoreRenderProp-699
 20.838                     *Func-wrtReparentTo-700
 20.838                     *LerpPosInterval-660 dur 0.3
 21.138                     *Func-removeProp-701
 21.138                     *Func-clearRenderProp-702
 21.138                   }
 21.138                 }
 19.528                 Sequence-363 {
 19.528                   Wait dur 1.1
 20.628                   Wait dur 0.22
 20.848                   Sequence-364 {
 20.848                     Wait dur 1e-06
 20.848                     *Func-__showProp-708
 20.848                     LerpScaleInterval-663: scale from 0.01 0.01 0.01 to 0.4 0.4 0.4 dur 0.1
 20.948                   }
 20.948                   Sequence-365 {
 20.948                     *Func-needRestoreRenderProp-709
 20.948                     *Func-wrtReparentTo-710
 20.948                     *LerpPosInterval-664 dur 0.3
 21.248                     *Func-removeProp-711
 21.248                     *Func-clearRenderProp-712
 21.248                   }
 21.248                 }
 21.248               }
 19.528               Parallel-350 {
 19.528                 Sequence-354 {
 19.528                   Wait dur 1.1
 20.628                   Wait
 20.628                   Sequence-355 {
 20.628                     Wait dur 1e-06
 20.628                     *Func-__showProp-693
 20.628                     LerpScaleInterval-657: scale from 0.01 0.01 0.01 to 0.4 0.4 0.4 dur 0.1
 20.728                   }
 20.728                   Sequence-356 {
 20.728                     *Func-needRestoreRenderProp-694
 20.728                     *Func-wrtReparentTo-695
 20.728                     *LerpPosInterval-658 dur 0.3
 21.028                     *Func-removeProp-696
 21.028                     *Func-clearRenderProp-697
 21.028                   }
 21.028                 }
 19.528                 Sequence-360 {
 19.528                   Wait dur 1.1
 20.628                   Wait dur 0.11
 20.738                   Sequence-361 {
 20.738                     Wait dur 1e-06
 20.738                     *Func-__showProp-703
 20.738                     LerpScaleInterval-661: scale from 0.01 0.01 0.01 to 0.4 0.4 0.4 dur 0.1
 20.838                   }
 20.838                   Sequence-362 {
 20.838                     *Func-needRestoreRenderProp-704
 20.838                     *Func-wrtReparentTo-705
 20.838                     *LerpPosInterval-662 dur 0.3
 21.138                     *Func-removeProp-706
 21.138                     *Func-clearRenderProp-707
 21.138                   }
 21.138                 }
 19.528                 Sequence-366 {
 19.528                   Wait dur 1.1
 20.628                   Wait dur 0.22
 20.848                   Sequence-367 {
 20.848                     Wait dur 1e-06
 20.848                     *Func-__showProp-713
 20.848                     LerpScaleInterval-665: scale from 0.01 0.01 0.01 to 0.4 0.4 0.4 dur 0.1
 20.948                   }
 20.948                   Sequence-368 {
 20.948                     *Func-needRestoreRenderProp-714
 20.948                     *Func-wrtReparentTo-715
 20.948                     *LerpPosInterval-666 dur 0.3
 21.248                     *Func-removeProp-716
 21.248                     *Func-clearRenderProp-717
 21.248                   }
 21.248                 }
 21.248               }
 23.580             }
 23.580             *Func-setNeutralAnimation-761
 23.580             Sequence-404 {
 23.580               *Func-headsUp-759
 23.580               *Func-loop-760
 23.580             }
 23.580           }
 23.580         }
 23.580       }
 23.580       *Func-__handleMovieDone-769
 23.580     }
 23.580   }
  0.000   Sequence-412 {
  0.000     Sequence-149 {
  0.000       toon-attacks-cam {
  0.000         Sequence-170 {
  0.000           toonGroupShot {
  0.000             *Func-setPosHpr-231
  0.000             Wait dur 2.8
  2.800           }
  2.800           toonGroupShot {
  2.800             *Func-setPosHpr-232
  2.800             Wait dur 3.2
  6.000           }
  6.000         }
  6.000       }
  6.000       suit-attacks-cam {
  6.000         Sequence-291 {
  6.000           Sequence-290 {
  6.000             Wait dur 0.5
  6.500             *Func-unlureSuit-600
  6.500           }
  6.500           Parallel-281 {
  6.500             Sequence-258 {
  6.500               Sequence-277 {
  6.500                 Sequence-275 {
  6.500                   *Func-setPos-581
  6.500                   *Func-lookAt-582
  6.500                   Wait dur 2.5
  9.000                 }
  9.000                 Sequence-276 {
  9.000                   *Func-setPos-583
  9.000                   *Func-lookAt-584
  9.000                   Wait dur 4.686
 13.686                 }
 13.686               }
 13.686             }
  6.500             Sequence-280 {
  6.500               LerpColorScaleInterval-611: color_scale to 1 0 0 1 dur 0
  6.500               *Func-hide-585
  6.500               *Func-setScale-586
  6.500               LerpScaleInterval-612: scale to 0 0 0 dur 0
  6.500               LerpPosInterval-613: pos to 0 0 0.42 dur 0
  6.500               *Func-setText-587
  6.500               *Func-show-588
  6.500               Wait dur 0.5
  7.000               Parallel-278 {
  7.000                 LerpScaleInterval-614: scale to 1.2 1.2 1.2 dur 0.25
  7.000                 LerpPosInterval-615: pos to 0 0 -0.075 dur 0.25
  7.250               }
  7.250               Parallel-279 {
  7.250                 LerpScaleInterval-616: scale to 1.1 1.1 1.1 dur 0.25
  7.250                 LerpPosInterval-617: pos to 0 0 -0.04 dur 0.25
  7.500               }
  7.500               Wait dur 2
  9.500               LerpColorScaleInterval-618: color_scale to 0 0 0 0 dur 0.25
  9.750             }
 13.686           }
 13.686         }
 13.686         Sequence-345 {
 13.686           Sequence-344 {
 13.686             Wait dur 0.5
 14.186             *Func-unlureSuit-680
 14.186           }
 14.186           Parallel-337 {
 14.186             Sequence-314 {
 14.186               Sequence-333 {
 14.186                 Sequence-331 {
 14.186                   *Func-setPos-663
 14.186                   *Func-focusCameraBetweenPoints-664
 14.186                   Wait dur 2
 16.186                 }
 16.186                 Sequence-332 {
 16.186                   *Func-setPos-665
 16.186                   *Func-focusCameraBetweenPoints-666
 16.186                   Wait dur 2.842
 19.028                 }
 19.028               }
 19.028             }
 14.186             Sequence-336 {
 14.186               LerpColorScaleInterval-646: color_scale to 1 0 0 1 dur 0
 14.186               *Func-hide-667
 14.186               *Func-setScale-668
 14.186               LerpScaleInterval-647: scale to 0 0 0 dur 0
 14.186               LerpPosInterval-648: pos to 0 0 0.42 dur 0
 14.186               *Func-setText-669
 14.186               *Func-show-670
 14.186               Wait dur 0.5
 14.686               Parallel-334 {
 14.686                 LerpScaleInterval-649: scale to 1.2 1.2 1.2 dur 0.25
 14.686                 LerpPosInterval-650: pos to 0 0 -0.075 dur 0.25
 14.936               }
 14.936               Parallel-335 {
 14.936                 LerpScaleInterval-651: scale to 1.1 1.1 1.1 dur 0.25
 14.936                 LerpPosInterval-652: pos to 0 0 -0.04 dur 0.25
 15.186               }
 15.186               Wait dur 2
 17.186               LerpColorScaleInterval-653: color_scale to 0 0 0 0 dur 0.25
 17.436             }
 19.028           }
 19.028         }
 19.028         Sequence-411 {
 19.028           Sequence-410 {
 19.028             Wait dur 0.5
 19.528             *Func-unlureSuit-768
 19.528           }
 19.528           Parallel-403 {
 19.528             Sequence-380 {
 19.528               Sequence-399 {
 19.528                 Sequence-397 {
 19.528                   *Func-setPos-751
 19.528                   *Func-focusCameraBetweenPoints-752
 19.528                   Wait dur 1.5
 21.028                 }
 21.028                 Sequence-398 {
 21.028                   *Func-setPos-753
 21.028                   *Func-focusCameraBetweenPoints-754
 21.028                   Wait dur 2.552
 23.580                 }
 23.580               }
 23.580             }
 19.528             Sequence-402 {
 19.528               LerpColorScaleInterval-691: color_scale to 1 0 0 1 dur 0
 19.528               *Func-hide-755
 19.528               *Func-setScale-756
 19.528               LerpScaleInterval-692: scale to 0 0 0 dur 0
 19.528               LerpPosInterval-693: pos to 0 0 0.42 dur 0
 19.528               *Func-setText-757
 19.528               *Func-show-758
 19.528               Wait dur 0.5
 20.028               Parallel-400 {
 20.028                 LerpScaleInterval-694: scale to 1.2 1.2 1.2 dur 0.25
 20.028                 LerpPosInterval-695: pos to 0 0 -0.075 dur 0.25
 20.278               }
 20.278               Parallel-401 {
 20.278                 LerpScaleInterval-696: scale to 1.1 1.1 1.1 dur 0.25
 20.278                 LerpPosInterval-697: pos to 0 0 -0.04 dur 0.25
 20.528               }
 20.528               Wait dur 2
 22.528               LerpColorScaleInterval-698: color_scale to 0 0 0 0 dur 0.25
 22.778             }
 23.580           }
 23.580         }
 23.580       }
 23.580     }
 23.580   }
 23.580 }

Traceback (most recent call last):
  File "D:\!-ARISTOTOWN ALTIS EDITION-!\Project-Altis-master\dependencies\panda\direct\showbase\ShowBase.py", line 1963, in __ivalLoop
    IntervalManager.ivalMgr.step()
  File "D:\!-ARISTOTOWN ALTIS EDITION-!\Project-Altis-master\dependencies\panda\direct\interval\IntervalManager.py", line 95, in step
    self.__doPythonCallbacks()
  File "D:\!-ARISTOTOWN ALTIS EDITION-!\Project-Altis-master\dependencies\panda\direct\interval\IntervalManager.py", line 123, in __doPythonCallbacks
    self.ivals[index].privPostEvent()
  File "D:\!-ARISTOTOWN ALTIS EDITION-!\Project-Altis-master\dependencies\panda\direct\interval\MetaInterval.py", line 520, in privPostEvent
    self.__doPythonCallbacks()
  File "D:\!-ARISTOTOWN ALTIS EDITION-!\Project-Altis-master\dependencies\panda\direct\interval\MetaInterval.py", line 496, in __doPythonCallbacks
    ival.privDoEvent(t, eventType)
  File "D:\!-ARISTOTOWN ALTIS EDITION-!\Project-Altis-master\dependencies\panda\direct\interval\Interval.py", line 210, in privDoEvent
    self.privInstant()
  File "D:\!-ARISTOTOWN ALTIS EDITION-!\Project-Altis-master\dependencies\panda\direct\interval\FunctionInterval.py", line 91, in privInstant
    self.function(*self.extraArgs, **self.kw)
TypeError: showProp() takes at least 2 arguments (1 given)
Traceback (most recent call last):
  File "otp\otpbase\OTPBase.py", line 235, in run
    taskMgr.run()
  File "D:\!-ARISTOTOWN ALTIS EDITION-!\Project-Altis-master\dependencies\panda\direct\task\Task.py", line 538, in run
    self.step()
  File "D:\!-ARISTOTOWN ALTIS EDITION-!\Project-Altis-master\dependencies\panda\direct\task\Task.py", line 492, in step
    self.mgr.poll()
  File "D:\!-ARISTOTOWN ALTIS EDITION-!\Project-Altis-master\dependencies\panda\direct\showbase\ShowBase.py", line 1963, in __ivalLoop
    IntervalManager.ivalMgr.step()
  File "D:\!-ARISTOTOWN ALTIS EDITION-!\Project-Altis-master\dependencies\panda\direct\interval\IntervalManager.py", line 95, in step
    self.__doPythonCallbacks()
  File "D:\!-ARISTOTOWN ALTIS EDITION-!\Project-Altis-master\dependencies\panda\direct\interval\IntervalManager.py", line 123, in __doPythonCallbacks
    self.ivals[index].privPostEvent()
  File "D:\!-ARISTOTOWN ALTIS EDITION-!\Project-Altis-master\dependencies\panda\direct\interval\MetaInterval.py", line 520, in privPostEvent
    self.__doPythonCallbacks()
  File "D:\!-ARISTOTOWN ALTIS EDITION-!\Project-Altis-master\dependencies\panda\direct\interval\MetaInterval.py", line 496, in __doPythonCallbacks
    ival.privDoEvent(t, eventType)
  File "D:\!-ARISTOTOWN ALTIS EDITION-!\Project-Altis-master\dependencies\panda\direct\interval\Interval.py", line 210, in privDoEvent
    self.privInstant()
  File "D:\!-ARISTOTOWN ALTIS EDITION-!\Project-Altis-master\dependencies\panda\direct\interval\FunctionInterval.py", line 91, in privInstant
    self.function(*self.extraArgs, **self.kw)
TypeError: showProp() takes at least 2 arguments (1 given)
