TTLocalizer: Running in language: english
from toontown.toonbase.TTLocalizerEnglish import *
OTPLocalizer: Running in language: english
from otp.otpbase.OTPLocalizerEnglish import *
AppRunner has been removed and AppRunnerGlobal has been deprecated
Preloading suits...
Preloading Toon heads...
Preloading Toon heads...
Preloading avatars...
{402000001: <toontown.distributed.ToontownDistrict.ToontownDistrict instance at 0x0000000025F97D88>}
__handleAvatarChooserDone: 100000082, 'KOALALALALA', ('ess', 'sd', 's', 'f', (0.8039, 0.6862, 0.5843, 1.0), (1.0, 1.0, 1.0, 1.0), (0.8039, 0.6862, 0.5843, 1.0), (0.8039, 0.6862, 0.5843, 1.0), 13, 24, 11, 24, 2, 1), 5
NodePath.iPosHpr() is deprecated.
NodePath.iPosHpr() is deprecated.
0
Reading DNA file... phase_4/dna/storage.pdna
Reading DNA file... phase_3.5/dna/storage_interior.pdna
Reading DNA file... phase_8/dna/storage_DG.pdna
Reading DNA file... phase_8/dna/storage_DG_sz.pdna
Reading DNA file... phase_8/dna/daisys_garden_sz.pdna
DNALandmarkBuilding sb2:toon_landmark_hqDG_DNARoot did not find **/*suit_building_origin
DNALandmarkBuilding sb3:toon_landmark_DG_clothes_shop_DNARoot did not find **/*suit_building_origin
NodePath.iPosHpr() is deprecated.
NodePath.iPosHpr() is deprecated.
NodePath.iPosHpr() is deprecated.
NodePath.iPosHpr() is deprecated.
NodePath.iPosHpr() is deprecated.
NodePath.iPosHpr() is deprecated.
NodePath.iPosHpr() is deprecated.
NodePath.iPosHpr() is deprecated.
NodePath.iPosHpr() is deprecated.
OnscreenText.configure: mayChange == 0
OnscreenText.configure: mayChange == 0
OnscreenText.configure: mayChange == 0
OnscreenText.configure: mayChange == 0
Reading DNA file... phase_4/dna/storage.pdna
Reading DNA file... phase_3.5/dna/storage_interior.pdna
frame rate: 50.0 fps|0.003d|90 avs||365|366||0x0000|0x0000|924.3MB|1958.6MB|32717.5MB|1375|nt.2.6.2|3.593,3.593|8,16 cpus|OpenGL
Battle Event localtoon-battle-event-15
chooseFireOpenShot <function suitGroupThreeQuarterLeftBehindShot at 0x000000001A067F98>
chooseFireOpenShot <function suitGroupThreeQuarterLeftBehindShot at 0x000000001A067F98>
Warning: NodePath.remove() is deprecated.  Use remove_node() instead.
Warning: NodePath.remove() is deprecated.  Use remove_node() instead.
frame rate: 44.8 fps|0.022d|116 avs||665|666||0x0000|0x0000|1027.2MB|2218.9MB|32717.5MB|1520|nt.2.6.2|3.593,3.593|8,16 cpus|OpenGL
