TTLocalizer: Running in language: english
from toontown.toonbase.TTLocalizerEnglish import *
OTPLocalizer: Running in language: english
from otp.otpbase.OTPLocalizerEnglish import *
AppRunner has been removed and AppRunnerGlobal has been deprecated
Preloading suits...
Preloading Toon heads...
Preloading Toon heads...
Preloading avatars...
{402000001: <toontown.distributed.ToontownDistrict.ToontownDistrict instance at 0x00000000268B0B88>}
__handleAvatarChooserDone: 100000086, 'Mr. Rockenzap', ('lss', 'ms', 's', 'm', (0.984, 0.537, 0.396, 1.0), (1.0, 1.0, 1.0, 1.0), (0.984, 0.537, 0.396, 1.0), (0.984, 0.537, 0.396, 1.0), 11, 0, 0, 0, 1, 20), 4
NodePath.iPosHpr() is deprecated.
NodePath.iPosHpr() is deprecated.
0
Reading DNA file... phase_4/dna/storage.pdna
Reading DNA file... phase_3.5/dna/storage_interior.pdna
Reading DNA file... phase_6/dna/storage_MM.pdna
Reading DNA file... phase_6/dna/storage_MM_sz.pdna
Reading DNA file... phase_6/dna/minnies_melody_land_sz.pdna
DNALandmarkBuilding sb4:toon_landmark_hqMM_DNARoot did not find **/*suit_building_origin
DNALandmarkBuilding sb6:toon_landmark_MM_clothes_shop_DNARoot did not find **/*suit_building_origin
NodePath.iPosHpr() is deprecated.
NodePath.iPosHpr() is deprecated.
NodePath.iPosHpr() is deprecated.
NodePath.iPosHpr() is deprecated.
NodePath.iPosHpr() is deprecated.
NodePath.iPosHpr() is deprecated.
NodePath.iPosHpr() is deprecated.
NodePath.iPosHpr() is deprecated.
NodePath.iPosHpr() is deprecated.
Reading DNA file... phase_5/dna/storage_town.pdna
Reading DNA file... phase_6/dna/storage_MM_town.pdna
Reading DNA file... phase_6/dna/minnies_melody_land_4100.pdna
DNALandmarkBuilding sb59:toon_landmark_hqMM_DNARoot did not find **/*suit_building_origin
Traceback (most recent call last):
  File "D:\!-ARISTOTOWN ALTIS EDITION-!\Project-Altis-master\dependencies\panda\direct\distributed\ConnectionRepository.py", line 609, in readerPollUntilEmpty
    while self.readerPollOnce():
  File "D:\!-ARISTOTOWN ALTIS EDITION-!\Project-Altis-master\dependencies\panda\direct\distributed\ConnectionRepository.py", line 616, in readerPollOnce
    self.handleDatagram(self.private__di)
  File "otp\distributed\OTPClientRepository.py", line 1856, in handleDatagram
    self.handler(msgType, di)
  File "otp\distributed\OTPClientRepository.py", line 1467, in handlePlayGame
    self.handleUpdateField(di)
  File "D:\!-ARISTOTOWN ALTIS EDITION-!\Project-Altis-master\dependencies\panda\direct\distributed\ClientRepositoryBase.py", line 437, in handleUpdateField
    self.__doUpdate(doId, di, ovUpdated)
  File "D:\!-ARISTOTOWN ALTIS EDITION-!\Project-Altis-master\dependencies\panda\direct\distributed\ClientRepositoryBase.py", line 445, in __doUpdate
    do.dclass.receiveUpdate(do, di)
  File "toontown\cogdominium\DistCogdoGame.py", line 226, in setGameStart
    self.fsm.request('Game')
  File "D:\!-ARISTOTOWN ALTIS EDITION-!\Project-Altis-master\dependencies\panda\direct\fsm\ClassicFSM.py", line 282, in request
    exitArgList)
  File "D:\!-ARISTOTOWN ALTIS EDITION-!\Project-Altis-master\dependencies\panda\direct\fsm\ClassicFSM.py", line 229, in __transition
    self.__enter(aState, enterArgList)
  File "D:\!-ARISTOTOWN ALTIS EDITION-!\Project-Altis-master\dependencies\panda\direct\fsm\ClassicFSM.py", line 215, in __enter
    aState.enter(argList)
  File "D:\!-ARISTOTOWN ALTIS EDITION-!\Project-Altis-master\dependencies\panda\direct\fsm\State.py", line 202, in enter
    self.__enterFunc(*argList)
  File "toontown\cogdominium\DistCogdoMazeGame.py", line 76, in enterGame
    self.game.start()
  File "toontown\cogdominium\CogdoMazeGame.py", line 221, in start
    player.handleGameStart()
  File "toontown\cogdominium\CogdoMazeLocalPlayer.py", line 216, in handleGameStart
    self._guiMgr.startGame(TTLocalizer.CogdoMazeFindHint)
  File "toontown\cogdominium\CogdoMazeGuiManager.py", line 75, in startGame
    self._presentGuiIval = ToontownIntervals.start(Sequence(ToontownIntervals.getPresentGuiIval(self._bossGui, '', startPos=(0, 0, -0.15)), Func(self.mazeMapGui.show), ToontownIntervals.getPulseLargerIval(self.mazeMapGui, '', scale=self.mazeMapGui.getScale()), Func(self.setMessage, firstMessage), name='present_gui'))
  File "toontown\toonbase\ToontownIntervals.py", line 54, in getPresentGuiIval
    return Sequence(Func(np.show), getPulseLargerIval(np, '', scale=np.getScale()), Wait(waitDuration),
  File "toontown\toonbase\ToontownIntervals.py", line 26, in getPulseLargerIval
    getPulseIval(np.container, name, 1 + PULSE_GUI_CHANGE, duration=duration, scale=scale),
AttributeError: 'CogdoMazeBossGui' object has no attribute 'container'
Traceback (most recent call last):
  File "otp\otpbase\OTPBase.py", line 235, in run
    taskMgr.run()
  File "D:\!-ARISTOTOWN ALTIS EDITION-!\Project-Altis-master\dependencies\panda\direct\task\Task.py", line 538, in run
    self.step()
  File "D:\!-ARISTOTOWN ALTIS EDITION-!\Project-Altis-master\dependencies\panda\direct\task\Task.py", line 492, in step
    self.mgr.poll()
  File "D:\!-ARISTOTOWN ALTIS EDITION-!\Project-Altis-master\dependencies\panda\direct\distributed\ConnectionRepository.py", line 609, in readerPollUntilEmpty
    while self.readerPollOnce():
  File "D:\!-ARISTOTOWN ALTIS EDITION-!\Project-Altis-master\dependencies\panda\direct\distributed\ConnectionRepository.py", line 616, in readerPollOnce
    self.handleDatagram(self.private__di)
  File "otp\distributed\OTPClientRepository.py", line 1856, in handleDatagram
    self.handler(msgType, di)
  File "otp\distributed\OTPClientRepository.py", line 1467, in handlePlayGame
    self.handleUpdateField(di)
  File "D:\!-ARISTOTOWN ALTIS EDITION-!\Project-Altis-master\dependencies\panda\direct\distributed\ClientRepositoryBase.py", line 437, in handleUpdateField
    self.__doUpdate(doId, di, ovUpdated)
  File "D:\!-ARISTOTOWN ALTIS EDITION-!\Project-Altis-master\dependencies\panda\direct\distributed\ClientRepositoryBase.py", line 445, in __doUpdate
    do.dclass.receiveUpdate(do, di)
  File "toontown\cogdominium\DistCogdoGame.py", line 226, in setGameStart
    self.fsm.request('Game')
  File "D:\!-ARISTOTOWN ALTIS EDITION-!\Project-Altis-master\dependencies\panda\direct\fsm\ClassicFSM.py", line 282, in request
    exitArgList)
  File "D:\!-ARISTOTOWN ALTIS EDITION-!\Project-Altis-master\dependencies\panda\direct\fsm\ClassicFSM.py", line 229, in __transition
    self.__enter(aState, enterArgList)
  File "D:\!-ARISTOTOWN ALTIS EDITION-!\Project-Altis-master\dependencies\panda\direct\fsm\ClassicFSM.py", line 215, in __enter
    aState.enter(argList)
  File "D:\!-ARISTOTOWN ALTIS EDITION-!\Project-Altis-master\dependencies\panda\direct\fsm\State.py", line 202, in enter
    self.__enterFunc(*argList)
  File "toontown\cogdominium\DistCogdoMazeGame.py", line 76, in enterGame
    self.game.start()
  File "toontown\cogdominium\CogdoMazeGame.py", line 221, in start
    player.handleGameStart()
  File "toontown\cogdominium\CogdoMazeLocalPlayer.py", line 216, in handleGameStart
    self._guiMgr.startGame(TTLocalizer.CogdoMazeFindHint)
  File "toontown\cogdominium\CogdoMazeGuiManager.py", line 75, in startGame
    self._presentGuiIval = ToontownIntervals.start(Sequence(ToontownIntervals.getPresentGuiIval(self._bossGui, '', startPos=(0, 0, -0.15)), Func(self.mazeMapGui.show), ToontownIntervals.getPulseLargerIval(self.mazeMapGui, '', scale=self.mazeMapGui.getScale()), Func(self.setMessage, firstMessage), name='present_gui'))
  File "toontown\toonbase\ToontownIntervals.py", line 54, in getPresentGuiIval
    return Sequence(Func(np.show), getPulseLargerIval(np, '', scale=np.getScale()), Wait(waitDuration),
  File "toontown\toonbase\ToontownIntervals.py", line 26, in getPulseLargerIval
    getPulseIval(np.container, name, 1 + PULSE_GUI_CHANGE, duration=duration, scale=scale),
AttributeError: 'CogdoMazeBossGui' object has no attribute 'container'
