TTLocalizer: Running in language: english
from toontown.toonbase.TTLocalizerEnglish import *
OTPLocalizer: Running in language: english
from otp.otpbase.OTPLocalizerEnglish import *
AppRunner has been removed and AppRunnerGlobal has been deprecated
Preloading suits...
Preloading Toon heads...
Preloading Toon heads...
Preloading avatars...
{402000001: <toontown.distributed.ToontownDistrict.ToontownDistrict instance at 0x00000000261D6A88>}
__handleAvatarChooserDone: 100000086, 'Mr. Rockenzap', ('lss', 'ms', 's', 'm', (0.984, 0.537, 0.396, 1.0), (1.0, 1.0, 1.0, 1.0), (0.984, 0.537, 0.396, 1.0), (0.984, 0.537, 0.396, 1.0), 11, 0, 0, 0, 1, 20), 4
NodePath.iPosHpr() is deprecated.
NodePath.iPosHpr() is deprecated.
0
Reading DNA file... phase_4/dna/storage.pdna
Reading DNA file... phase_3.5/dna/storage_interior.pdna
Battle Event localtoon-battle-event-3
Reading DNA file... phase_4/dna/storage.pdna
Reading DNA file... phase_3.5/dna/storage_interior.pdna
Reading DNA file... phase_8/dna/storage_DG.pdna
Reading DNA file... phase_8/dna/storage_DG_sz.pdna
Reading DNA file... phase_8/dna/daisys_garden_sz.pdna
DNALandmarkBuilding sb2:toon_landmark_hqDG_DNARoot did not find **/*suit_building_origin
DNALandmarkBuilding sb3:toon_landmark_DG_clothes_shop_DNARoot did not find **/*suit_building_origin
NodePath.iPosHpr() is deprecated.
NodePath.iPosHpr() is deprecated.
NodePath.iPosHpr() is deprecated.
NodePath.iPosHpr() is deprecated.
NodePath.iPosHpr() is deprecated.
NodePath.iPosHpr() is deprecated.
NodePath.iPosHpr() is deprecated.
NodePath.iPosHpr() is deprecated.
NodePath.iPosHpr() is deprecated.
OnscreenText.configure: mayChange == 0
OnscreenText.configure: mayChange == 0
OnscreenText.configure: mayChange == 0
OnscreenText.configure: mayChange == 0
Reading DNA file... phase_4/dna/storage.pdna
Reading DNA file... phase_3.5/dna/storage_interior.pdna
Battle Event localtoon-battle-event-9
Reading DNA file... phase_4/dna/storage.pdna
Reading DNA file... phase_3.5/dna/storage_interior.pdna
Reading DNA file... phase_8/dna/storage_DG.pdna
Reading DNA file... phase_8/dna/storage_DG_sz.pdna
Reading DNA file... phase_8/dna/daisys_garden_sz.pdna
DNALandmarkBuilding sb2:toon_landmark_hqDG_DNARoot did not find **/*suit_building_origin
DNALandmarkBuilding sb3:toon_landmark_DG_clothes_shop_DNARoot did not find **/*suit_building_origin
NodePath.iPosHpr() is deprecated.
NodePath.iPosHpr() is deprecated.
NodePath.iPosHpr() is deprecated.
NodePath.iPosHpr() is deprecated.
NodePath.iPosHpr() is deprecated.
NodePath.iPosHpr() is deprecated.
NodePath.iPosHpr() is deprecated.
NodePath.iPosHpr() is deprecated.
NodePath.iPosHpr() is deprecated.
OnscreenText.configure: mayChange == 0
OnscreenText.configure: mayChange == 0
OnscreenText.configure: mayChange == 0
OnscreenText.configure: mayChange == 0
Reading DNA file... phase_4/dna/storage.pdna
Reading DNA file... phase_3.5/dna/storage_interior.pdna
Traceback (most recent call last):
  File "D:\!-ARISTOTOWN ALTIS EDITION-!\Project-Altis-master\dependencies\panda\direct\distributed\ConnectionRepository.py", line 609, in readerPollUntilEmpty
    while self.readerPollOnce():
  File "D:\!-ARISTOTOWN ALTIS EDITION-!\Project-Altis-master\dependencies\panda\direct\distributed\ConnectionRepository.py", line 616, in readerPollOnce
    self.handleDatagram(self.private__di)
  File "otp\distributed\OTPClientRepository.py", line 1856, in handleDatagram
    self.handler(msgType, di)
  File "otp\distributed\OTPClientRepository.py", line 1463, in handlePlayGame
    self.handleGenerateWithRequired(di)
  File "otp\distributed\OTPClientRepository.py", line 1933, in handleGenerateWithRequired
    return self.__doGenerate(doId, parentId, zoneId, classId, di, other)
  File "otp\distributed\OTPClientRepository.py", line 1979, in __doGenerate
    self.generateWithRequiredFields(dclass, doId, di, parentId, zoneId)
  File "D:\!-ARISTOTOWN ALTIS EDITION-!\Project-Altis-master\dependencies\panda\direct\distributed\ClientRepositoryBase.py", line 264, in generateWithRequiredFields
    distObj.updateRequiredFields(dclass, di)
  File "D:\!-ARISTOTOWN ALTIS EDITION-!\Project-Altis-master\dependencies\panda\direct\distributed\DistributedObject.py", line 342, in updateRequiredFields
    dclass.receiveUpdateBroadcastRequired(self, di)
  File "toontown\suit\DistributedSuitBase.py", line 389, in setDNAString
    Suit.Suit.setDNAString(self, dnaString)
  File "toontown\suit\Suit.py", line 2466, in setDNAString
    self.setDNA(self.dna)
  File "toontown\suit\DistributedSuitBase.py", line 392, in setDNA
    Suit.Suit.setDNA(self, dna)
  File "toontown\suit\Suit.py", line 2473, in setDNA
    self.generateSuit()
  File "toontown\suit\Suit.py", line 2564, in generateSuit
    self.generateBody()
  File "toontown\suit\Suit.py", line 3979, in generateBody
    self.setSuitClothes()
  File "toontown\suit\Suit.py", line 4345, in setSuitClothes
    modelRoot.find('**/hands').setColor(self.handColor)
AttributeError: 'DistributedSuit' object has no attribute 'handColor'
Traceback (most recent call last):
  File "otp\otpbase\OTPBase.py", line 235, in run
    taskMgr.run()
  File "D:\!-ARISTOTOWN ALTIS EDITION-!\Project-Altis-master\dependencies\panda\direct\task\Task.py", line 538, in run
    self.step()
  File "D:\!-ARISTOTOWN ALTIS EDITION-!\Project-Altis-master\dependencies\panda\direct\task\Task.py", line 492, in step
    self.mgr.poll()
  File "D:\!-ARISTOTOWN ALTIS EDITION-!\Project-Altis-master\dependencies\panda\direct\distributed\ConnectionRepository.py", line 609, in readerPollUntilEmpty
    while self.readerPollOnce():
  File "D:\!-ARISTOTOWN ALTIS EDITION-!\Project-Altis-master\dependencies\panda\direct\distributed\ConnectionRepository.py", line 616, in readerPollOnce
    self.handleDatagram(self.private__di)
  File "otp\distributed\OTPClientRepository.py", line 1856, in handleDatagram
    self.handler(msgType, di)
  File "otp\distributed\OTPClientRepository.py", line 1463, in handlePlayGame
    self.handleGenerateWithRequired(di)
  File "otp\distributed\OTPClientRepository.py", line 1933, in handleGenerateWithRequired
    return self.__doGenerate(doId, parentId, zoneId, classId, di, other)
  File "otp\distributed\OTPClientRepository.py", line 1979, in __doGenerate
    self.generateWithRequiredFields(dclass, doId, di, parentId, zoneId)
  File "D:\!-ARISTOTOWN ALTIS EDITION-!\Project-Altis-master\dependencies\panda\direct\distributed\ClientRepositoryBase.py", line 264, in generateWithRequiredFields
    distObj.updateRequiredFields(dclass, di)
  File "D:\!-ARISTOTOWN ALTIS EDITION-!\Project-Altis-master\dependencies\panda\direct\distributed\DistributedObject.py", line 342, in updateRequiredFields
    dclass.receiveUpdateBroadcastRequired(self, di)
  File "toontown\suit\DistributedSuitBase.py", line 389, in setDNAString
    Suit.Suit.setDNAString(self, dnaString)
  File "toontown\suit\Suit.py", line 2466, in setDNAString
    self.setDNA(self.dna)
  File "toontown\suit\DistributedSuitBase.py", line 392, in setDNA
    Suit.Suit.setDNA(self, dna)
  File "toontown\suit\Suit.py", line 2473, in setDNA
    self.generateSuit()
  File "toontown\suit\Suit.py", line 2564, in generateSuit
    self.generateBody()
  File "toontown\suit\Suit.py", line 3979, in generateBody
    self.setSuitClothes()
  File "toontown\suit\Suit.py", line 4345, in setSuitClothes
    modelRoot.find('**/hands').setColor(self.handColor)
AttributeError: 'DistributedSuit' object has no attribute 'handColor'
