TTLocalizer: Running in language: english
from toontown.toonbase.TTLocalizerEnglish import *
OTPLocalizer: Running in language: english
from otp.otpbase.OTPLocalizerEnglish import *
AppRunner has been removed and AppRunnerGlobal has been deprecated
Preloading suits...
Preloading Toon heads...
Preloading Toon heads...
Preloading avatars...
{402000001: <toontown.distributed.ToontownDistrict.ToontownDistrict instance at 0x0000000025E1EEC8>}
__handleAvatarChooserDone: 100000086, 'Mr. Rockenzap', ('lss', 'ms', 's', 'm', (0.984, 0.537, 0.396, 1.0), (1.0, 1.0, 1.0, 1.0), (0.984, 0.537, 0.396, 1.0), (0.984, 0.537, 0.396, 1.0), 11, 0, 0, 0, 1, 20), 4
NodePath.iPosHpr() is deprecated.
NodePath.iPosHpr() is deprecated.
0
Reading DNA file... phase_4/dna/storage.pdna
Reading DNA file... phase_3.5/dna/storage_interior.pdna
Battle Event localtoon-battle-event-3
Exception occurred while processing Func-showProps-99 of movie-track-with-cam-402015962:
movie-track-with-cam-402015962:
  0.000 movie-track-with-cam-402015962 {
  0.000   movie-track-402015962 {
  0.000     Sequence-87 {
  0.000       toon-attacks {
  0.000         Sequence-116 {
  0.000           Sequence-97 {
  0.000             Parallel-99 {
  0.000             }
  0.000           }
  0.000           Parallel-101 {
  0.000             Sequence-115 {
  0.000               Wait
  0.000               Parallel-102 {
  0.000                 Sequence-103 {
  0.000                   Wait
  0.000                   Parallel-104 {
  0.000                     Sequence-105 {
  0.000                       Wait dur 2.3
  2.300                       *Sound-7 dur 3.113
  5.413                     }
  0.000                     Sequence-107 {
  0.000                       *Func-showProps-99
  0.000                       *Func-headsUp-100
  0.000                       Parallel-106 {
  0.000                         *Actor-pushbutton-11 dur 4
  0.000                         *Actor-button-12 dur 1
  4.000                       }
  4.000                       *Func-removeProp-101
  4.000                       *Func-loop-102
  4.000                       *Func-setHpr-103
  4.000                     }
  0.000                     Sequence-108 {
  0.000                       *Func-show-104
  0.000                       *Func-setScale-105
  0.000                       *Func-reparentTo-106
  0.000                       LerpScaleInterval-213: scale to 1 1 1 dur 1.5
  1.500                       Wait dur 4.5
  6.000                       LerpScaleInterval-214: scale to 1 1 0.1 dur 0.4
  6.400                       *Func-removeProp-107
  6.400                     }
  0.000                     Sequence-109 {
  0.000                       Wait dur 2.5
  2.500                       Sequence-110 {
  2.500                         *Func-needRestoreRenderProp-108
  2.500                         *Func-showSpray-109
  2.500                         *LerpScaleInterval-215 dur 0.1
  2.600                         Wait dur 1.8
  4.400                         *Func-prepareToShrinkSpray-110
  4.400                         LerpScaleInterval-216: scale to 0.01 0.01 0.01 dur 0.1
  4.500                         *Func-hideSpray-111
  4.500                         *Func-clearRenderProp-112
  4.500                       }
  4.500                     }
  0.000                     Sequence-114 {
  0.000                       Wait dur 1.8
  1.800                       Parallel-111 {
  1.800                         Sequence-112 {
  1.800                           *Actor-sidestep-left-13 dur 4.95833
  6.758                           *Func-setNeutralAnimation-113
  6.758                         }
  1.800                         *Func-indicateMissed-114
  1.800                         Sequence-113 {
  1.800                           *Sound-8 dur 3.996
  5.796                         }
  6.758                       }
  6.758                     }
  6.758                   }
  6.758                 }
  6.758               }
  6.758             }
  6.758           }
  6.758           Parallel-100 {
  6.758             Parallel-98 {
  6.758             }
  6.758           }
  6.758         }
  6.758       }
  6.758       suit-attacks {
  6.758         Sequence-173 {
  6.758           *Func-makeUnLured-179
  6.758           Parallel-172 {
  6.758             *Func-unlureSuit-181
  6.758             Parallel-170 {
  6.758               *Func-setChatAbsolute-180
  6.758             }
  6.758             Sequence-171 {
  6.758               *Func-setHpr-182
  6.758               *Actor-walk-18 dur 0.5
  7.258               *Func-loop-183
  7.258             }
  6.758             LerpPosInterval-251: pos to 2.5 7 0 dur 0.5
  7.258           }
  7.258           Sequence-169 {
  7.258             *Func-makeUnLured-179
  7.258             *Func-setNeutralAnimation-178
  7.258             Parallel-143 {
  7.258               Sequence-119 {
  7.258                 Sequence-118 {
  7.258                   Wait dur 1e-06
  7.258                   *Func-setChatAbsolute-118
  7.258                   *Func-reparentTrap-119
  7.258                   *Func-headsUp-120
  7.258                   *Actor-throw-paper-14 dur 3.05556
 10.314                   *Func-setHpr-121
 10.314                   *Func-setNeutralAnimation-122
 10.314                   *Func-returnTrapToSuit-123
 10.314                 }
 10.314               }
  7.258               Sequence-123 {
  7.258                 Sequence-122 {
  7.258                   Wait dur 1e-05
  7.258                   *Func-__showProp-125
  7.258                   LerpScaleInterval-217: scale from 1 1 1 to 8.5 8.5 8.5 dur 0.5
  7.758                 }
  7.758                 Wait dur 1.5
  9.258                 *Func-wrtReparentTo-126
  9.258                 *Func-setHpr-127
  9.258                 Sequence-124 {
  9.258                   *Func-calcOriginAndVelocity-128
  9.258                   *LerpFunctionInterval-throwPos-1 dur 0.5
  9.758                 }
  9.758                 Sequence-125 {
  9.758                   *Func-calcOriginAndVelocity-129
  9.758                   *LerpFunctionInterval-throwPos-2 dur 0.5
 10.258                 }
 10.258                 Sequence-126 {
 10.258                   *Func-calcOriginAndVelocity-130
 10.258                   *LerpFunctionInterval-throwPos-3 dur 0.5
 10.758                 }
 10.758                 *Func-removeProp-131
 10.758                 Parallel-131 {
 10.758                   Sequence-127 {
 10.758                     Sequence-128 {
 10.758                       Wait
 10.758                       *Func-__showProp-132
 10.758                       LerpScaleInterval-218: scale from 0.01 0.01 0.01 to 2 2 2 dur 0
 10.758                     }
 10.758                     Sequence-129 {
 10.758                       *Actor-dust-16 dur 1.66667
 12.425                       *Func-detachNode-133
 12.425                     }
 12.425                   }
 10.758                   Sequence-130 {
 10.758                     Wait dur 0.01
 10.768                     *Sound-10 dur 0.914
 11.682                   }
 12.425                 }
 12.425               }
  7.258               Sequence-132 {
  7.258                 *Func-headsUp-134
  7.258                 *Func-removeInsured-135
  7.258                 Parallel-139 {
  7.258                   Sequence-135 {
  7.258                     Wait dur 3.5
 10.758                     *Actor-conked-17 dur 4.20833
 14.966                     *Func-loop-145
 14.966                   }
  7.258                   Sequence-137 {
  7.258                     Wait dur 3.51
 10.768                     *Func-__doDamage-144
 10.768                   }
  7.258                   Sequence-136 {
  7.258                   }
  7.258                   Sequence-138 {
  7.258                     Wait dur 3.51
 10.768                     *Sound-11 dur 0.572
 11.340                   }
 14.966                 }
 14.966               }
  7.258               Sequence-142 {
  7.258                 Sequence-140 {
  7.258                   Wait dur 2
  9.258                   *Sound-12 dur 0.5
  9.758                 }
  9.758                 Sequence-141 {
  9.758                   Wait dur 0.01
  9.768                   *Sound-13 dur 0.6
 10.368                 }
 10.368               }
 14.966             }
 14.966             *Func-setNeutralAnimation-177
 14.966             Sequence-168 {
 14.966               *Func-headsUp-175
 14.966               *Func-loop-176
 14.966             }
 14.966           }
 14.966         }
 14.966         Sequence-231 {
 14.966           *Func-makeUnLured-251
 14.966           Parallel-230 {
 14.966             *Func-unlureSuit-253
 14.966             Parallel-228 {
 14.966               *Func-setChatAbsolute-252
 14.966             }
 14.966             Sequence-229 {
 14.966               *Func-setHpr-254
 14.966               *Actor-walk-22 dur 0.5
 15.466               *Func-loop-255
 15.466             }
 14.966             LerpPosInterval-302: pos to -2.5 7 0 dur 0.5
 15.466           }
 15.466           Sequence-227 {
 15.466             *Func-makeUnLured-251
 15.466             *Func-setNeutralAnimation-250
 15.466             Parallel-193 {
 15.466               Sequence-179 {
 15.466                 Sequence-178 {
 15.466                   Wait dur 1e-06
 15.466                   *Func-setChatAbsolute-185
 15.466                   *Func-reparentTrap-186
 15.466                   *Func-headsUp-187
 15.466                   *Actor-roll-o-dex-19 dur 4.4
 19.866                   *Func-setHpr-188
 19.866                   *Func-setNeutralAnimation-189
 19.866                   *Func-returnTrapToSuit-190
 19.866                 }
 19.866               }
 15.466               Sequence-181 {
 15.466                 *Func-headsUp-193
 15.466                 *Func-removeInsured-194
 15.466                 Parallel-188 {
 15.466                   Sequence-184 {
 15.466                     Wait dur 3
 18.466                     *Actor-conked-20 dur 4.20833
 22.674                     *Func-loop-204
 22.674                   }
 15.466                   Sequence-186 {
 15.466                     Wait dur 3.01
 18.476                     *Func-__doDamage-203
 18.476                   }
 15.466                   Sequence-185 {
 15.466                   }
 15.466                   Sequence-187 {
 15.466                     Wait dur 3.01
 18.476                     *Sound-14 dur 0.572
 19.048                   }
 22.674                 }
 22.674               }
 15.466               Sequence-180 {
 15.466                 Wait dur 1e-06
 15.466                 *Func-__showProp-191
 15.466                 LerpScaleInterval-252: scale from 0.01 0.01 0.01 to 1.2 1.2 1.2 dur 0.5
 15.966                 Wait dur 4.7
 20.666                 LerpScaleInterval-253: scale to 0.01 0.01 0.01 dur 0.5
 21.166                 *Func-removeProp-192
 21.166               }
 15.466               Sequence-189 {
 15.466                 Wait dur 1.8
 17.266                 *Sound-15 dur 2.011
 19.277               }
 15.466               Sequence-176 {
 15.466                 Wait dur 2.2
 17.666                 *Particle-1 dur 1.3
 18.966               }
 15.466               Sequence-177 {
 15.466                 Wait dur 2.6
 18.066                 *Particle-2 dur 1
 19.066               }
 22.674             }
 22.674             *Func-setNeutralAnimation-249
 22.674             Sequence-226 {
 22.674               *Func-headsUp-247
 22.674               *Func-loop-248
 22.674             }
 22.674           }
 22.674         }
 22.674       }
 22.674       *Func-__handleMovieDone-257
 22.674     }
 22.674   }
  0.000   Sequence-234 {
  0.000     Sequence-88 {
  0.000       toon-attacks-cam {
  0.000         Sequence-117 {
  0.000           toonGroupShot {
  0.000             *Func-setPosHpr-115
  0.000             Wait
  0.000           }
  0.000           allGroupHighShot {
  0.000             *Func-setPosHpr-117
  0.000             Wait dur 6.758
  6.758           }
  6.758           toonGroupShot {
  6.758             *Func-setPosHpr-116
  6.758             Wait
  6.758           }
  6.758         }
  6.758       }
  6.758       suit-attacks-cam {
  6.758         Sequence-175 {
  6.758           Sequence-174 {
  6.758             Wait dur 0.5
  7.258             *Func-unlureSuit-184
  7.258           }
  7.258           Parallel-167 {
  7.258             Sequence-144 {
  7.258               Sequence-163 {
  7.258                 Sequence-161 {
  7.258                   *Func-setPos-167
  7.258                   *Func-lookAt-168
  7.258                   Wait dur 1.5
  8.758                 }
  8.758                 Sequence-162 {
  8.758                   *Func-setPos-169
  8.758                   *Func-lookAt-170
  8.758                   Wait dur 6.208
 14.966                 }
 14.966               }
 14.966             }
  7.258             Sequence-166 {
  7.258               LerpColorScaleInterval-243: color_scale to 1 0 0 1 dur 0
  7.258               *Func-hide-171
  7.258               *Func-setScale-172
  7.258               LerpScaleInterval-244: scale to 0 0 0 dur 0
  7.258               LerpPosInterval-245: pos to 0 0 0.42 dur 0
  7.258               *Func-setText-173
  7.258               *Func-show-174
  7.258               Wait dur 0.5
  7.758               Parallel-164 {
  7.758                 LerpScaleInterval-246: scale to 1.2 1.2 1.2 dur 0.25
  7.758                 LerpPosInterval-247: pos to 0 0 -0.075 dur 0.25
  8.008               }
  8.008               Parallel-165 {
  8.008                 LerpScaleInterval-248: scale to 1.1 1.1 1.1 dur 0.25
  8.008                 LerpPosInterval-249: pos to 0 0 -0.04 dur 0.25
  8.258               }
  8.258               Wait dur 2
 10.258               LerpColorScaleInterval-250: color_scale to 0 0 0 0 dur 0.25
 10.508             }
 14.966           }
 14.966         }
 14.966         Sequence-233 {
 14.966           Sequence-232 {
 14.966             Wait dur 0.5
 15.466             *Func-unlureSuit-256
 15.466           }
 15.466           Parallel-225 {
 15.466             Sequence-194 {
 15.466               Sequence-221 {
 15.466                 Sequence-219 {
 15.466                   *Func-setPos-239
 15.466                   *Func-lookAt-240
 15.466                   Wait dur 2.5
 17.966                 }
 17.966                 Sequence-220 {
 17.966                   *Func-setPos-241
 17.966                   *Func-focusCameraBetweenPoints-242
 17.966                   Wait dur 4.708
 22.674                 }
 22.674               }
 22.674             }
 15.466             Sequence-224 {
 15.466               LerpColorScaleInterval-294: color_scale to 1 0 0 1 dur 0
 15.466               *Func-hide-243
 15.466               *Func-setScale-244
 15.466               LerpScaleInterval-295: scale to 0 0 0 dur 0
 15.466               LerpPosInterval-296: pos to 0 0 0.42 dur 0
 15.466               *Func-setText-245
 15.466               *Func-show-246
 15.466               Wait dur 0.5
 15.966               Parallel-222 {
 15.966                 LerpScaleInterval-297: scale to 1.2 1.2 1.2 dur 0.25
 15.966                 LerpPosInterval-298: pos to 0 0 -0.075 dur 0.25
 16.216               }
 16.216               Parallel-223 {
 16.216                 LerpScaleInterval-299: scale to 1.1 1.1 1.1 dur 0.25
 16.216                 LerpPosInterval-300: pos to 0 0 -0.04 dur 0.25
 16.466               }
 16.466               Wait dur 2
 18.466               LerpColorScaleInterval-301: color_scale to 0 0 0 0 dur 0.25
 18.716             }
 22.674           }
 22.674         }
 22.674       }
 22.674     }
 22.674   }
 22.674 }

Traceback (most recent call last):
  File "D:\!-ARISTOTOWN ALTIS EDITION-!\Project-Altis-master\dependencies\panda\direct\showbase\ShowBase.py", line 1963, in __ivalLoop
    IntervalManager.ivalMgr.step()
  File "D:\!-ARISTOTOWN ALTIS EDITION-!\Project-Altis-master\dependencies\panda\direct\interval\IntervalManager.py", line 95, in step
    self.__doPythonCallbacks()
  File "D:\!-ARISTOTOWN ALTIS EDITION-!\Project-Altis-master\dependencies\panda\direct\interval\IntervalManager.py", line 123, in __doPythonCallbacks
    self.ivals[index].privPostEvent()
  File "D:\!-ARISTOTOWN ALTIS EDITION-!\Project-Altis-master\dependencies\panda\direct\interval\MetaInterval.py", line 520, in privPostEvent
    self.__doPythonCallbacks()
  File "D:\!-ARISTOTOWN ALTIS EDITION-!\Project-Altis-master\dependencies\panda\direct\interval\MetaInterval.py", line 496, in __doPythonCallbacks
    ival.privDoEvent(t, eventType)
  File "D:\!-ARISTOTOWN ALTIS EDITION-!\Project-Altis-master\dependencies\panda\direct\interval\Interval.py", line 210, in privDoEvent
    self.privInstant()
  File "D:\!-ARISTOTOWN ALTIS EDITION-!\Project-Altis-master\dependencies\panda\direct\interval\FunctionInterval.py", line 91, in privInstant
    self.function(*self.extraArgs, **self.kw)
  File "toontown\battle\MovieUtil.py", line 114, in showProps
    for prop in props:
TypeError: 'Actor' object is not iterable
Traceback (most recent call last):
  File "otp\otpbase\OTPBase.py", line 235, in run
    taskMgr.run()
  File "D:\!-ARISTOTOWN ALTIS EDITION-!\Project-Altis-master\dependencies\panda\direct\task\Task.py", line 538, in run
    self.step()
  File "D:\!-ARISTOTOWN ALTIS EDITION-!\Project-Altis-master\dependencies\panda\direct\task\Task.py", line 492, in step
    self.mgr.poll()
  File "D:\!-ARISTOTOWN ALTIS EDITION-!\Project-Altis-master\dependencies\panda\direct\showbase\ShowBase.py", line 1963, in __ivalLoop
    IntervalManager.ivalMgr.step()
  File "D:\!-ARISTOTOWN ALTIS EDITION-!\Project-Altis-master\dependencies\panda\direct\interval\IntervalManager.py", line 95, in step
    self.__doPythonCallbacks()
  File "D:\!-ARISTOTOWN ALTIS EDITION-!\Project-Altis-master\dependencies\panda\direct\interval\IntervalManager.py", line 123, in __doPythonCallbacks
    self.ivals[index].privPostEvent()
  File "D:\!-ARISTOTOWN ALTIS EDITION-!\Project-Altis-master\dependencies\panda\direct\interval\MetaInterval.py", line 520, in privPostEvent
    self.__doPythonCallbacks()
  File "D:\!-ARISTOTOWN ALTIS EDITION-!\Project-Altis-master\dependencies\panda\direct\interval\MetaInterval.py", line 496, in __doPythonCallbacks
    ival.privDoEvent(t, eventType)
  File "D:\!-ARISTOTOWN ALTIS EDITION-!\Project-Altis-master\dependencies\panda\direct\interval\Interval.py", line 210, in privDoEvent
    self.privInstant()
  File "D:\!-ARISTOTOWN ALTIS EDITION-!\Project-Altis-master\dependencies\panda\direct\interval\FunctionInterval.py", line 91, in privInstant
    self.function(*self.extraArgs, **self.kw)
  File "toontown\battle\MovieUtil.py", line 114, in showProps
    for prop in props:
TypeError: 'Actor' object is not iterable
