TTLocalizer: Running in language: english
from toontown.toonbase.TTLocalizerEnglish import *
OTPLocalizer: Running in language: english
from otp.otpbase.OTPLocalizerEnglish import *
AppRunner has been removed and AppRunnerGlobal has been deprecated
Preloading suits...
Preloading Toon heads...
Preloading Toon heads...
Preloading avatars...
{402000001: <toontown.distributed.ToontownDistrict.ToontownDistrict instance at 0x0000000025ED3D88>}
__handleAvatarChooserDone: 100000076, 'BDOG', ('dss', 'sd', 's', 'f', (0.9333, 0.8235, 0.9333, 1.0), (1.0, 1.0, 1.0, 1.0), (0.9333, 0.8235, 0.9333, 1.0), (0.9333, 0.8235, 0.9333, 1.0), 6, 4, 6, 4, 1, 21), 5
NodePath.iPosHpr() is deprecated.
NodePath.iPosHpr() is deprecated.
0
Reading DNA file... phase_4/dna/storage.pdna
Reading DNA file... phase_3.5/dna/storage_interior.pdna
frame rate: 52.0 fps|0.006d|92 avs||330|331||0x0000|0x0000|874.0MB|1707.0MB|32717.5MB|1162|nt.2.6.2|3.593,3.593|8,16 cpus|OpenGL
Battle Event localtoon-battle-event-3
chooseFireOpenShot <function suitGroupThreeQuarterLeftBehindShot at 0x0000000019537F98>
chooseFireOpenShot <function suitGroupThreeQuarterLeftBehindShot at 0x0000000019537F98>
Warning: NodePath.remove() is deprecated.  Use remove_node() instead.
Warning: NodePath.remove() is deprecated.  Use remove_node() instead.
frame rate: 50.8 fps|0.020d|117 avs||630|631||0x0000|0x0000|1009.8MB|2000.4MB|32717.5MB|1329|nt.2.6.2|3.593,3.593|8,16 cpus|OpenGL
