TTLocalizer: Running in language: english
from toontown.toonbase.TTLocalizerEnglish import *
OTPLocalizer: Running in language: english
from otp.otpbase.OTPLocalizerEnglish import *
AppRunner has been removed and AppRunnerGlobal has been deprecated
Preloading suits...
Preloading Toon heads...
Preloading Toon heads...
Preloading avatars...
Traceback (most recent call last):
  File "D:\!-ARISTOTOWN ALTIS EDITION-!\Project-Altis-master\dependencies\panda\python\lib\runpy.py", line 174, in _run_module_as_main
    "__main__", fname, loader, pkg_name)
  File "D:\!-ARISTOTOWN ALTIS EDITION-!\Project-Altis-master\dependencies\panda\python\lib\runpy.py", line 72, in _run_code
    exec code in run_globals
  File "D:\!-ARISTOTOWN ALTIS EDITION-!\Project-Altis-master\toontown\toonbase\ClientStart.py", line 158, in <module>
    from toontown.distributed import ToontownClientRepository
  File "toontown\distributed\ToontownClientRepository.py", line 5, in <module>
    from toontown.distributed import PlayGame
  File "toontown\distributed\PlayGame.py", line 10, in <module>
    from toontown.hood import TTHood
  File "toontown\hood\TTHood.py", line 1, in <module>
    from toontown.safezone.TTSafeZoneLoader import TTSafeZoneLoader
  File "toontown\safezone\TTSafeZoneLoader.py", line 1, in <module>
    from toontown.safezone import SafeZoneLoader
  File "toontown\safezone\SafeZoneLoader.py", line 21, in <module>
    from toontown.town import TownBattle
  File "toontown\town\TownBattle.py", line 17, in <module>
    from toontown.town import TownBattleCogPanel
  File "toontown\town\TownBattleCogPanel.py", line 10, in <module>
    from toontown.battle import DistributedBattleBase
  File "toontown\battle\DistributedBattleBase.py", line 14, in <module>
    from toontown.battle import Movie
  File "toontown\battle\Movie.py", line 18, in <module>
    from toontown.battle import MovieSuitAttacks
  File "toontown\battle\MovieSuitAttacks.py", line 12807
    damageAnims = [['cringe'], ['cringe', 0.01]]
    ^
IndentationError: unexpected indent
