TTLocalizer: Running in language: english
from toontown.toonbase.TTLocalizerEnglish import *
OTPLocalizer: Running in language: english
from otp.otpbase.OTPLocalizerEnglish import *
AppRunner has been removed and AppRunnerGlobal has been deprecated
Preloading suits...
Preloading Toon heads...
Preloading Toon heads...
Preloading avatars...
{402000001: <toontown.distributed.ToontownDistrict.ToontownDistrict instance at 0x0000000025E6CB88>}
__handleAvatarChooserDone: 100000076, 'BDOG', ('dss', 'sd', 's', 'f', (0.9333, 0.8235, 0.9333, 1.0), (1.0, 1.0, 1.0, 1.0), (0.9333, 0.8235, 0.9333, 1.0), (0.9333, 0.8235, 0.9333, 1.0), 6, 4, 6, 4, 1, 21), 5
NodePath.iPosHpr() is deprecated.
NodePath.iPosHpr() is deprecated.
0
Reading DNA file... phase_4/dna/storage.pdna
Reading DNA file... phase_3.5/dna/storage_interior.pdna
Battle Event localtoon-battle-event-3
frame rate: 63.2 fps|0.006d|34 avs||331|331||0x0000|0x0000|822.2MB|1665.7MB|32717.5MB|1127|nt.2.6.2|3.593,3.593|8,16 cpus|OpenGL
frame rate: 55.0 fps|0.005d|36 avs||631|631||0x0000|0x0000|888.0MB|1817.6MB|32717.5MB|1212|nt.2.6.2|3.593,3.593|8,16 cpus|OpenGL
frame rate: 49.7 fps|0.005d|52 avs||931|931||0x0000|0x0000|972.4MB|1976.2MB|32717.5MB|1304|nt.2.6.2|3.593,3.593|8,16 cpus|OpenGL
Traceback (most recent call last):
  File "D:\!-ARISTOTOWN ALTIS EDITION-!\Project-Altis-master\dependencies\panda\direct\distributed\ConnectionRepository.py", line 609, in readerPollUntilEmpty
    while self.readerPollOnce():
  File "D:\!-ARISTOTOWN ALTIS EDITION-!\Project-Altis-master\dependencies\panda\direct\distributed\ConnectionRepository.py", line 616, in readerPollOnce
    self.handleDatagram(self.private__di)
  File "otp\distributed\OTPClientRepository.py", line 1856, in handleDatagram
    self.handler(msgType, di)
  File "otp\distributed\OTPClientRepository.py", line 1467, in handlePlayGame
    self.handleUpdateField(di)
  File "D:\!-ARISTOTOWN ALTIS EDITION-!\Project-Altis-master\dependencies\panda\direct\distributed\ClientRepositoryBase.py", line 437, in handleUpdateField
    self.__doUpdate(doId, di, ovUpdated)
  File "D:\!-ARISTOTOWN ALTIS EDITION-!\Project-Altis-master\dependencies\panda\direct\distributed\ClientRepositoryBase.py", line 445, in __doUpdate
    do.dclass.receiveUpdate(do, di)
  File "toontown\battle\DistributedBattleBase.py", line 399, in setState
    self.fsm.request(state, [globalClockDelta.localElapsedTime(timestamp)])
  File "D:\!-ARISTOTOWN ALTIS EDITION-!\Project-Altis-master\dependencies\panda\direct\fsm\ClassicFSM.py", line 282, in request
    exitArgList)
  File "D:\!-ARISTOTOWN ALTIS EDITION-!\Project-Altis-master\dependencies\panda\direct\fsm\ClassicFSM.py", line 229, in __transition
    self.__enter(aState, enterArgList)
  File "D:\!-ARISTOTOWN ALTIS EDITION-!\Project-Altis-master\dependencies\panda\direct\fsm\ClassicFSM.py", line 215, in __enter
    aState.enter(argList)
  File "D:\!-ARISTOTOWN ALTIS EDITION-!\Project-Altis-master\dependencies\panda\direct\fsm\State.py", line 202, in enter
    self.__enterFunc(*argList)
  File "toontown\battle\DistributedBattleBase.py", line 1376, in enterPlayMovie
    self.movie.play(ts, self.__handleMovieDone)
  File "toontown\battle\Movie.py", line 239, in play
    sattacks, scam = self.__doSuitAttacks()
  File "toontown\battle\Movie.py", line 900, in __doSuitAttacks
    ival, camIval = MovieSuitAttacks.doSuitAttack(a)
  File "toontown\battle\MovieSuitAttacks.py", line 527, in doSuitAttack
    suitTrack = doReOrgBreachOfContract(attack)
  File "toontown\battle\MovieSuitAttacks.py", line 10339, in doReOrgBreachOfContract
    sprayEffect = BattleParticles.createParticleEffect(file='DemotionSpray3')
  File "toontown\battle\BattleParticles.py", line 48, in createParticleEffect
    return loadParticleFile(fileName)
  File "toontown\battle\BattleParticles.py", line 39, in loadParticleFile
    particleFunc = ParticleDefs.ParticleTable[name]
KeyError: 'DemotionSpray3'
Traceback (most recent call last):
  File "otp\otpbase\OTPBase.py", line 235, in run
    taskMgr.run()
  File "D:\!-ARISTOTOWN ALTIS EDITION-!\Project-Altis-master\dependencies\panda\direct\task\Task.py", line 538, in run
    self.step()
  File "D:\!-ARISTOTOWN ALTIS EDITION-!\Project-Altis-master\dependencies\panda\direct\task\Task.py", line 492, in step
    self.mgr.poll()
  File "D:\!-ARISTOTOWN ALTIS EDITION-!\Project-Altis-master\dependencies\panda\direct\distributed\ConnectionRepository.py", line 609, in readerPollUntilEmpty
    while self.readerPollOnce():
  File "D:\!-ARISTOTOWN ALTIS EDITION-!\Project-Altis-master\dependencies\panda\direct\distributed\ConnectionRepository.py", line 616, in readerPollOnce
    self.handleDatagram(self.private__di)
  File "otp\distributed\OTPClientRepository.py", line 1856, in handleDatagram
    self.handler(msgType, di)
  File "otp\distributed\OTPClientRepository.py", line 1467, in handlePlayGame
    self.handleUpdateField(di)
  File "D:\!-ARISTOTOWN ALTIS EDITION-!\Project-Altis-master\dependencies\panda\direct\distributed\ClientRepositoryBase.py", line 437, in handleUpdateField
    self.__doUpdate(doId, di, ovUpdated)
  File "D:\!-ARISTOTOWN ALTIS EDITION-!\Project-Altis-master\dependencies\panda\direct\distributed\ClientRepositoryBase.py", line 445, in __doUpdate
    do.dclass.receiveUpdate(do, di)
  File "toontown\battle\DistributedBattleBase.py", line 399, in setState
    self.fsm.request(state, [globalClockDelta.localElapsedTime(timestamp)])
  File "D:\!-ARISTOTOWN ALTIS EDITION-!\Project-Altis-master\dependencies\panda\direct\fsm\ClassicFSM.py", line 282, in request
    exitArgList)
  File "D:\!-ARISTOTOWN ALTIS EDITION-!\Project-Altis-master\dependencies\panda\direct\fsm\ClassicFSM.py", line 229, in __transition
    self.__enter(aState, enterArgList)
  File "D:\!-ARISTOTOWN ALTIS EDITION-!\Project-Altis-master\dependencies\panda\direct\fsm\ClassicFSM.py", line 215, in __enter
    aState.enter(argList)
  File "D:\!-ARISTOTOWN ALTIS EDITION-!\Project-Altis-master\dependencies\panda\direct\fsm\State.py", line 202, in enter
    self.__enterFunc(*argList)
  File "toontown\battle\DistributedBattleBase.py", line 1376, in enterPlayMovie
    self.movie.play(ts, self.__handleMovieDone)
  File "toontown\battle\Movie.py", line 239, in play
    sattacks, scam = self.__doSuitAttacks()
  File "toontown\battle\Movie.py", line 900, in __doSuitAttacks
    ival, camIval = MovieSuitAttacks.doSuitAttack(a)
  File "toontown\battle\MovieSuitAttacks.py", line 527, in doSuitAttack
    suitTrack = doReOrgBreachOfContract(attack)
  File "toontown\battle\MovieSuitAttacks.py", line 10339, in doReOrgBreachOfContract
    sprayEffect = BattleParticles.createParticleEffect(file='DemotionSpray3')
  File "toontown\battle\BattleParticles.py", line 48, in createParticleEffect
    return loadParticleFile(fileName)
  File "toontown\battle\BattleParticles.py", line 39, in loadParticleFile
    particleFunc = ParticleDefs.ParticleTable[name]
KeyError: 'DemotionSpray3'
