TTLocalizer: Running in language: english
from toontown.toonbase.TTLocalizerEnglish import *
OTPLocalizer: Running in language: english
from otp.otpbase.OTPLocalizerEnglish import *
AppRunner has been removed and AppRunnerGlobal has been deprecated
Preloading suits...
Preloading Toon heads...
Preloading Toon heads...
Preloading avatars...
{402000001: <toontown.distributed.ToontownDistrict.ToontownDistrict instance at 0x0000000025F8FB88>}
__handleAvatarChooserDone: 100000086, 'Mr. Rockenzap', ('lss', 'ms', 's', 'm', (0.984, 0.537, 0.396, 1.0), (1.0, 1.0, 1.0, 1.0), (0.984, 0.537, 0.396, 1.0), (0.984, 0.537, 0.396, 1.0), 11, 0, 0, 0, 1, 20), 4
NodePath.iPosHpr() is deprecated.
NodePath.iPosHpr() is deprecated.
0
Reading DNA file... phase_4/dna/storage.pdna
Reading DNA file... phase_3.5/dna/storage_interior.pdna
Battle Event localtoon-battle-event-3
Exception occurred while processing Func-showProp-208 of movie-track-with-cam-402016155:
movie-track-with-cam-402016155:
  0.000 movie-track-with-cam-402016155 {
  0.000   movie-track-402016155 {
  0.000     Sequence-179 {
  0.000       toon-attacks {
  0.000         Sequence-185 {
  0.000           Parallel-200 {
  0.000             Sequence-186 {
  0.000               *Func-showProps-205
  0.000               *Actor-pushbutton-21 dur 4
  4.000               *Func-removeProps-206
  4.000               *Func-loop-207
  4.000               Wait dur 2
  6.000             }
  0.000             Parallel-194 {
  0.000               Sequence-188 {
  0.000                 *Func-showProp-208
  0.000                 *Actor-cannon-22 dur 1
  1.000                 *Func-removeProp-209
  1.000                 *Func-showProp-210
  1.000                 *Actor-cannon2-23 dur 3.20833
  4.208                 *Func-removeProp-211
  4.208               }
  0.000               Sequence-193 {
  0.000                 Sequence-190 {
  0.000                   Wait dur 0.01
  0.010                   *Sound-22 dur 1.88
  1.890                 }
  1.890                 Sequence-191 {
  1.890                   Wait dur 0.01
  1.900                   *Sound-23 dur 1.227
  3.127                 }
  3.127                 Sequence-192 {
  3.127                   Wait dur 0.01
  3.137                   *Sound-24 dur 1.562
  4.699                 }
  4.699               }
  0.000               Sequence-187 {
  0.000                 Wait dur 5
  5.000                 *Func-__healToon-204
  5.000               }
  5.000             }
  6.000           }
  6.000         }
  6.000       }
  6.000       suit-attacks {
  6.000         Sequence-320 {
  6.000           *Func-makeUnLured-580
  6.000           Parallel-319 {
  6.000             *Func-unlureSuit-582
  6.000             Parallel-317 {
  6.000               *Func-setChatAbsolute-581
  6.000             }
  6.000             Sequence-318 {
  6.000               *Func-setHpr-583
  6.000               *Actor-walk-31 dur 0.5
  6.500               *Func-loop-584
  6.500             }
  6.000             LerpPosInterval-681: pos to 5 6 0 dur 0.5
  6.500           }
  6.500           Sequence-316 {
  6.500             *Func-makeUnLured-580
  6.500             *Func-setNeutralAnimation-579
  6.500             Parallel-288 {
  6.500               Sequence-206 {
  6.500                 Wait
  6.500                 *Func-setChatAbsolute-218
  6.500                 *Actor-effort-26 dur 4.56667
 11.067                 *Func-setNeutralAnimation-219
 11.067               }
  6.500               Parallel-207 {
  6.500                 Sequence-208 {
  6.500                   Wait dur 4
 10.500                   *Func-reparentTo-220
 10.500                   *Func-setPos-221
 10.500                   *Func-lookAt-222
 10.500                   *Func-setScale-223
 10.500                   LerpPosInterval-589: pos to -2 -5 -2 dur 0.2
 10.700                   *Func-removeProp-224
 10.700                 }
  6.500                 Sequence-209 {
  6.500                   Wait dur 4.05
 10.550                   *Func-reparentTo-225
 10.550                   *Func-setPos-226
 10.550                   *Func-lookAt-227
 10.550                   *Func-setScale-228
 10.550                   LerpPosInterval-590: pos to -7 -5 -2 dur 0.2
 10.750                   *Func-removeProp-229
 10.750                 }
  6.500                 Sequence-210 {
  6.500                   Wait dur 4.1
 10.600                   *Func-reparentTo-230
 10.600                   *Func-setPos-231
 10.600                   *Func-lookAt-232
 10.600                   *Func-setScale-233
 10.600                   LerpPosInterval-591: pos to -10 -5 -2 dur 0.2
 10.800                   *Func-removeProp-234
 10.800                 }
  6.500                 Sequence-211 {
  6.500                   Wait dur 4.15
 10.650                   *Func-reparentTo-235
 10.650                   *Func-setPos-236
 10.650                   *Func-lookAt-237
 10.650                   *Func-setScale-238
 10.650                   LerpPosInterval-592: pos to -5 -6 -2 dur 0.2
 10.850                   *Func-removeProp-239
 10.850                 }
  6.500                 Sequence-212 {
  6.500                   Wait dur 4.2
 10.700                   *Func-reparentTo-240
 10.700                   *Func-setPos-241
 10.700                   *Func-lookAt-242
 10.700                   *Func-setScale-243
 10.700                   LerpPosInterval-593: pos to 4 -5 -2 dur 0.2
 10.900                   *Func-removeProp-244
 10.900                 }
  6.500                 Sequence-213 {
  6.500                   Wait dur 4.25
 10.750                   *Func-reparentTo-245
 10.750                   *Func-setPos-246
 10.750                   *Func-lookAt-247
 10.750                   *Func-setScale-248
 10.750                   LerpPosInterval-594: pos to -9 -5 -2 dur 0.2
 10.950                   *Func-removeProp-249
 10.950                 }
  6.500                 Sequence-214 {
  6.500                   Wait dur 4.3
 10.800                   *Func-reparentTo-250
 10.800                   *Func-setPos-251
 10.800                   *Func-lookAt-252
 10.800                   *Func-setScale-253
 10.800                   LerpPosInterval-595: pos to -7 -6 -2 dur 0.2
 11.000                   *Func-removeProp-254
 11.000                 }
  6.500                 Sequence-215 {
  6.500                   Wait dur 4.35
 10.850                   *Func-reparentTo-255
 10.850                   *Func-setPos-256
 10.850                   *Func-lookAt-257
 10.850                   *Func-setScale-258
 10.850                   LerpPosInterval-596: pos to 1 -6 -2 dur 0.2
 11.050                   *Func-removeProp-259
 11.050                 }
  6.500                 Sequence-216 {
  6.500                   Wait dur 4.4
 10.900                   *Func-reparentTo-260
 10.900                   *Func-setPos-261
 10.900                   *Func-lookAt-262
 10.900                   *Func-setScale-263
 10.900                   LerpPosInterval-597: pos to -2 -5 -2 dur 0.2
 11.100                   *Func-removeProp-264
 11.100                 }
  6.500                 Sequence-217 {
  6.500                   Wait dur 4.45
 10.950                   *Func-reparentTo-265
 10.950                   *Func-setPos-266
 10.950                   *Func-lookAt-267
 10.950                   *Func-setScale-268
 10.950                   LerpPosInterval-598: pos to 0 -5 -2 dur 0.2
 11.150                   *Func-removeProp-269
 11.150                 }
  6.500                 Sequence-218 {
  6.500                   Wait dur 4.5
 11.000                   *Func-reparentTo-270
 11.000                   *Func-setPos-271
 11.000                   *Func-lookAt-272
 11.000                   *Func-setScale-273
 11.000                   LerpPosInterval-599: pos to -4 -6 -2 dur 0.2
 11.200                   *Func-removeProp-274
 11.200                 }
  6.500                 Sequence-219 {
  6.500                   Wait dur 4.55
 11.050                   *Func-reparentTo-275
 11.050                   *Func-setPos-276
 11.050                   *Func-lookAt-277
 11.050                   *Func-setScale-278
 11.050                   LerpPosInterval-600: pos to -9 -6 -2 dur 0.2
 11.250                   *Func-removeProp-279
 11.250                 }
  6.500                 Sequence-220 {
  6.500                   Wait dur 4.6
 11.100                   *Func-reparentTo-280
 11.100                   *Func-setPos-281
 11.100                   *Func-lookAt-282
 11.100                   *Func-setScale-283
 11.100                   LerpPosInterval-601: pos to -1 -6 -2 dur 0.2
 11.300                   *Func-removeProp-284
 11.300                 }
  6.500                 Sequence-221 {
  6.500                   Wait dur 4.65
 11.150                   *Func-reparentTo-285
 11.150                   *Func-setPos-286
 11.150                   *Func-lookAt-287
 11.150                   *Func-setScale-288
 11.150                   LerpPosInterval-602: pos to 1 -5 -2 dur 0.2
 11.350                   *Func-removeProp-289
 11.350                 }
  6.500                 Sequence-222 {
  6.500                   Wait dur 4.7
 11.200                   *Func-reparentTo-290
 11.200                   *Func-setPos-291
 11.200                   *Func-lookAt-292
 11.200                   *Func-setScale-293
 11.200                   LerpPosInterval-603: pos to -6 -6 -2 dur 0.2
 11.400                   *Func-removeProp-294
 11.400                 }
  6.500                 Sequence-223 {
  6.500                   Wait dur 4.75
 11.250                   *Func-reparentTo-295
 11.250                   *Func-setPos-296
 11.250                   *Func-lookAt-297
 11.250                   *Func-setScale-298
 11.250                   LerpPosInterval-604: pos to -2 -6 -2 dur 0.2
 11.450                   *Func-removeProp-299
 11.450                 }
  6.500                 Sequence-224 {
  6.500                   Wait dur 4.8
 11.300                   *Func-reparentTo-300
 11.300                   *Func-setPos-301
 11.300                   *Func-lookAt-302
 11.300                   *Func-setScale-303
 11.300                   LerpPosInterval-605: pos to 5 -6 -2 dur 0.2
 11.500                   *Func-removeProp-304
 11.500                 }
  6.500                 Sequence-225 {
  6.500                   Wait dur 4.85
 11.350                   *Func-reparentTo-305
 11.350                   *Func-setPos-306
 11.350                   *Func-lookAt-307
 11.350                   *Func-setScale-308
 11.350                   LerpPosInterval-606: pos to -5 -5 -2 dur 0.2
 11.550                   *Func-removeProp-309
 11.550                 }
  6.500                 Sequence-226 {
  6.500                   Wait dur 4.9
 11.400                   *Func-reparentTo-310
 11.400                   *Func-setPos-311
 11.400                   *Func-lookAt-312
 11.400                   *Func-setScale-313
 11.400                   LerpPosInterval-607: pos to -3 -6 -2 dur 0.2
 11.600                   *Func-removeProp-314
 11.600                 }
  6.500                 Sequence-227 {
  6.500                   Wait dur 4.95
 11.450                   *Func-reparentTo-315
 11.450                   *Func-setPos-316
 11.450                   *Func-lookAt-317
 11.450                   *Func-setScale-318
 11.450                   LerpPosInterval-608: pos to -5 -6 -2 dur 0.2
 11.650                   *Func-removeProp-319
 11.650                 }
  6.500                 Sequence-228 {
  6.500                   Wait dur 5
 11.500                   *Func-reparentTo-320
 11.500                   *Func-setPos-321
 11.500                   *Func-lookAt-322
 11.500                   *Func-setScale-323
 11.500                   LerpPosInterval-609: pos to -3 -5 -2 dur 0.2
 11.700                   *Func-removeProp-324
 11.700                 }
  6.500                 Sequence-229 {
  6.500                   Wait dur 5.05
 11.550                   *Func-reparentTo-325
 11.550                   *Func-setPos-326
 11.550                   *Func-lookAt-327
 11.550                   *Func-setScale-328
 11.550                   LerpPosInterval-610: pos to -5 -5 -2 dur 0.2
 11.750                   *Func-removeProp-329
 11.750                 }
  6.500                 Sequence-230 {
  6.500                   Wait dur 5.1
 11.600                   *Func-reparentTo-330
 11.600                   *Func-setPos-331
 11.600                   *Func-lookAt-332
 11.600                   *Func-setScale-333
 11.600                   LerpPosInterval-611: pos to 5 -5 -2 dur 0.2
 11.800                   *Func-removeProp-334
 11.800                 }
  6.500                 Sequence-231 {
  6.500                   Wait dur 5.15
 11.650                   *Func-reparentTo-335
 11.650                   *Func-setPos-336
 11.650                   *Func-lookAt-337
 11.650                   *Func-setScale-338
 11.650                   LerpPosInterval-612: pos to 4 -6 -2 dur 0.2
 11.850                   *Func-removeProp-339
 11.850                 }
  6.500                 Sequence-232 {
  6.500                   Wait dur 5.2
 11.700                   *Func-reparentTo-340
 11.700                   *Func-setPos-341
 11.700                   *Func-lookAt-342
 11.700                   *Func-setScale-343
 11.700                   LerpPosInterval-613: pos to 2 -6 -2 dur 0.2
 11.900                   *Func-removeProp-344
 11.900                 }
  6.500                 Sequence-233 {
  6.500                   Wait dur 5.25
 11.750                   *Func-reparentTo-345
 11.750                   *Func-setPos-346
 11.750                   *Func-lookAt-347
 11.750                   *Func-setScale-348
 11.750                   LerpPosInterval-614: pos to 6 -6 -2 dur 0.2
 11.950                   *Func-removeProp-349
 11.950                 }
  6.500                 Sequence-234 {
  6.500                   Wait dur 5.3
 11.800                   *Func-reparentTo-350
 11.800                   *Func-setPos-351
 11.800                   *Func-lookAt-352
 11.800                   *Func-setScale-353
 11.800                   LerpPosInterval-615: pos to -1 -5 -2 dur 0.2
 12.000                   *Func-removeProp-354
 12.000                 }
  6.500                 Sequence-235 {
  6.500                   Wait dur 5.35
 11.850                   *Func-reparentTo-355
 11.850                   *Func-setPos-356
 11.850                   *Func-lookAt-357
 11.850                   *Func-setScale-358
 11.850                   LerpPosInterval-616: pos to 0 -5 -2 dur 0.2
 12.050                   *Func-removeProp-359
 12.050                 }
  6.500                 Sequence-236 {
  6.500                   Wait dur 5.4
 11.900                   *Func-reparentTo-360
 11.900                   *Func-setPos-361
 11.900                   *Func-lookAt-362
 11.900                   *Func-setScale-363
 11.900                   LerpPosInterval-617: pos to -6 -6 -2 dur 0.2
 12.100                   *Func-removeProp-364
 12.100                 }
  6.500                 Sequence-237 {
  6.500                   Wait dur 5.45
 11.950                   *Func-reparentTo-365
 11.950                   *Func-setPos-366
 11.950                   *Func-lookAt-367
 11.950                   *Func-setScale-368
 11.950                   LerpPosInterval-618: pos to 5 -6 -2 dur 0.2
 12.150                   *Func-removeProp-369
 12.150                 }
  6.500                 Sequence-238 {
  6.500                   Wait dur 5.5
 12.000                   *Func-reparentTo-370
 12.000                   *Func-setPos-371
 12.000                   *Func-lookAt-372
 12.000                   *Func-setScale-373
 12.000                   LerpPosInterval-619: pos to 3 -6 -2 dur 0.2
 12.200                   *Func-removeProp-374
 12.200                 }
  6.500                 Sequence-239 {
  6.500                   Wait dur 5.55
 12.050                   *Func-reparentTo-375
 12.050                   *Func-setPos-376
 12.050                   *Func-lookAt-377
 12.050                   *Func-setScale-378
 12.050                   LerpPosInterval-620: pos to -3 -6 -2 dur 0.2
 12.250                   *Func-removeProp-379
 12.250                 }
  6.500                 Sequence-240 {
  6.500                   Wait dur 5.6
 12.100                   *Func-reparentTo-380
 12.100                   *Func-setPos-381
 12.100                   *Func-lookAt-382
 12.100                   *Func-setScale-383
 12.100                   LerpPosInterval-621: pos to -3 -6 -2 dur 0.2
 12.300                   *Func-removeProp-384
 12.300                 }
  6.500                 Sequence-241 {
  6.500                   Wait dur 5.65
 12.150                   *Func-reparentTo-385
 12.150                   *Func-setPos-386
 12.150                   *Func-lookAt-387
 12.150                   *Func-setScale-388
 12.150                   LerpPosInterval-622: pos to -8 -5 -2 dur 0.2
 12.350                   *Func-removeProp-389
 12.350                 }
  6.500                 Sequence-242 {
  6.500                   Wait dur 5.7
 12.200                   *Func-reparentTo-390
 12.200                   *Func-setPos-391
 12.200                   *Func-lookAt-392
 12.200                   *Func-setScale-393
 12.200                   LerpPosInterval-623: pos to -5 -6 -2 dur 0.2
 12.400                   *Func-removeProp-394
 12.400                 }
  6.500                 Sequence-243 {
  6.500                   Wait dur 5.75
 12.250                   *Func-reparentTo-395
 12.250                   *Func-setPos-396
 12.250                   *Func-lookAt-397
 12.250                   *Func-setScale-398
 12.250                   LerpPosInterval-624: pos to 1 -5 -2 dur 0.2
 12.450                   *Func-removeProp-399
 12.450                 }
  6.500                 Sequence-244 {
  6.500                   Wait dur 5.8
 12.300                   *Func-reparentTo-400
 12.300                   *Func-setPos-401
 12.300                   *Func-lookAt-402
 12.300                   *Func-setScale-403
 12.300                   LerpPosInterval-625: pos to -6 -5 -2 dur 0.2
 12.500                   *Func-removeProp-404
 12.500                 }
  6.500                 Sequence-245 {
  6.500                   Wait dur 5.85
 12.350                   *Func-reparentTo-405
 12.350                   *Func-setPos-406
 12.350                   *Func-lookAt-407
 12.350                   *Func-setScale-408
 12.350                   LerpPosInterval-626: pos to -7 -6 -2 dur 0.2
 12.550                   *Func-removeProp-409
 12.550                 }
  6.500                 Sequence-246 {
  6.500                   Wait dur 5.9
 12.400                   *Func-reparentTo-410
 12.400                   *Func-setPos-411
 12.400                   *Func-lookAt-412
 12.400                   *Func-setScale-413
 12.400                   LerpPosInterval-627: pos to -4 -5 -2 dur 0.2
 12.600                   *Func-removeProp-414
 12.600                 }
  6.500                 Sequence-247 {
  6.500                   Wait dur 5.95
 12.450                   *Func-reparentTo-415
 12.450                   *Func-setPos-416
 12.450                   *Func-lookAt-417
 12.450                   *Func-setScale-418
 12.450                   LerpPosInterval-628: pos to 0 -6 -2 dur 0.2
 12.650                   *Func-removeProp-419
 12.650                 }
  6.500                 Sequence-248 {
  6.500                   Wait dur 6
 12.500                   *Func-reparentTo-420
 12.500                   *Func-setPos-421
 12.500                   *Func-lookAt-422
 12.500                   *Func-setScale-423
 12.500                   LerpPosInterval-629: pos to -9 -6 -2 dur 0.2
 12.700                   *Func-removeProp-424
 12.700                 }
  6.500                 Sequence-249 {
  6.500                   Wait dur 6.05
 12.550                   *Func-reparentTo-425
 12.550                   *Func-setPos-426
 12.550                   *Func-lookAt-427
 12.550                   *Func-setScale-428
 12.550                   LerpPosInterval-630: pos to 6 -6 -2 dur 0.2
 12.750                   *Func-removeProp-429
 12.750                 }
  6.500                 Sequence-250 {
  6.500                   Wait dur 6.1
 12.600                   *Func-reparentTo-430
 12.600                   *Func-setPos-431
 12.600                   *Func-lookAt-432
 12.600                   *Func-setScale-433
 12.600                   LerpPosInterval-631: pos to -6 -5 -2 dur 0.2
 12.800                   *Func-removeProp-434
 12.800                 }
  6.500                 Sequence-251 {
  6.500                   Wait dur 6.15
 12.650                   *Func-reparentTo-435
 12.650                   *Func-setPos-436
 12.650                   *Func-lookAt-437
 12.650                   *Func-setScale-438
 12.650                   LerpPosInterval-632: pos to -8 -6 -2 dur 0.2
 12.850                   *Func-removeProp-439
 12.850                 }
  6.500                 Sequence-252 {
  6.500                   Wait dur 6.2
 12.700                   *Func-reparentTo-440
 12.700                   *Func-setPos-441
 12.700                   *Func-lookAt-442
 12.700                   *Func-setScale-443
 12.700                   LerpPosInterval-633: pos to -9 -6 -2 dur 0.2
 12.900                   *Func-removeProp-444
 12.900                 }
  6.500                 Sequence-253 {
  6.500                   Wait dur 6.25
 12.750                   *Func-reparentTo-445
 12.750                   *Func-setPos-446
 12.750                   *Func-lookAt-447
 12.750                   *Func-setScale-448
 12.750                   LerpPosInterval-634: pos to 1 -6 -2 dur 0.2
 12.950                   *Func-removeProp-449
 12.950                 }
  6.500                 Sequence-254 {
  6.500                   Wait dur 6.3
 12.800                   *Func-reparentTo-450
 12.800                   *Func-setPos-451
 12.800                   *Func-lookAt-452
 12.800                   *Func-setScale-453
 12.800                   LerpPosInterval-635: pos to -9 -5 -2 dur 0.2
 13.000                   *Func-removeProp-454
 13.000                 }
  6.500                 Sequence-255 {
  6.500                   Wait dur 6.35
 12.850                   *Func-reparentTo-455
 12.850                   *Func-setPos-456
 12.850                   *Func-lookAt-457
 12.850                   *Func-setScale-458
 12.850                   LerpPosInterval-636: pos to 5 -5 -2 dur 0.2
 13.050                   *Func-removeProp-459
 13.050                 }
  6.500                 Sequence-256 {
  6.500                   Wait dur 6.4
 12.900                   *Func-reparentTo-460
 12.900                   *Func-setPos-461
 12.900                   *Func-lookAt-462
 12.900                   *Func-setScale-463
 12.900                   LerpPosInterval-637: pos to 2 -5 -2 dur 0.2
 13.100                   *Func-removeProp-464
 13.100                 }
  6.500                 Sequence-257 {
  6.500                   Wait dur 6.45
 12.950                   *Func-reparentTo-465
 12.950                   *Func-setPos-466
 12.950                   *Func-lookAt-467
 12.950                   *Func-setScale-468
 12.950                   LerpPosInterval-638: pos to -3 -5 -2 dur 0.2
 13.150                   *Func-removeProp-469
 13.150                 }
  6.500                 Sequence-258 {
  6.500                   Wait dur 6.5
 13.000                   *Func-reparentTo-470
 13.000                   *Func-setPos-471
 13.000                   *Func-lookAt-472
 13.000                   *Func-setScale-473
 13.000                   LerpPosInterval-639: pos to 6 -6 -2 dur 0.2
 13.200                   *Func-removeProp-474
 13.200                 }
  6.500                 Sequence-259 {
  6.500                   Wait dur 6.55
 13.050                   *Func-reparentTo-475
 13.050                   *Func-setPos-476
 13.050                   *Func-lookAt-477
 13.050                   *Func-setScale-478
 13.050                   LerpPosInterval-640: pos to 0 -6 -2 dur 0.2
 13.250                   *Func-removeProp-479
 13.250                 }
  6.500                 Sequence-260 {
  6.500                   Wait dur 6.6
 13.100                   *Func-reparentTo-480
 13.100                   *Func-setPos-481
 13.100                   *Func-lookAt-482
 13.100                   *Func-setScale-483
 13.100                   LerpPosInterval-641: pos to -6 -5 -2 dur 0.2
 13.300                   *Func-removeProp-484
 13.300                 }
  6.500                 Sequence-261 {
  6.500                   Wait dur 6.65
 13.150                   *Func-reparentTo-485
 13.150                   *Func-setPos-486
 13.150                   *Func-lookAt-487
 13.150                   *Func-setScale-488
 13.150                   LerpPosInterval-642: pos to -2 -6 -2 dur 0.2
 13.350                   *Func-removeProp-489
 13.350                 }
  6.500                 Sequence-262 {
  6.500                   Wait dur 6.7
 13.200                   *Func-reparentTo-490
 13.200                   *Func-setPos-491
 13.200                   *Func-lookAt-492
 13.200                   *Func-setScale-493
 13.200                   LerpPosInterval-643: pos to 0 -5 -2 dur 0.2
 13.400                   *Func-removeProp-494
 13.400                 }
  6.500                 Sequence-263 {
  6.500                   Wait dur 6.75
 13.250                   *Func-reparentTo-495
 13.250                   *Func-setPos-496
 13.250                   *Func-lookAt-497
 13.250                   *Func-setScale-498
 13.250                   LerpPosInterval-644: pos to -5 -5 -2 dur 0.2
 13.450                   *Func-removeProp-499
 13.450                 }
  6.500                 Sequence-264 {
  6.500                   Wait dur 6.8
 13.300                   *Func-reparentTo-500
 13.300                   *Func-setPos-501
 13.300                   *Func-lookAt-502
 13.300                   *Func-setScale-503
 13.300                   LerpPosInterval-645: pos to -4 -5 -2 dur 0.2
 13.500                   *Func-removeProp-504
 13.500                 }
  6.500                 Sequence-265 {
  6.500                   Wait dur 6.85
 13.350                   *Func-reparentTo-505
 13.350                   *Func-setPos-506
 13.350                   *Func-lookAt-507
 13.350                   *Func-setScale-508
 13.350                   LerpPosInterval-646: pos to 6 -6 -2 dur 0.2
 13.550                   *Func-removeProp-509
 13.550                 }
  6.500                 Sequence-266 {
  6.500                   Wait dur 6.9
 13.400                   *Func-reparentTo-510
 13.400                   *Func-setPos-511
 13.400                   *Func-lookAt-512
 13.400                   *Func-setScale-513
 13.400                   LerpPosInterval-647: pos to -8 -5 -2 dur 0.2
 13.600                   *Func-removeProp-514
 13.600                 }
  6.500                 Sequence-267 {
  6.500                   Wait dur 6.95
 13.450                   *Func-reparentTo-515
 13.450                   *Func-setPos-516
 13.450                   *Func-lookAt-517
 13.450                   *Func-setScale-518
 13.450                   LerpPosInterval-648: pos to 5 -6 -2 dur 0.2
 13.650                   *Func-removeProp-519
 13.650                 }
 13.650               }
  6.500               Parallel-270 {
  6.500                 Parallel-277 {
  6.500                   Sequence-271 {
  6.500                     *Func-headsUp-521
  6.500                     *Func-removeInsured-522
  6.500                     Sequence-274 {
  6.500                       Wait dur 3.9
 10.400                       Sequence-275 {
 10.400                         Wait dur 1e-06
 10.400                         *Actor-duck-28 dur 2.95
 13.350                       }
 13.350                       *Func-loop-531
 13.350                     }
 13.350                   }
  6.500                   Sequence-276 {
  6.500                     Wait dur 4.4
 10.900                     *Func-indicateMissed-532
 10.900                   }
 13.350                 }
  6.500                 Sequence-278 {
  6.500                   *Func-headsUp-533
  6.500                   *Func-removeInsured-534
  6.500                   Parallel-286 {
  6.500                     Sequence-281 {
  6.500                       Wait dur 4.11
 10.610                       Sequence-283 {
 10.610                         Wait dur 0.01
 10.620                         *Actor-slip-forward-29 dur 1.2
 11.820                         Wait dur 0.01
 11.830                         *Actor-slip-forward-30 dur 1.29167
 13.122                       }
 13.122                       *Func-loop-544
 13.122                     }
  6.500                     Sequence-284 {
  6.500                       Wait dur 4.12
 10.620                       *Func-__doDamage-543
 10.620                     }
  6.500                     Sequence-282 {
  6.500                     }
  6.500                     Sequence-285 {
  6.500                       Wait dur 4.12
 10.620                       *Sound-29 dur 0.572
 11.192                     }
 13.122                   }
 13.122                 }
 13.350               }
  6.500               Sequence-287 {
  6.500                 Wait dur 4
 10.500                 *Sound-30 dur 3.186
 13.686               }
 13.686             }
 13.686             *Func-setNeutralAnimation-578
 13.686             Parallel-313 {
 13.686               Sequence-314 {
 13.686                 *Func-headsUp-574
 13.686                 *Func-loop-575
 13.686               }
 13.686               Sequence-315 {
 13.686                 *Func-headsUp-576
 13.686                 *Func-loop-577
 13.686               }
 13.686             }
 13.686           }
 13.686         }
 13.686         Sequence-374 {
 13.686           *Func-makeUnLured-660
 13.686           Parallel-373 {
 13.686             *Func-unlureSuit-662
 13.686             Parallel-371 {
 13.686               *Func-setChatAbsolute-661
 13.686             }
 13.686             Sequence-372 {
 13.686               *Func-setHpr-663
 13.686               *Actor-walk-35 dur 0.5
 14.186               *Func-loop-664
 14.186             }
 13.686             LerpPosInterval-716: pos to 0 7 0 dur 0.5
 14.186           }
 14.186           Sequence-370 {
 14.186             *Func-makeUnLured-660
 14.186             *Func-setNeutralAnimation-659
 14.186             Parallel-336 {
 14.186               Sequence-324 {
 14.186                 Sequence-323 {
 14.186                   Wait dur 1e-06
 14.186                   *Func-setChatAbsolute-586
 14.186                   *Func-reparentTrap-587
 14.186                   *Func-headsUp-588
 14.186                   *Actor-cigar-smoke-32 dur 4.22222
 18.408                   *Func-setHpr-589
 18.408                   *Func-setNeutralAnimation-590
 18.408                   *Func-returnTrapToSuit-591
 18.408                 }
 18.408               }
 14.186               Sequence-328 {
 14.186                 *Func-headsUp-595
 14.186                 *Func-removeInsured-596
 14.186                 Parallel-335 {
 14.186                   Sequence-331 {
 14.186                     Wait dur 2.55
 16.736                     *Actor-cringe-34 dur 2.29167
 19.028                     *Func-loop-606
 19.028                   }
 14.186                   Sequence-333 {
 14.186                     Wait dur 2.56
 16.746                     *Func-__doDamage-605
 16.746                   }
 14.186                   Sequence-332 {
 14.186                   }
 14.186                   Sequence-334 {
 14.186                     Wait dur 2.56
 16.746                     *Sound-32 dur 0.572
 17.318                   }
 19.028                 }
 19.028               }
 14.186               Sequence-327 {
 14.186                 Wait dur 0.6
 14.786                 *Func-__showProp-593
 14.786                 LerpScaleInterval-682: scale from 0.01 0.01 0.01 to 7 7 7 dur 0.5
 15.286                 Wait dur 2.6
 17.886                 LerpScaleInterval-683: scale to 0.01 0.01 0.01 dur 0.5
 18.386                 *Func-removeProp-594
 18.386               }
 14.186               Sequence-337 {
 14.186                 Wait dur 2.45
 16.636                 *Particle-1 dur 1.5
 18.136               }
 14.186               Sequence-338 {
 14.186                 Wait dur 2.6
 16.786                 *Func-needRestoreColor-607
 16.786                 Parallel-339 {
 16.786                   *Func-setColorScale-608
 16.786                   *Func-setColorScale-609
 16.786                   *Func-setColorScale-610
 16.786                 }
 16.786                 Parallel-340 {
 16.786                   *Func-setColorScale-611
 16.786                   *Func-setColorScale-612
 16.786                   *Func-setColorScale-613
 16.786                 }
 16.786                 Parallel-341 {
 16.786                   *Func-setColorScale-614
 16.786                   *Func-setColorScale-615
 16.786                   *Func-setColorScale-616
 16.786                 }
 16.786                 Wait dur 2.2
 18.986                 Parallel-342 {
 18.986                   *Func-clearColorScale-617
 18.986                   *Func-clearColorScale-618
 18.986                   *Func-clearColorScale-619
 18.986                 }
 18.986                 Parallel-343 {
 18.986                   *Func-clearColorScale-620
 18.986                   *Func-clearColorScale-621
 18.986                   *Func-clearColorScale-622
 18.986                 }
 18.986                 Parallel-344 {
 18.986                   *Func-clearColorScale-623
 18.986                   *Func-clearColorScale-624
 18.986                   *Func-clearColorScale-625
 18.986                 }
 18.986                 *Func-clearRestoreColor-626
 18.986               }
 19.028             }
 19.028             *Func-setNeutralAnimation-658
 19.028             Sequence-369 {
 19.028               *Func-headsUp-656
 19.028               *Func-loop-657
 19.028             }
 19.028           }
 19.028         }
 19.028         Sequence-440 {
 19.028           *Func-makeUnLured-748
 19.028           Parallel-439 {
 19.028             *Func-unlureSuit-750
 19.028             Parallel-437 {
 19.028               *Func-setChatAbsolute-749
 19.028             }
 19.028             Sequence-438 {
 19.028               *Func-setHpr-751
 19.028               *Actor-walk-39 dur 0.5
 19.528               *Func-loop-752
 19.528             }
 19.028             LerpPosInterval-761: pos to -5 6 0 dur 0.5
 19.528           }
 19.528           Sequence-436 {
 19.528             *Func-makeUnLured-748
 19.528             *Func-setNeutralAnimation-747
 19.528             Parallel-410 {
 19.528               Sequence-377 {
 19.528                 Wait dur 1e-06
 19.528                 *Func-setChatAbsolute-666
 19.528                 *Func-reparentTrap-667
 19.528                 *Func-headsUp-668
 19.528                 *Actor-glower-36 dur 3
 22.528                 *Func-setHpr-669
 22.528                 *Func-setNeutralAnimation-670
 22.528                 *Func-returnTrapToSuit-671
 22.528               }
 19.528               Sequence-400 {
 19.528                 *Func-headsUp-703
 19.528                 *Func-removeInsured-704
 19.528                 Parallel-408 {
 19.528                   Sequence-403 {
 19.528                     Wait dur 1.6
 21.128                     Sequence-405 {
 21.128                       Wait dur 0.01
 21.138                       *Actor-slip-backward-38 dur 2.44167
 23.580                     }
 23.580                     *Func-loop-714
 23.580                   }
 19.528                   Sequence-406 {
 19.528                     Wait dur 1.61
 21.138                     *Func-__doDamage-713
 21.138                   }
 19.528                   Sequence-404 {
 19.528                   }
 19.528                   Sequence-407 {
 19.528                     Wait dur 1.61
 21.138                     *Sound-34 dur 0.572
 21.710                   }
 23.580                 }
 23.580               }
 19.528               Sequence-409 {
 19.528                 Wait dur 1.1
 20.628                 *Sound-35 dur 0.653
 21.281               }
 19.528               Parallel-380 {
 19.528                 Sequence-382 {
 19.528                   Wait dur 1.1
 20.628                   Wait
 20.628                   Sequence-383 {
 20.628                     Wait dur 1e-06
 20.628                     *Func-__showProp-673
 20.628                     LerpScaleInterval-717: scale from 0.01 0.01 0.01 to 0.4 0.4 0.4 dur 0.1
 20.728                   }
 20.728                   Sequence-384 {
 20.728                     *Func-needRestoreRenderProp-674
 20.728                     *Func-wrtReparentTo-675
 20.728                     *LerpPosInterval-718 dur 0.3
 21.028                     *Func-removeProp-676
 21.028                     *Func-clearRenderProp-677
 21.028                   }
 21.028                 }
 19.528                 Sequence-388 {
 19.528                   Wait dur 1.1
 20.628                   Wait dur 0.11
 20.738                   Sequence-389 {
 20.738                     Wait dur 1e-06
 20.738                     *Func-__showProp-683
 20.738                     LerpScaleInterval-721: scale from 0.01 0.01 0.01 to 0.4 0.4 0.4 dur 0.1
 20.838                   }
 20.838                   Sequence-390 {
 20.838                     *Func-needRestoreRenderProp-684
 20.838                     *Func-wrtReparentTo-685
 20.838                     *LerpPosInterval-722 dur 0.3
 21.138                     *Func-removeProp-686
 21.138                     *Func-clearRenderProp-687
 21.138                   }
 21.138                 }
 19.528                 Sequence-394 {
 19.528                   Wait dur 1.1
 20.628                   Wait dur 0.22
 20.848                   Sequence-395 {
 20.848                     Wait dur 1e-06
 20.848                     *Func-__showProp-693
 20.848                     LerpScaleInterval-725: scale from 0.01 0.01 0.01 to 0.4 0.4 0.4 dur 0.1
 20.948                   }
 20.948                   Sequence-396 {
 20.948                     *Func-needRestoreRenderProp-694
 20.948                     *Func-wrtReparentTo-695
 20.948                     *LerpPosInterval-726 dur 0.3
 21.248                     *Func-removeProp-696
 21.248                     *Func-clearRenderProp-697
 21.248                   }
 21.248                 }
 21.248               }
 19.528               Parallel-381 {
 19.528                 Sequence-385 {
 19.528                   Wait dur 1.1
 20.628                   Wait
 20.628                   Sequence-386 {
 20.628                     Wait dur 1e-06
 20.628                     *Func-__showProp-678
 20.628                     LerpScaleInterval-719: scale from 0.01 0.01 0.01 to 0.4 0.4 0.4 dur 0.1
 20.728                   }
 20.728                   Sequence-387 {
 20.728                     *Func-needRestoreRenderProp-679
 20.728                     *Func-wrtReparentTo-680
 20.728                     *LerpPosInterval-720 dur 0.3
 21.028                     *Func-removeProp-681
 21.028                     *Func-clearRenderProp-682
 21.028                   }
 21.028                 }
 19.528                 Sequence-391 {
 19.528                   Wait dur 1.1
 20.628                   Wait dur 0.11
 20.738                   Sequence-392 {
 20.738                     Wait dur 1e-06
 20.738                     *Func-__showProp-688
 20.738                     LerpScaleInterval-723: scale from 0.01 0.01 0.01 to 0.4 0.4 0.4 dur 0.1
 20.838                   }
 20.838                   Sequence-393 {
 20.838                     *Func-needRestoreRenderProp-689
 20.838                     *Func-wrtReparentTo-690
 20.838                     *LerpPosInterval-724 dur 0.3
 21.138                     *Func-removeProp-691
 21.138                     *Func-clearRenderProp-692
 21.138                   }
 21.138                 }
 19.528                 Sequence-397 {
 19.528                   Wait dur 1.1
 20.628                   Wait dur 0.22
 20.848                   Sequence-398 {
 20.848                     Wait dur 1e-06
 20.848                     *Func-__showProp-698
 20.848                     LerpScaleInterval-727: scale from 0.01 0.01 0.01 to 0.4 0.4 0.4 dur 0.1
 20.948                   }
 20.948                   Sequence-399 {
 20.948                     *Func-needRestoreRenderProp-699
 20.948                     *Func-wrtReparentTo-700
 20.948                     *LerpPosInterval-728 dur 0.3
 21.248                     *Func-removeProp-701
 21.248                     *Func-clearRenderProp-702
 21.248                   }
 21.248                 }
 21.248               }
 23.580             }
 23.580             *Func-setNeutralAnimation-746
 23.580             Sequence-435 {
 23.580               *Func-headsUp-744
 23.580               *Func-loop-745
 23.580             }
 23.580           }
 23.580         }
 23.580       }
 23.580       *Func-__handleMovieDone-754
 23.580     }
 23.580   }
  0.000   Sequence-443 {
  0.000     Sequence-180 {
  0.000       toon-attacks-cam {
  0.000         Sequence-201 {
  0.000           toonGroupShot {
  0.000             *Func-setPosHpr-216
  0.000             Wait dur 2.8
  2.800           }
  2.800           toonGroupShot {
  2.800             *Func-setPosHpr-217
  2.800             Wait dur 3.2
  6.000           }
  6.000         }
  6.000       }
  6.000       suit-attacks-cam {
  6.000         Sequence-322 {
  6.000           Sequence-321 {
  6.000             Wait dur 0.5
  6.500             *Func-unlureSuit-585
  6.500           }
  6.500           Parallel-312 {
  6.500             Sequence-289 {
  6.500               Sequence-308 {
  6.500                 Sequence-306 {
  6.500                   *Func-setPos-566
  6.500                   *Func-lookAt-567
  6.500                   Wait dur 2.5
  9.000                 }
  9.000                 Sequence-307 {
  9.000                   *Func-setPos-568
  9.000                   *Func-lookAt-569
  9.000                   Wait dur 4.686
 13.686                 }
 13.686               }
 13.686             }
  6.500             Sequence-311 {
  6.500               LerpColorScaleInterval-673: color_scale to 1 0 0 1 dur 0
  6.500               *Func-hide-570
  6.500               *Func-setScale-571
  6.500               LerpScaleInterval-674: scale to 0 0 0 dur 0
  6.500               LerpPosInterval-675: pos to 0 0 0.42 dur 0
  6.500               *Func-setText-572
  6.500               *Func-show-573
  6.500               Wait dur 0.5
  7.000               Parallel-309 {
  7.000                 LerpScaleInterval-676: scale to 1.2 1.2 1.2 dur 0.25
  7.000                 LerpPosInterval-677: pos to 0 0 -0.075 dur 0.25
  7.250               }
  7.250               Parallel-310 {
  7.250                 LerpScaleInterval-678: scale to 1.1 1.1 1.1 dur 0.25
  7.250                 LerpPosInterval-679: pos to 0 0 -0.04 dur 0.25
  7.500               }
  7.500               Wait dur 2
  9.500               LerpColorScaleInterval-680: color_scale to 0 0 0 0 dur 0.25
  9.750             }
 13.686           }
 13.686         }
 13.686         Sequence-376 {
 13.686           Sequence-375 {
 13.686             Wait dur 0.5
 14.186             *Func-unlureSuit-665
 14.186           }
 14.186           Parallel-368 {
 14.186             Sequence-345 {
 14.186               Sequence-364 {
 14.186                 Sequence-362 {
 14.186                   *Func-setPos-648
 14.186                   *Func-lookAt-649
 14.186                   Wait dur 2
 16.186                 }
 16.186                 Sequence-363 {
 16.186                   *Func-setPos-650
 16.186                   *Func-focusCameraBetweenPoints-651
 16.186                   Wait dur 2.842
 19.028                 }
 19.028               }
 19.028             }
 14.186             Sequence-367 {
 14.186               LerpColorScaleInterval-708: color_scale to 1 0 0 1 dur 0
 14.186               *Func-hide-652
 14.186               *Func-setScale-653
 14.186               LerpScaleInterval-709: scale to 0 0 0 dur 0
 14.186               LerpPosInterval-710: pos to 0 0 0.42 dur 0
 14.186               *Func-setText-654
 14.186               *Func-show-655
 14.186               Wait dur 0.5
 14.686               Parallel-365 {
 14.686                 LerpScaleInterval-711: scale to 1.2 1.2 1.2 dur 0.25
 14.686                 LerpPosInterval-712: pos to 0 0 -0.075 dur 0.25
 14.936               }
 14.936               Parallel-366 {
 14.936                 LerpScaleInterval-713: scale to 1.1 1.1 1.1 dur 0.25
 14.936                 LerpPosInterval-714: pos to 0 0 -0.04 dur 0.25
 15.186               }
 15.186               Wait dur 2
 17.186               LerpColorScaleInterval-715: color_scale to 0 0 0 0 dur 0.25
 17.436             }
 19.028           }
 19.028         }
 19.028         Sequence-442 {
 19.028           Sequence-441 {
 19.028             Wait dur 0.5
 19.528             *Func-unlureSuit-753
 19.528           }
 19.528           Parallel-434 {
 19.528             Sequence-411 {
 19.528               Sequence-430 {
 19.528                 Sequence-428 {
 19.528                   *Func-setPos-736
 19.528                   *Func-focusCameraBetweenPoints-737
 19.528                   Wait dur 1.5
 21.028                 }
 21.028                 Sequence-429 {
 21.028                   *Func-setPos-738
 21.028                   *Func-lookAt-739
 21.028                   Wait dur 2.552
 23.580                 }
 23.580               }
 23.580             }
 19.528             Sequence-433 {
 19.528               LerpColorScaleInterval-753: color_scale to 1 0 0 1 dur 0
 19.528               *Func-hide-740
 19.528               *Func-setScale-741
 19.528               LerpScaleInterval-754: scale to 0 0 0 dur 0
 19.528               LerpPosInterval-755: pos to 0 0 0.42 dur 0
 19.528               *Func-setText-742
 19.528               *Func-show-743
 19.528               Wait dur 0.5
 20.028               Parallel-431 {
 20.028                 LerpScaleInterval-756: scale to 1.2 1.2 1.2 dur 0.25
 20.028                 LerpPosInterval-757: pos to 0 0 -0.075 dur 0.25
 20.278               }
 20.278               Parallel-432 {
 20.278                 LerpScaleInterval-758: scale to 1.1 1.1 1.1 dur 0.25
 20.278                 LerpPosInterval-759: pos to 0 0 -0.04 dur 0.25
 20.528               }
 20.528               Wait dur 2
 22.528               LerpColorScaleInterval-760: color_scale to 0 0 0 0 dur 0.25
 22.778             }
 23.580           }
 23.580         }
 23.580       }
 23.580     }
 23.580   }
 23.580 }

Traceback (most recent call last):
  File "D:\!-ARISTOTOWN ALTIS EDITION-!\Project-Altis-master\dependencies\panda\direct\showbase\ShowBase.py", line 1963, in __ivalLoop
    IntervalManager.ivalMgr.step()
  File "D:\!-ARISTOTOWN ALTIS EDITION-!\Project-Altis-master\dependencies\panda\direct\interval\IntervalManager.py", line 95, in step
    self.__doPythonCallbacks()
  File "D:\!-ARISTOTOWN ALTIS EDITION-!\Project-Altis-master\dependencies\panda\direct\interval\IntervalManager.py", line 123, in __doPythonCallbacks
    self.ivals[index].privPostEvent()
  File "D:\!-ARISTOTOWN ALTIS EDITION-!\Project-Altis-master\dependencies\panda\direct\interval\MetaInterval.py", line 520, in privPostEvent
    self.__doPythonCallbacks()
  File "D:\!-ARISTOTOWN ALTIS EDITION-!\Project-Altis-master\dependencies\panda\direct\interval\MetaInterval.py", line 496, in __doPythonCallbacks
    ival.privDoEvent(t, eventType)
  File "D:\!-ARISTOTOWN ALTIS EDITION-!\Project-Altis-master\dependencies\panda\direct\interval\Interval.py", line 210, in privDoEvent
    self.privInstant()
  File "D:\!-ARISTOTOWN ALTIS EDITION-!\Project-Altis-master\dependencies\panda\direct\interval\FunctionInterval.py", line 91, in privInstant
    self.function(*self.extraArgs, **self.kw)
TypeError: showProp() takes at least 2 arguments (1 given)
Traceback (most recent call last):
  File "otp\otpbase\OTPBase.py", line 235, in run
    taskMgr.run()
  File "D:\!-ARISTOTOWN ALTIS EDITION-!\Project-Altis-master\dependencies\panda\direct\task\Task.py", line 538, in run
    self.step()
  File "D:\!-ARISTOTOWN ALTIS EDITION-!\Project-Altis-master\dependencies\panda\direct\task\Task.py", line 492, in step
    self.mgr.poll()
  File "D:\!-ARISTOTOWN ALTIS EDITION-!\Project-Altis-master\dependencies\panda\direct\showbase\ShowBase.py", line 1963, in __ivalLoop
    IntervalManager.ivalMgr.step()
  File "D:\!-ARISTOTOWN ALTIS EDITION-!\Project-Altis-master\dependencies\panda\direct\interval\IntervalManager.py", line 95, in step
    self.__doPythonCallbacks()
  File "D:\!-ARISTOTOWN ALTIS EDITION-!\Project-Altis-master\dependencies\panda\direct\interval\IntervalManager.py", line 123, in __doPythonCallbacks
    self.ivals[index].privPostEvent()
  File "D:\!-ARISTOTOWN ALTIS EDITION-!\Project-Altis-master\dependencies\panda\direct\interval\MetaInterval.py", line 520, in privPostEvent
    self.__doPythonCallbacks()
  File "D:\!-ARISTOTOWN ALTIS EDITION-!\Project-Altis-master\dependencies\panda\direct\interval\MetaInterval.py", line 496, in __doPythonCallbacks
    ival.privDoEvent(t, eventType)
  File "D:\!-ARISTOTOWN ALTIS EDITION-!\Project-Altis-master\dependencies\panda\direct\interval\Interval.py", line 210, in privDoEvent
    self.privInstant()
  File "D:\!-ARISTOTOWN ALTIS EDITION-!\Project-Altis-master\dependencies\panda\direct\interval\FunctionInterval.py", line 91, in privInstant
    self.function(*self.extraArgs, **self.kw)
TypeError: showProp() takes at least 2 arguments (1 given)
