TTLocalizer: Running in language: english
from toontown.toonbase.TTLocalizerEnglish import *
OTPLocalizer: Running in language: english
from otp.otpbase.OTPLocalizerEnglish import *
AppRunner has been removed and AppRunnerGlobal has been deprecated
Preloading suits...
Preloading Toon heads...
Preloading Toon heads...
Preloading avatars...
{402000001: <toontown.distributed.ToontownDistrict.ToontownDistrict instance at 0x0000000027B4EA88>}
__handleAvatarChooserDone: 100000086, 'Mr. Rockenzap', ('lss', 'ms', 's', 'm', (0.984, 0.537, 0.396, 1.0), (1.0, 1.0, 1.0, 1.0), (0.984, 0.537, 0.396, 1.0), (0.984, 0.537, 0.396, 1.0), 11, 0, 0, 0, 1, 20), 4
NodePath.iPosHpr() is deprecated.
NodePath.iPosHpr() is deprecated.
0
Reading DNA file... phase_4/dna/storage.pdna
Reading DNA file... phase_3.5/dna/storage_interior.pdna
Battle Event localtoon-battle-event-3
Exception occurred while processing Func-__splatSuit-134 of movie-track-with-cam-402005037:
movie-track-with-cam-402005037:
  0.000 movie-track-with-cam-402005037 {
  0.000   movie-track-402005037 {
  0.000     Sequence-102 {
  0.000       toon-attacks {
  0.000         Sequence-142 {
  0.000           Sequence-108 {
  0.000             Parallel-110 {
  0.000             }
  0.000           }
  0.000           Parallel-112 {
  0.000             Sequence-141 {
  0.000               Wait dur 0.4
  0.400               Parallel-113 {
  0.400                 Sequence-117 {
  0.400                   Wait
  0.400                   *Func-headsUp-114
  0.400                   Parallel-118 {
  0.400                     Parallel-116 {
  0.400                       Sequence-115 {
  0.400                         Wait dur 1
  1.400                         *Sound-8 dur 2.063
  3.463                       }
  0.400                       Sequence-114 {
  0.400                         Wait dur 3
  3.400                         *Sound-9 dur 0.783
  4.183                       }
  4.183                     }
  0.400                     *Actor-throw-19 dur 3.79167
  4.192                   }
  4.192                   *Func-loop-115
  4.192                   *Func-setHpr-116
  4.192                 }
  0.400                 Sequence-120 {
  0.400                   Wait
  0.400                   *Func-showProps-117
  0.400                   *Func-__animProp-118
  0.400                   Parallel-119 {
  0.400                     LerpScaleInterval-158: scale from 0.01 0.01 0.01 to 1 1 1 dur 1
  0.400                     LerpScaleInterval-159: scale from 0.01 0.01 0.01 to 1 1 1 dur 1
  1.400                   }
  1.400                   *Func-needRestoreRenderProp-120
  1.400                   Wait dur 1.7
  3.100                   *Func-__propPreflight-119
  3.100                   MovieThrow-pieFly: pos from -0.274376 -6.89142 0.949756 to -7.62939e-06 7 8.58 dur 0.3
  3.400                   *Func-removeProps-121
  3.400                   *Func-clearRenderProp-125
  3.400                   *Func-__showProp-122
  3.400                   *Func-__billboardProp-123
  3.400                   *Actor-splat-birthday-cake-20 dur 0.416667
  3.817                   *Func-removeProp-124
  3.817                 }
  0.400                 Parallel-140 {
  0.400                   Sequence-124 {
  0.400                     Wait dur 3
  3.400                     Sequence-125 {
  3.400                       *Func-showHpTextThrow-126 (!oe)
  3.400                       *Func-showHpString-127 (!oe)
  3.400                     }
  3.400                     *Func-__splatSuit-134
  3.400                     *Func-updateHealthBar-128
  3.400                     Parallel-128 {
  3.400                       *Actor-pie-large-21 dur 2
  3.400                       Sequence-127 {
  3.400                         Wait dur 0.3
  3.700                         *Func-reparentTo-130
  3.700                         *Func-loop-131
  3.700                         Wait dur 1.3
  5.000                         *Func-cleanup-132
  5.000                         *Func-removeNode-133
  5.000                       }
  5.400                     }
  5.400                     *Func-setNeutralAnimation-135
  5.400                     *Func-setChatAbsolute-136
  5.400                     Sequence-130 {
  5.400                     }
  5.400                     Sequence-131 {
  5.400                     }
  5.400                     Sequence-132 {
  5.400                     }
  5.400                     Sequence-133 {
  5.400                     }
  5.400                     Sequence-134 {
  5.400                     }
  5.400                     Sequence-135 {
  5.400                     }
  5.400                     Sequence-136 {
  5.400                     }
  5.400                     Sequence-137 {
  5.400                     }
  5.400                     Sequence-138 {
  5.400                     }
  5.400                     Sequence-139 {
  5.400                     }
  5.400                   }
  0.400                   Sequence-129 {
  0.400                     Wait dur 3
  3.400                   }
  5.400                 }
  5.400               }
  5.400             }
  5.400           }
  5.400           Parallel-111 {
  5.400             Parallel-109 {
  5.400             }
  5.400           }
  5.400         }
  5.400       }
  5.400       suit-attacks {
  5.400         Sequence-179 {
  5.400           *Func-makeUnLured-183
  5.400           Parallel-178 {
  5.400             *Func-unlureSuit-185
  5.400             Parallel-176 {
  5.400               *Func-setChatAbsolute-184
  5.400             }
  5.400             Sequence-177 {
  5.400               *Func-setHpr-186
  5.400               *Actor-walk-30 dur 0.5
  5.900               *Func-loop-187
  5.900             }
  5.400             LerpPosInterval-179: pos to 0 7 0 dur 0.5
  5.900           }
  5.900           Sequence-175 {
  5.900             *Func-makeUnLured-183
  5.900             *Func-setNeutralAnimation-182
  5.900             Parallel-165 {
  5.900               Sequence-164 {
  5.900                 Sequence-163 {
  5.900                   Wait dur 1e-06
  5.900                   *Func-setChatAbsolute-165
  5.900                   *Func-reparentTrap-166
  5.900                   *Func-headsUp-167
  5.900                   *Actor-throw-object-29 dur 3.05556
  8.956                   *Func-setHpr-168
  8.956                   *Func-setNeutralAnimation-169
  8.956                   *Func-returnTrapToSuit-170
  8.956                 }
  8.956               }
  5.900               Sequence-152 {
  5.900                 *Func-headsUp-153
  5.900                 *Func-removeInsured-154
  5.900                 Parallel-160 {
  5.900                   Sequence-155 {
  5.900                     Wait dur 2.1
  8.000                     Sequence-157 {
  8.000                       Wait dur 0.01
  8.010                       *Actor-cringe-26 dur 1.2
  9.210                       Wait dur 0.01
  9.220                       *Actor-conked-27 dur 2.1
 11.320                       Wait dur 0.01
 11.330                       *Actor-conked-28 dur 1.00833
 12.338                     }
 12.338                     *Func-loop-164
 12.338                   }
  5.900                   Sequence-158 {
  5.900                     Wait dur 4.5
 10.400                     *Func-__doDamage-163
 10.400                   }
  5.900                   Sequence-156 {
  5.900                   }
  5.900                   Sequence-159 {
  5.900                     Wait dur 4.5
 10.400                     *Sound-12 dur 0.572
 10.972                   }
 12.338                 }
 12.338               }
  5.900               Sequence-161 {
  5.900                 Wait dur 2
  7.900                 *Sound-13 dur 1.831
  9.731               }
  5.900               Sequence-151 {
  5.900                 Parallel-150 {
  5.900                   Sequence-146 {
  5.900                     Sequence-145 {
  5.900                       Wait dur 0.25
  6.150                       *Func-__showProp-147
  6.150                       LerpScaleInterval-160: scale from 0.01 0.01 0.01 to 4 4 4 dur 0.25
  6.400                     }
  6.400                     Wait dur 1.45
  7.850                     *Func-needRestoreRenderProp-148
  7.850                     *Func-wrtReparentTo-149
  7.850                     LerpPosInterval-161: pos to 7.62939e-06 -6.30002 2.038 dur 0.25
  8.100                     LerpPosInterval-162: pos to 7.62939e-06 -5.80002 1.78325 dur 0.4
  8.500                     LerpPosInterval-163: pos to 7.62939e-06 -4.30002 1.27375 dur 0.3
  8.800                     Wait dur 0.2
  9.000                     LerpPosInterval-164: pos to 7.62939e-06 -9.20002 2.29275 dur 0.1
  9.100                     Wait dur 0.4
  9.500                   }
  5.900                   Sequence-147 {
  5.900                     Wait dur 1.95
  7.850                     LerpScaleInterval-165: scale to 8 8 8 dur 0.25
  8.100                     Wait dur 0.9
  9.000                     LerpScaleInterval-166: scale to 14 14 14 dur 0.2
  9.200                     Wait dur 1.2
 10.400                     LerpScaleInterval-167: scale to 0.01 0.01 0.01 dur 0.3
 10.700                   }
  5.900                   Sequence-148 {
  5.900                     Wait dur 1.95
  7.850                     LerpHprInterval-168: hpr to 180 0 0 dur 0.3
  8.150                     Wait dur 0.2
  8.350                     LerpHprInterval-169: hpr from 180 0 0 to 180 -35 0 dur 0.4
  8.750                     Wait dur 0.1
  8.850                     LerpHprInterval-170: hpr from 180 -35 0 to 180 -75 0 dur 0.1
  8.950                   }
  5.900                   Sequence-149 {
  5.900                     Wait dur 1.95
  7.850                     *Actor-teeth-23 dur 0.25
  8.100                     *Actor-teeth-24 dur 0.3
  8.400                     *Func-pose-150
  8.400                     Wait dur 0.7
  9.100                     *Actor-teeth-25 dur 0.9
 10.000                   }
 10.700                 }
 10.700                 *Func-removeProp-151
 10.700                 *Func-clearRenderProp-152
 10.700               }
 12.338             }
 12.338             *Func-setNeutralAnimation-181
 12.338             Sequence-174 {
 12.338               *Func-headsUp-179
 12.338               *Func-loop-180
 12.338             }
 12.338           }
 12.338         }
 12.338       }
 12.338       *Func-__handleMovieDone-189
 12.338     }
 12.338   }
  0.000   Sequence-182 {
  0.000     Sequence-103 {
  0.000       toon-attacks-cam {
  0.000         Sequence-143 {
  0.000           toonGroupShot {
  0.000             *Func-setPosHpr-137
  0.000             Wait
  0.000           }
  0.000           suitGroupThreeQuarterLeftBehindShot {
  0.000             *Func-setPosHpr-138
  0.000             Wait dur 3
  3.000           }
  3.000           suitGroupThreeQuarterLeftBehindShot {
  3.000             *Func-setPosHpr-140
  3.000             Wait dur 2.4
  5.400           }
  5.400           toonGroupShot {
  5.400             *Func-setPosHpr-139
  5.400             Wait
  5.400           }
  5.400         }
  5.400       }
  5.400       suit-attacks-cam {
  5.400         Sequence-181 {
  5.400           Sequence-180 {
  5.400             Wait dur 0.5
  5.900             *Func-unlureSuit-188
  5.900           }
  5.900           Parallel-173 {
  5.900             Sequence-166 {
  5.900               Sequence-169 {
  5.900                 Sequence-167 {
  5.900                   *Func-setPos-171
  5.900                   *Func-focusCameraBetweenPoints-172
  5.900                   Wait dur 2
  7.900                 }
  7.900                 Sequence-168 {
  7.900                   *Func-setPos-173
  7.900                   *Func-focusCameraBetweenPoints-174
  7.900                   Wait dur 4.438
 12.338                 }
 12.338               }
 12.338             }
  5.900             Sequence-172 {
  5.900               LerpColorScaleInterval-171: color_scale to 1 0 0 1 dur 0
  5.900               *Func-hide-175
  5.900               *Func-setScale-176
  5.900               LerpScaleInterval-172: scale to 0 0 0 dur 0
  5.900               LerpPosInterval-173: pos to 0 0 0.42 dur 0
  5.900               *Func-setText-177
  5.900               *Func-show-178
  5.900               Wait dur 0.5
  6.400               Parallel-170 {
  6.400                 LerpScaleInterval-174: scale to 1.2 1.2 1.2 dur 0.25
  6.400                 LerpPosInterval-175: pos to 0 0 -0.075 dur 0.25
  6.650               }
  6.650               Parallel-171 {
  6.650                 LerpScaleInterval-176: scale to 1.1 1.1 1.1 dur 0.25
  6.650                 LerpPosInterval-177: pos to 0 0 -0.04 dur 0.25
  6.900               }
  6.900               Wait dur 2
  8.900               LerpColorScaleInterval-178: color_scale to 0 0 0 0 dur 0.25
  9.150             }
 12.338           }
 12.338         }
 12.338       }
 12.338     }
 12.338   }
 12.338 }

Traceback (most recent call last):
  File "D:\!-ARISTOTOWN ALTIS EDITION-!\Project-Altis-master\dependencies\panda\direct\showbase\ShowBase.py", line 1963, in __ivalLoop
    IntervalManager.ivalMgr.step()
  File "D:\!-ARISTOTOWN ALTIS EDITION-!\Project-Altis-master\dependencies\panda\direct\interval\IntervalManager.py", line 95, in step
    self.__doPythonCallbacks()
  File "D:\!-ARISTOTOWN ALTIS EDITION-!\Project-Altis-master\dependencies\panda\direct\interval\IntervalManager.py", line 123, in __doPythonCallbacks
    self.ivals[index].privPostEvent()
  File "D:\!-ARISTOTOWN ALTIS EDITION-!\Project-Altis-master\dependencies\panda\direct\interval\MetaInterval.py", line 520, in privPostEvent
    self.__doPythonCallbacks()
  File "D:\!-ARISTOTOWN ALTIS EDITION-!\Project-Altis-master\dependencies\panda\direct\interval\MetaInterval.py", line 496, in __doPythonCallbacks
    ival.privDoEvent(t, eventType)
  File "D:\!-ARISTOTOWN ALTIS EDITION-!\Project-Altis-master\dependencies\panda\direct\interval\Interval.py", line 210, in privDoEvent
    self.privInstant()
  File "D:\!-ARISTOTOWN ALTIS EDITION-!\Project-Altis-master\dependencies\panda\direct\interval\FunctionInterval.py", line 91, in privInstant
    self.function(*self.extraArgs, **self.kw)
  File "toontown\battle\MovieThrow.py", line 758, in __splatSuit
    splat.setTexOffset(random.choice((0, 0.1, 0.2, 0.3, 0.4, 0.5, 0.6, 0.7, 0.8, 0.9, 1)), random.choice((0, 0.1, 0.2, 0.3, 0.4, 0.5, 0.6, 0.7, 0.8, 0.9, 1)), random.choice((0, 0.1, 0.2, 0.3, 0.4, 0.5, 0.6, 0.7, 0.8, 0.9, 1)))
AttributeError: 'panda3d.core.TextureStage' object has no attribute 'setTexOffset'
Traceback (most recent call last):
  File "otp\otpbase\OTPBase.py", line 235, in run
    taskMgr.run()
  File "D:\!-ARISTOTOWN ALTIS EDITION-!\Project-Altis-master\dependencies\panda\direct\task\Task.py", line 538, in run
    self.step()
  File "D:\!-ARISTOTOWN ALTIS EDITION-!\Project-Altis-master\dependencies\panda\direct\task\Task.py", line 492, in step
    self.mgr.poll()
  File "D:\!-ARISTOTOWN ALTIS EDITION-!\Project-Altis-master\dependencies\panda\direct\showbase\ShowBase.py", line 1963, in __ivalLoop
    IntervalManager.ivalMgr.step()
  File "D:\!-ARISTOTOWN ALTIS EDITION-!\Project-Altis-master\dependencies\panda\direct\interval\IntervalManager.py", line 95, in step
    self.__doPythonCallbacks()
  File "D:\!-ARISTOTOWN ALTIS EDITION-!\Project-Altis-master\dependencies\panda\direct\interval\IntervalManager.py", line 123, in __doPythonCallbacks
    self.ivals[index].privPostEvent()
  File "D:\!-ARISTOTOWN ALTIS EDITION-!\Project-Altis-master\dependencies\panda\direct\interval\MetaInterval.py", line 520, in privPostEvent
    self.__doPythonCallbacks()
  File "D:\!-ARISTOTOWN ALTIS EDITION-!\Project-Altis-master\dependencies\panda\direct\interval\MetaInterval.py", line 496, in __doPythonCallbacks
    ival.privDoEvent(t, eventType)
  File "D:\!-ARISTOTOWN ALTIS EDITION-!\Project-Altis-master\dependencies\panda\direct\interval\Interval.py", line 210, in privDoEvent
    self.privInstant()
  File "D:\!-ARISTOTOWN ALTIS EDITION-!\Project-Altis-master\dependencies\panda\direct\interval\FunctionInterval.py", line 91, in privInstant
    self.function(*self.extraArgs, **self.kw)
  File "toontown\battle\MovieThrow.py", line 758, in __splatSuit
    splat.setTexOffset(random.choice((0, 0.1, 0.2, 0.3, 0.4, 0.5, 0.6, 0.7, 0.8, 0.9, 1)), random.choice((0, 0.1, 0.2, 0.3, 0.4, 0.5, 0.6, 0.7, 0.8, 0.9, 1)), random.choice((0, 0.1, 0.2, 0.3, 0.4, 0.5, 0.6, 0.7, 0.8, 0.9, 1)))
AttributeError: 'panda3d.core.TextureStage' object has no attribute 'setTexOffset'
