TTLocalizer: Running in language: english
from toontown.toonbase.TTLocalizerEnglish import *
OTPLocalizer: Running in language: english
from otp.otpbase.OTPLocalizerEnglish import *
AppRunner has been removed and AppRunnerGlobal has been deprecated
Preloading suits...
Preloading Toon heads...
Preloading Toon heads...
Preloading avatars...
{402000001: <toontown.distributed.ToontownDistrict.ToontownDistrict instance at 0x0000000025E47D88>}
__handleAvatarChooserDone: 100000083, 'FOCKS', ('vss', 'sd', 's', 'f', (1.0, 1.0, 1.0, 1.0), (1.0, 1.0, 1.0, 1.0), (1.0, 1.0, 1.0, 1.0), (1.0, 1.0, 1.0, 1.0), 0, 11, 0, 11, 2, 23), 5
NodePath.iPosHpr() is deprecated.
NodePath.iPosHpr() is deprecated.
0
Reading DNA file... phase_4/dna/storage.pdna
Reading DNA file... phase_3.5/dna/storage_interior.pdna
Battle Event localtoon-battle-event-9
frame rate: 49.0 fps|0.009d|51 avs||361|362||0x0000|0x0000|887.6MB|1757.5MB|32717.5MB|1166|nt.2.6.2|3.593,3.593|8,16 cpus|OpenGL
### newVec3 = LVector3f(0, 0, 1.5)
### newVec3 = LVector3f(0, 0, 0)
### newVec3 = LVector3f(0, 0, 0.375)
### newVec3 = LVector3f(0, 0, 0)
chooseFireOpenShot <function suitGroupThreeQuarterLeftBehindShot at 0x00000000191F7F98>
chooseFireOpenShot <function suitGroupThreeQuarterLeftBehindShot at 0x00000000191F7F98>
Warning: NodePath.remove() is deprecated.  Use remove_node() instead.
frame rate: 42.7 fps|0.008d|68 avs||661|662||0x0000|0x0000|974.8MB|1918.9MB|32717.5MB|1258|nt.2.6.2|3.593,3.593|8,16 cpus|OpenGL
frame rate: 46.1 fps|0.005d|75 avs||961|962||0x0000|0x0000|1047.8MB|2030.8MB|32717.5MB|1309|nt.2.6.2|3.593,3.593|8,16 cpus|OpenGL
### newVec3 = LVector3f(0, 0, 1.5)
### newVec3 = LVector3f(0, 0, 0)
### newVec3 = LVector3f(0, 0, 0.375)
### newVec3 = LVector3f(0, 0, 0)
frame rate: 42.8 fps|0.007d|80 avs||1261|1262||0x0000|0x0000|1121.5MB|2133.7MB|32717.5MB|1363|nt.2.6.2|3.593,3.593|8,16 cpus|OpenGL
Reading DNA file... phase_4/dna/storage.pdna
Reading DNA file... phase_3.5/dna/storage_interior.pdna
Reading DNA file... phase_8/dna/storage_DG.pdna
Reading DNA file... phase_8/dna/storage_DG_sz.pdna
Reading DNA file... phase_8/dna/daisys_garden_sz.pdna
DNALandmarkBuilding sb2:toon_landmark_hqDG_DNARoot did not find **/*suit_building_origin
DNALandmarkBuilding sb3:toon_landmark_DG_clothes_shop_DNARoot did not find **/*suit_building_origin
NodePath.iPosHpr() is deprecated.
NodePath.iPosHpr() is deprecated.
NodePath.iPosHpr() is deprecated.
NodePath.iPosHpr() is deprecated.
NodePath.iPosHpr() is deprecated.
NodePath.iPosHpr() is deprecated.
NodePath.iPosHpr() is deprecated.
NodePath.iPosHpr() is deprecated.
NodePath.iPosHpr() is deprecated.
OnscreenText.configure: mayChange == 0
OnscreenText.configure: mayChange == 0
OnscreenText.configure: mayChange == 0
OnscreenText.configure: mayChange == 0
Reading DNA file... phase_4/dna/storage.pdna
Reading DNA file... phase_3.5/dna/storage_interior.pdna
Battle Event localtoon-battle-event-15
frame rate: 54.8 fps|0.031d|103 avs||1561|1562||0x0000|0x0000|1279.7MB|2370.7MB|32717.5MB|1762|nt.2.6.2|3.593,3.593|8,16 cpus|OpenGL
### newVec3 = LVector3f(0, 0, 1.5)
### newVec3 = LVector3f(0, 0, 0)
### newVec3 = LVector3f(0, 0, 0.375)
### newVec3 = LVector3f(0, 0, 0)
frame rate: 35.3 fps|0.017d|123 avs||1861|1862||0x0000|0x0000|1293.7MB|2528.1MB|32717.5MB|1833|nt.2.6.2|3.593,3.593|8,16 cpus|OpenGL
Reading DNA file... phase_4/dna/storage.pdna
Reading DNA file... phase_3.5/dna/storage_interior.pdna
Reading DNA file... phase_8/dna/storage_DG.pdna
Reading DNA file... phase_8/dna/storage_DG_sz.pdna
Reading DNA file... phase_8/dna/daisys_garden_sz.pdna
DNALandmarkBuilding sb2:toon_landmark_hqDG_DNARoot did not find **/*suit_building_origin
DNALandmarkBuilding sb3:toon_landmark_DG_clothes_shop_DNARoot did not find **/*suit_building_origin
NodePath.iPosHpr() is deprecated.
NodePath.iPosHpr() is deprecated.
NodePath.iPosHpr() is deprecated.
NodePath.iPosHpr() is deprecated.
NodePath.iPosHpr() is deprecated.
NodePath.iPosHpr() is deprecated.
NodePath.iPosHpr() is deprecated.
NodePath.iPosHpr() is deprecated.
NodePath.iPosHpr() is deprecated.
frame rate: 45.7 fps|0.002d|137 avs||2161|2162||0x0000|0x0000|1078.8MB|2481.9MB|32717.5MB|2065|nt.2.6.2|3.593,3.593|8,16 cpus|OpenGL
frame rate: 45.1 fps|0.002d|137 avs||2461|2462||0x0000|0x0000|1084.1MB|2487.3MB|32717.5MB|2067|nt.2.6.2|3.593,3.593|8,16 cpus|OpenGL
frame rate: 41.8 fps|0.006d|137 avs||2761|2762||0x0000|0x0000|1089.5MB|2492.7MB|32717.5MB|2068|nt.2.6.2|3.593,3.593|8,16 cpus|OpenGL
OnscreenText.configure: mayChange == 0
OnscreenText.configure: mayChange == 0
OnscreenText.configure: mayChange == 0
OnscreenText.configure: mayChange == 0
Reading DNA file... phase_4/dna/storage.pdna
Reading DNA file... phase_3.5/dna/storage_interior.pdna
Battle Event localtoon-battle-event-33
frame rate: 45.0 fps|0.008d|172 avs||3061|3062||0x0000|0x0000|1010.5MB|2654.6MB|32717.5MB|2280|nt.2.6.2|3.593,3.593|8,16 cpus|OpenGL
frame rate: 32.2 fps|0.004d|186 avs||3361|3362||0x0000|0x0000|1065.1MB|2801.8MB|32717.5MB|2337|nt.2.6.2|3.593,3.593|8,16 cpus|OpenGL
Reading DNA file... phase_4/dna/storage.pdna
Reading DNA file... phase_3.5/dna/storage_interior.pdna
Reading DNA file... phase_8/dna/storage_DG.pdna
Reading DNA file... phase_8/dna/storage_DG_sz.pdna
Reading DNA file... phase_8/dna/daisys_garden_sz.pdna
DNALandmarkBuilding sb2:toon_landmark_hqDG_DNARoot did not find **/*suit_building_origin
DNALandmarkBuilding sb3:toon_landmark_DG_clothes_shop_DNARoot did not find **/*suit_building_origin
NodePath.iPosHpr() is deprecated.
NodePath.iPosHpr() is deprecated.
NodePath.iPosHpr() is deprecated.
NodePath.iPosHpr() is deprecated.
NodePath.iPosHpr() is deprecated.
NodePath.iPosHpr() is deprecated.
NodePath.iPosHpr() is deprecated.
NodePath.iPosHpr() is deprecated.
NodePath.iPosHpr() is deprecated.
Exception occurred while processing Func-reparentTo-35966 of Parallel-28966:
Parallel-28966:
  0.000 Parallel-28966 {
  0.000   Parallel-28965 {
  0.000     Sequence-28961 {
  0.000       Wait dur 0.15
  0.150       *Func-avatarHide-35965
  0.150     }
  0.000     Sequence-28963 {
  0.000       Sequence-28964 {
  0.000         *Func-reparentTo-35966
  0.000         *Func-setPos-35967
  0.000         *Func-setScale-35968
  0.000         Wait dur 0.6
  0.600         *Func-removeProp-35969
  0.600       }
  0.600     }
  0.000     Sequence-28962 {
  0.000       Wait dur 0.5
  0.500       *Sound-2111 dur 1.854
  2.354     }
  0.000     gears1Track {
  0.000       Wait dur 0.5
  0.500       *Particle-350 dur 1
  1.500     }
  0.000     gears2MTrack {
  0.100       *Particle-351 dur 0.4
  0.500       *Particle-352 dur 0.5
  0.900       *Particle-353 dur 2
  2.900     }
  2.900   }
  0.000   *Func-unlureSuit-35970
  2.900 }

Traceback (most recent call last):
  File "D:\!-ARISTOTOWN ALTIS EDITION-!\Project-Altis-master\dependencies\panda\direct\showbase\ShowBase.py", line 1963, in __ivalLoop
    IntervalManager.ivalMgr.step()
  File "D:\!-ARISTOTOWN ALTIS EDITION-!\Project-Altis-master\dependencies\panda\direct\interval\IntervalManager.py", line 95, in step
    self.__doPythonCallbacks()
  File "D:\!-ARISTOTOWN ALTIS EDITION-!\Project-Altis-master\dependencies\panda\direct\interval\IntervalManager.py", line 118, in __doPythonCallbacks
    ival.privPostEvent()
  File "D:\!-ARISTOTOWN ALTIS EDITION-!\Project-Altis-master\dependencies\panda\direct\interval\MetaInterval.py", line 520, in privPostEvent
    self.__doPythonCallbacks()
  File "D:\!-ARISTOTOWN ALTIS EDITION-!\Project-Altis-master\dependencies\panda\direct\interval\MetaInterval.py", line 496, in __doPythonCallbacks
    ival.privDoEvent(t, eventType)
  File "D:\!-ARISTOTOWN ALTIS EDITION-!\Project-Altis-master\dependencies\panda\direct\interval\Interval.py", line 210, in privDoEvent
    self.privInstant()
  File "D:\!-ARISTOTOWN ALTIS EDITION-!\Project-Altis-master\dependencies\panda\direct\interval\FunctionInterval.py", line 91, in privInstant
    self.function(*self.extraArgs, **self.kw)
AssertionError: other._error_type == ET_ok at line 395 of panda/src/pgraph/nodePath.cxx
Traceback (most recent call last):
  File "otp\otpbase\OTPBase.py", line 235, in run
    taskMgr.run()
  File "D:\!-ARISTOTOWN ALTIS EDITION-!\Project-Altis-master\dependencies\panda\direct\task\Task.py", line 538, in run
    self.step()
  File "D:\!-ARISTOTOWN ALTIS EDITION-!\Project-Altis-master\dependencies\panda\direct\task\Task.py", line 492, in step
    self.mgr.poll()
  File "D:\!-ARISTOTOWN ALTIS EDITION-!\Project-Altis-master\dependencies\panda\direct\showbase\ShowBase.py", line 1963, in __ivalLoop
    IntervalManager.ivalMgr.step()
  File "D:\!-ARISTOTOWN ALTIS EDITION-!\Project-Altis-master\dependencies\panda\direct\interval\IntervalManager.py", line 95, in step
    self.__doPythonCallbacks()
  File "D:\!-ARISTOTOWN ALTIS EDITION-!\Project-Altis-master\dependencies\panda\direct\interval\IntervalManager.py", line 118, in __doPythonCallbacks
    ival.privPostEvent()
  File "D:\!-ARISTOTOWN ALTIS EDITION-!\Project-Altis-master\dependencies\panda\direct\interval\MetaInterval.py", line 520, in privPostEvent
    self.__doPythonCallbacks()
  File "D:\!-ARISTOTOWN ALTIS EDITION-!\Project-Altis-master\dependencies\panda\direct\interval\MetaInterval.py", line 496, in __doPythonCallbacks
    ival.privDoEvent(t, eventType)
  File "D:\!-ARISTOTOWN ALTIS EDITION-!\Project-Altis-master\dependencies\panda\direct\interval\Interval.py", line 210, in privDoEvent
    self.privInstant()
  File "D:\!-ARISTOTOWN ALTIS EDITION-!\Project-Altis-master\dependencies\panda\direct\interval\FunctionInterval.py", line 91, in privInstant
    self.function(*self.extraArgs, **self.kw)
AssertionError: other._error_type == ET_ok at line 395 of panda/src/pgraph/nodePath.cxx
