TTLocalizer: Running in language: english
from toontown.toonbase.TTLocalizerEnglish import *
OTPLocalizer: Running in language: english
from otp.otpbase.OTPLocalizerEnglish import *
AppRunner has been removed and AppRunnerGlobal has been deprecated
Preloading suits...
Preloading Toon heads...
Preloading Toon heads...
Preloading avatars...
{402000001: <toontown.distributed.ToontownDistrict.ToontownDistrict instance at 0x0000000025231BC8>}
__handleAvatarChooserDone: 100000078, 'BUNNYNYNYNYN', ('rll', 'sd', 's', 'f', (0.411, 0.644, 0.282, 1.0), (1.0, 1.0, 1.0, 1.0), (0.411, 0.644, 0.282, 1.0), (0.411, 0.644, 0.282, 1.0), 1, 2, 1, 2, 8, 0), 5
NodePath.iPosHpr() is deprecated.
NodePath.iPosHpr() is deprecated.
0
Reading DNA file... phase_4/dna/storage.pdna
Reading DNA file... phase_3.5/dna/storage_interior.pdna
Battle Event localtoon-battle-event-3
frame rate: 48.3 fps|0.011d|43 avs||337|338||0x0000|0x0000|829.4MB|1773.8MB|32717.5MB|1203|nt.2.6.2|3.593,3.593|8,16 cpus|OpenGL
frame rate: 46.6 fps|0.011d|49 avs||637|638||0x0000|0x0000|923.9MB|1934.5MB|32717.5MB|1289|nt.2.6.2|3.593,3.593|8,16 cpus|OpenGL
frame rate: 44.4 fps|0.004d|57 avs||937|938||0x0000|0x0000|996.9MB|2060.6MB|32717.5MB|1358|nt.2.6.2|3.593,3.593|8,16 cpus|OpenGL
***********headParts pos= LPoint3f(0, 0, 0)
***********headParts hpr= LVecBase3f(0, 0, 0)
*************arms hpr= LVecBase3f(0, 0, 0)
***********headParts pos= LPoint3f(0, 0, 0)
***********headParts hpr= LVecBase3f(0, 0, 0)
*************arms hpr= LVecBase3f(0, 0, 0)
***********headParts pos= LPoint3f(0, 0, 0)
***********headParts hpr= LVecBase3f(0, 0, 0)
*************arms hpr= LVecBase3f(0, 0, 0)
frame rate: 39.4 fps|0.005d|73 avs||1237|1238||0x0000|0x0000|1068.2MB|2140.9MB|32717.5MB|1390|nt.2.6.2|3.593,3.593|8,16 cpus|OpenGL
***********headParts pos= LPoint3f(0, 0, 0)
***********headParts hpr= LVecBase3f(0, 0, 0)
*************arms hpr= LVecBase3f(0, 0, 0)
chooseFireOpenShot <function allGroupLowShot at 0x0000000019540A58>
chooseFireOpenShot <function allGroupLowShot at 0x0000000019540A58>
Warning: NodePath.remove() is deprecated.  Use remove_node() instead.
Warning: NodePath.remove() is deprecated.  Use remove_node() instead.
Warning: NodePath.remove() is deprecated.  Use remove_node() instead.
Battle Event localtoon-battle-event-9
frame rate: 42.6 fps|0.016d|80 avs||1537|1538||0x0000|0x0000|1145.5MB|2237.1MB|32717.5MB|1430|nt.2.6.2|3.593,3.593|8,16 cpus|OpenGL
frame rate: 47.0 fps|0.011d|92 avs||1837|1838||0x0000|0x0000|1204.1MB|2301.8MB|32717.5MB|1449|nt.2.6.2|3.593,3.593|8,16 cpus|OpenGL
Battle Event localtoon-battle-event-21
frame rate: 38.5 fps|0.020d|112 avs||2137|2138||0x0000|0x0000|988.3MB|2410.4MB|32717.5MB|1511|nt.2.6.2|3.593,3.593|8,16 cpus|OpenGL
### newVec3 = LVector3f(0, 0, 1.5)
### newVec3 = LVector3f(0, 0, 0)
### newVec3 = LVector3f(0, 0, 0.375)
### newVec3 = LVector3f(0, 0, 0)
Found manager... using it...
### newVec3 = LVector3f(0, 0, 1.5)
### newVec3 = LVector3f(0, 0, 0)
### newVec3 = LVector3f(0, 0, 0.375)
### newVec3 = LVector3f(0, 0, 0)
frame rate: 33.7 fps|0.004d|121 avs||2437|2438||0x0000|0x0000|1037.3MB|2471.5MB|32717.5MB|1529|nt.2.6.2|3.593,3.593|8,16 cpus|OpenGL
### newVec3 = LVector3f(0, 0, 1.5)
### newVec3 = LVector3f(0, 0, 0)
### newVec3 = LVector3f(0, 0, 0.375)
### newVec3 = LVector3f(0, 0, 0)
### newVec3 = LVector3f(0, 0, 1.5)
### newVec3 = LVector3f(0, 0, 0)
### newVec3 = LVector3f(0, 0, 0.375)
### newVec3 = LVector3f(0, 0, 0)
Found manager... using it...
frame rate: 37.1 fps|0.004d|126 avs||2737|2738||0x0000|0x0000|1092.0MB|2545.6MB|32717.5MB|1562|nt.2.6.2|3.593,3.593|8,16 cpus|OpenGL
Found manager... using it...
frame rate: 35.5 fps|0.009d|141 avs||3037|3038||0x0000|0x0000|1015.1MB|2619.9MB|32717.5MB|1587|nt.2.6.2|3.593,3.593|8,16 cpus|OpenGL
Battle Event localtoon-battle-event-27
frame rate: 33.1 fps|0.004d|171 avs||3337|3338||0x0000|0x0000|1034.2MB|2694.4MB|32717.5MB|1608|nt.2.6.2|3.593,3.593|8,16 cpus|OpenGL
frame rate: 35.1 fps|0.007d|212 avs||3637|3638||0x0000|0x0000|1064.1MB|2829.8MB|32717.5MB|1684|nt.2.6.2|3.593,3.593|8,16 cpus|OpenGL
Battle Event localtoon-battle-event-39
chooseFireOpenShot <function allGroupLowShot at 0x0000000019540A58>
chooseFireOpenShot <function suitGroupThreeQuarterLeftBehindShot at 0x0000000019540D68>
Warning: NodePath.remove() is deprecated.  Use remove_node() instead.
Warning: NodePath.remove() is deprecated.  Use remove_node() instead.
frame rate: 30.8 fps|0.026d|228 avs||3937|3938||0x0000|0x0000|1075.2MB|2929.9MB|32717.5MB|1720|nt.2.6.2|3.593,3.593|8,16 cpus|OpenGL
frame rate: 30.4 fps|0.012d|229 avs||4237|4238||0x0000|0x0000|1093.9MB|3011.3MB|32717.5MB|1752|nt.2.6.2|3.593,3.593|8,16 cpus|OpenGL
frame rate: 27.1 fps|0.011d|231 avs||4537|4538||0x0000|0x0000|1084.3MB|3066.2MB|32717.5MB|1773|nt.2.6.2|3.593,3.593|8,16 cpus|OpenGL
chooseFireOpenShot <function avatarCloseUpThreeQuarterRightShot at 0x0000000019540F98>
chooseFireOpenShot <function allGroupLowShot at 0x0000000019540A58>
Warning: NodePath.remove() is deprecated.  Use remove_node() instead.
frame rate: 26.7 fps|0.007d|245 avs||4837|4838||0x0000|0x0000|1140.9MB|3149.8MB|32717.5MB|1809|nt.2.6.2|3.593,3.593|8,16 cpus|OpenGL
frame rate: 27.1 fps|0.009d|283 avs||5137|5138||0x0000|0x0000|1191.0MB|3261.6MB|32717.5MB|1849|nt.2.6.2|3.593,3.593|8,16 cpus|OpenGL
frame rate: 24.6 fps|0.006d|328 avs||5437|5438||0x0000|0x0000|1162.3MB|3304.1MB|32717.5MB|1861|nt.2.6.2|3.593,3.593|8,16 cpus|OpenGL
chooseFireOpenShot <function suitGroupThreeQuarterLeftBehindShot at 0x0000000019540D68>
chooseFireOpenShot <function allGroupLowShot at 0x0000000019540A58>
Warning: NodePath.remove() is deprecated.  Use remove_node() instead.
Warning: NodePath.remove() is deprecated.  Use remove_node() instead.
Warning: NodePath.remove() is deprecated.  Use remove_node() instead.
Warning: NodePath.remove() is deprecated.  Use remove_node() instead.
Battle Event localtoon-battle-event-51
frame rate: 28.8 fps|0.009d|357 avs||5737|5738||0x0000|0x0000|1156.7MB|3393.5MB|32717.5MB|1885|nt.2.6.2|3.593,3.593|8,16 cpus|OpenGL
chooseFireOpenShot <function suitGroupThreeQuarterLeftBehindShot at 0x0000000019540D68>
chooseFireOpenShot <function avatarCloseUpThreeQuarterLeftFireShot at 0x0000000019541BA8>
Warning: NodePath.remove() is deprecated.  Use remove_node() instead.
frame rate: 26.4 fps|0.006d|360 avs||6037|6038||0x0000|0x0000|1155.4MB|3453.1MB|32717.5MB|1905|nt.2.6.2|3.593,3.593|8,16 cpus|OpenGL
***********headParts pos= LPoint3f(0, 0, 0)
***********headParts hpr= LVecBase3f(0, 0, 0)
*************arms hpr= LVecBase3f(0, 0, 0)
frame rate: 24.3 fps|0.007d|382 avs||6337|6338||0x0000|0x0000|1180.5MB|3535.3MB|32717.5MB|1927|nt.2.6.2|3.593,3.593|8,16 cpus|OpenGL
chooseFireOpenShot <function avatarCloseUpThrowShot at 0x0000000019540F28>
chooseFireOpenShot <function avatarCloseUpFireShot at 0x0000000019541B38>
***********headParts pos= LPoint3f(0, 0, 0)
***********headParts hpr= LVecBase3f(0, 0, 0)
*************arms hpr= LVecBase3f(0, 0, 0)
Warning: NodePath.remove() is deprecated.  Use remove_node() instead.
frame rate: 22.2 fps|0.008d|403 avs||6637|6638||0x0000|0x0000|1199.1MB|3618.7MB|32717.5MB|1950|nt.2.6.2|3.593,3.593|8,16 cpus|OpenGL
frame rate: 20.5 fps|0.007d|420 avs||6937|6938||0x0000|0x0000|1209.3MB|3716.9MB|32717.5MB|1975|nt.2.6.2|3.593,3.593|8,16 cpus|OpenGL
***********headParts pos= LPoint3f(0, 0, 0)
***********headParts hpr= LVecBase3f(0, 0, 0)
*************arms hpr= LVecBase3f(0, 0, 0)
frame rate: 21.6 fps|0.010d|438 avs||7237|7238||0x0000|0x0000|1223.9MB|3784.5MB|32717.5MB|1993|nt.2.6.2|3.593,3.593|8,16 cpus|OpenGL
chooseFireOpenShot <function suitGroupThreeQuarterLeftBehindShot at 0x0000000019540D68>
chooseFireOpenShot <function allGroupLowShot at 0x0000000019540A58>
Warning: NodePath.remove() is deprecated.  Use remove_node() instead.
Warning: NodePath.remove() is deprecated.  Use remove_node() instead.
Warning: NodePath.remove() is deprecated.  Use remove_node() instead.
Warning: NodePath.remove() is deprecated.  Use remove_node() instead.
Battle Event localtoon-battle-event-45
frame rate: 20.4 fps|0.009d|477 avs||7537|7538||0x0000|0x0000|1311.4MB|3884.6MB|32717.5MB|2027|nt.2.6.2|3.593,3.593|8,16 cpus|OpenGL
frame rate: 21.5 fps|0.006d|520 avs||7837|7838||0x0000|0x0000|1323.7MB|3966.5MB|32717.5MB|2049|nt.2.6.2|3.593,3.593|8,16 cpus|OpenGL
