TTLocalizer: Running in language: english
from toontown.toonbase.TTLocalizerEnglish import *
OTPLocalizer: Running in language: english
from otp.otpbase.OTPLocalizerEnglish import *
AppRunner has been removed and AppRunnerGlobal has been deprecated
Preloading suits...
Preloading Toon heads...
Preloading Toon heads...
Preloading avatars...
{402000001: <toontown.distributed.ToontownDistrict.ToontownDistrict instance at 0x00000000289EE848>}
__handleAvatarChooserDone: 100000086, 'Mr. Rockenzap', ('lss', 'ms', 's', 'm', (0.984, 0.537, 0.396, 1.0), (1.0, 1.0, 1.0, 1.0), (0.984, 0.537, 0.396, 1.0), (0.984, 0.537, 0.396, 1.0), 11, 0, 0, 0, 1, 20), 4
NodePath.iPosHpr() is deprecated.
NodePath.iPosHpr() is deprecated.
0
Reading DNA file... phase_4/dna/storage.pdna
Reading DNA file... phase_3.5/dna/storage_interior.pdna
Battle Event localtoon-battle-event-3
Traceback (most recent call last):
  File "D:\!-ARISTOTOWN ALTIS EDITION-!\Project-Altis-master\dependencies\panda\direct\distributed\ConnectionRepository.py", line 609, in readerPollUntilEmpty
    while self.readerPollOnce():
  File "D:\!-ARISTOTOWN ALTIS EDITION-!\Project-Altis-master\dependencies\panda\direct\distributed\ConnectionRepository.py", line 616, in readerPollOnce
    self.handleDatagram(self.private__di)
  File "otp\distributed\OTPClientRepository.py", line 1856, in handleDatagram
    self.handler(msgType, di)
  File "otp\distributed\OTPClientRepository.py", line 1467, in handlePlayGame
    self.handleUpdateField(di)
  File "D:\!-ARISTOTOWN ALTIS EDITION-!\Project-Altis-master\dependencies\panda\direct\distributed\ClientRepositoryBase.py", line 437, in handleUpdateField
    self.__doUpdate(doId, di, ovUpdated)
  File "D:\!-ARISTOTOWN ALTIS EDITION-!\Project-Altis-master\dependencies\panda\direct\distributed\ClientRepositoryBase.py", line 445, in __doUpdate
    do.dclass.receiveUpdate(do, di)
  File "toontown\battle\DistributedBattleBase.py", line 399, in setState
    self.fsm.request(state, [globalClockDelta.localElapsedTime(timestamp)])
  File "D:\!-ARISTOTOWN ALTIS EDITION-!\Project-Altis-master\dependencies\panda\direct\fsm\ClassicFSM.py", line 282, in request
    exitArgList)
  File "D:\!-ARISTOTOWN ALTIS EDITION-!\Project-Altis-master\dependencies\panda\direct\fsm\ClassicFSM.py", line 229, in __transition
    self.__enter(aState, enterArgList)
  File "D:\!-ARISTOTOWN ALTIS EDITION-!\Project-Altis-master\dependencies\panda\direct\fsm\ClassicFSM.py", line 215, in __enter
    aState.enter(argList)
  File "D:\!-ARISTOTOWN ALTIS EDITION-!\Project-Altis-master\dependencies\panda\direct\fsm\State.py", line 202, in enter
    self.__enterFunc(*argList)
  File "toontown\battle\DistributedBattleBase.py", line 1376, in enterPlayMovie
    self.movie.play(ts, self.__handleMovieDone)
  File "toontown\battle\Movie.py", line 235, in play
    tattacks, tcam = self.__doToonAttacks()
  File "toontown\battle\Movie.py", line 428, in __doToonAttacks
    ival, camIval = MovieLure.doLures(self.__findToonAttack(LURE))
  File "toontown\battle\MovieLure.py", line 31, in doLures
    ival = __doLureLevel(l, npcs)
  File "toontown\battle\MovieLure.py", line 97, in __doLureLevel
    return __lureHypnotize(lure, npcs)
  File "toontown\battle\MovieLure.py", line 450, in __lureHypnotize
    return __createHypnoGogglesMultiTrack(lure, npcs)
  File "toontown\battle\MovieLure.py", line 403, in __createHypnoGogglesMultiTrack
    suitTrack.append(__createSuitDamageTrack(battle, suit, hp, lure, trapProp, revived, died))
  File "toontown\battle\MovieLure.py", line 706, in __createSuitDamageTrack
    ballPropTrack.append(getPropAppearTrack(ball, trapProp, ballPosPoints, 0, Point3(3, 3, 3), scaleUpTime=0))
  File "toontown\battle\MovieLure.py", line 1228, in getPropAppearTrack
    propTrack = Sequence(Wait(appearDelay), Func(__showProp, prop, parent, *posPoints))
NameError: global name '__showProp' is not defined
Traceback (most recent call last):
  File "otp\otpbase\OTPBase.py", line 235, in run
    taskMgr.run()
  File "D:\!-ARISTOTOWN ALTIS EDITION-!\Project-Altis-master\dependencies\panda\direct\task\Task.py", line 538, in run
    self.step()
  File "D:\!-ARISTOTOWN ALTIS EDITION-!\Project-Altis-master\dependencies\panda\direct\task\Task.py", line 492, in step
    self.mgr.poll()
  File "D:\!-ARISTOTOWN ALTIS EDITION-!\Project-Altis-master\dependencies\panda\direct\distributed\ConnectionRepository.py", line 609, in readerPollUntilEmpty
    while self.readerPollOnce():
  File "D:\!-ARISTOTOWN ALTIS EDITION-!\Project-Altis-master\dependencies\panda\direct\distributed\ConnectionRepository.py", line 616, in readerPollOnce
    self.handleDatagram(self.private__di)
  File "otp\distributed\OTPClientRepository.py", line 1856, in handleDatagram
    self.handler(msgType, di)
  File "otp\distributed\OTPClientRepository.py", line 1467, in handlePlayGame
    self.handleUpdateField(di)
  File "D:\!-ARISTOTOWN ALTIS EDITION-!\Project-Altis-master\dependencies\panda\direct\distributed\ClientRepositoryBase.py", line 437, in handleUpdateField
    self.__doUpdate(doId, di, ovUpdated)
  File "D:\!-ARISTOTOWN ALTIS EDITION-!\Project-Altis-master\dependencies\panda\direct\distributed\ClientRepositoryBase.py", line 445, in __doUpdate
    do.dclass.receiveUpdate(do, di)
  File "toontown\battle\DistributedBattleBase.py", line 399, in setState
    self.fsm.request(state, [globalClockDelta.localElapsedTime(timestamp)])
  File "D:\!-ARISTOTOWN ALTIS EDITION-!\Project-Altis-master\dependencies\panda\direct\fsm\ClassicFSM.py", line 282, in request
    exitArgList)
  File "D:\!-ARISTOTOWN ALTIS EDITION-!\Project-Altis-master\dependencies\panda\direct\fsm\ClassicFSM.py", line 229, in __transition
    self.__enter(aState, enterArgList)
  File "D:\!-ARISTOTOWN ALTIS EDITION-!\Project-Altis-master\dependencies\panda\direct\fsm\ClassicFSM.py", line 215, in __enter
    aState.enter(argList)
  File "D:\!-ARISTOTOWN ALTIS EDITION-!\Project-Altis-master\dependencies\panda\direct\fsm\State.py", line 202, in enter
    self.__enterFunc(*argList)
  File "toontown\battle\DistributedBattleBase.py", line 1376, in enterPlayMovie
    self.movie.play(ts, self.__handleMovieDone)
  File "toontown\battle\Movie.py", line 235, in play
    tattacks, tcam = self.__doToonAttacks()
  File "toontown\battle\Movie.py", line 428, in __doToonAttacks
    ival, camIval = MovieLure.doLures(self.__findToonAttack(LURE))
  File "toontown\battle\MovieLure.py", line 31, in doLures
    ival = __doLureLevel(l, npcs)
  File "toontown\battle\MovieLure.py", line 97, in __doLureLevel
    return __lureHypnotize(lure, npcs)
  File "toontown\battle\MovieLure.py", line 450, in __lureHypnotize
    return __createHypnoGogglesMultiTrack(lure, npcs)
  File "toontown\battle\MovieLure.py", line 403, in __createHypnoGogglesMultiTrack
    suitTrack.append(__createSuitDamageTrack(battle, suit, hp, lure, trapProp, revived, died))
  File "toontown\battle\MovieLure.py", line 706, in __createSuitDamageTrack
    ballPropTrack.append(getPropAppearTrack(ball, trapProp, ballPosPoints, 0, Point3(3, 3, 3), scaleUpTime=0))
  File "toontown\battle\MovieLure.py", line 1228, in getPropAppearTrack
    propTrack = Sequence(Wait(appearDelay), Func(__showProp, prop, parent, *posPoints))
NameError: global name '__showProp' is not defined
