TTLocalizer: Running in language: english
from toontown.toonbase.TTLocalizerEnglish import *
OTPLocalizer: Running in language: english
from otp.otpbase.OTPLocalizerEnglish import *
AppRunner has been removed and AppRunnerGlobal has been deprecated
Preloading suits...
Preloading Toon heads...
Preloading Toon heads...
Preloading avatars...
{402000001: <toontown.distributed.ToontownDistrict.ToontownDistrict instance at 0x0000000028249AC8>}
__handleAvatarChooserDone: 100000086, 'Mr. Rockenzap', ('lss', 'ms', 's', 'm', (0.984, 0.537, 0.396, 1.0), (1.0, 1.0, 1.0, 1.0), (0.984, 0.537, 0.396, 1.0), (0.984, 0.537, 0.396, 1.0), 11, 0, 0, 0, 1, 20), 4
NodePath.iPosHpr() is deprecated.
NodePath.iPosHpr() is deprecated.
0
Reading DNA file... phase_4/dna/storage.pdna
Reading DNA file... phase_3.5/dna/storage_interior.pdna
Battle Event localtoon-battle-event-3
Exception occurred while processing Func-__splatSuit-175 of movie-track-with-cam-402008040:
movie-track-with-cam-402008040:
  0.000 movie-track-with-cam-402008040 {
  0.000   movie-track-402008040 {
  0.000     Sequence-184 {
  0.000       toon-attacks {
  0.000         Sequence-224 {
  0.000           Sequence-190 {
  0.000             Parallel-192 {
  0.000             }
  0.000           }
  0.000           Parallel-194 {
  0.000             Sequence-223 {
  0.000               Wait dur 0.3
  0.300               Parallel-195 {
  0.300                 Sequence-199 {
  0.300                   Wait
  0.300                   *Func-headsUp-153
  0.300                   Parallel-200 {
  0.300                     Parallel-198 {
  0.300                       Sequence-197 {
  0.300                         Wait dur 1
  1.300                         *Sound-19 dur 2.063
  3.363                       }
  0.300                       Sequence-196 {
  0.300                         Wait dur 3
  3.300                         *Sound-20 dur 0.783
  4.083                       }
  4.083                     }
  0.300                     *Actor-throw-26 dur 3.79167
  4.092                   }
  4.092                   *Func-loop-154
  4.092                   *Func-setHpr-155
  4.092                 }
  0.300                 Sequence-202 {
  0.300                   Wait
  0.300                   *Func-showProps-156
  0.300                   *Func-__animProp-157
  0.300                   Parallel-201 {
  0.300                     LerpScaleInterval-478: scale from 0.01 0.01 0.01 to 1 1 1 dur 1
  0.300                     LerpScaleInterval-479: scale from 0.01 0.01 0.01 to 1 1 1 dur 1
  1.300                   }
  1.300                   *Func-needRestoreRenderProp-159
  1.300                   Wait dur 1.7
  3.000                   *Func-__propPreflight-158
  3.000                   MovieThrow-pieFly: pos from -0.286324 -6.89378 0.929351 to -3.8147e-06 7 6.5 dur 0.3
  3.300                   *Func-removeProps-160
  3.300                   *Func-clearRenderProp-164
  3.300                   *Func-__showProp-161
  3.300                   *Func-__billboardProp-162
  3.300                   *Actor-splat-birthday-cake-27 dur 0.416667
  3.717                   *Func-removeProp-163
  3.717                 }
  0.300                 Parallel-222 {
  0.300                   Sequence-206 {
  0.300                     Wait dur 3
  3.300                     Sequence-207 {
  3.300                       *Func-showHpTextThrow-165 (!oe)
  3.300                       *Func-showHpString-166 (!oe)
  3.300                     }
  3.300                     *Func-__splatSuit-175
  3.300                     *Func-updateHealthBar-167
  3.300                     Parallel-210 {
  3.300                       *Actor-pie-large-28 dur 2
  3.300                       Sequence-209 {
  3.300                         Wait dur 0.3
  3.600                         *Func-reparentTo-171
  3.600                         *Func-loop-172
  3.600                         *Func-loop-169
  3.600                         Wait dur 1.3
  4.900                         Parallel-208 {
  4.900                           *Func-setChatAbsolute-168
  4.900                         }
  4.900                         *Func-cleanup-173
  4.900                         *Func-removeNode-174
  4.900                       }
  5.300                     }
  5.300                     *Func-setNeutralAnimation-176
  5.300                     *Func-setChatAbsolute-177
  5.300                     Sequence-212 {
  5.300                     }
  5.300                     Sequence-213 {
  5.300                     }
  5.300                     Sequence-214 {
  5.300                     }
  5.300                     Sequence-215 {
  5.300                     }
  5.300                     Sequence-216 {
  5.300                     }
  5.300                     Sequence-217 {
  5.300                     }
  5.300                     Sequence-218 {
  5.300                     }
  5.300                     Sequence-219 {
  5.300                     }
  5.300                     Sequence-220 {
  5.300                     }
  5.300                     Sequence-221 {
  5.300                     }
  5.300                   }
  0.300                   Sequence-211 {
  0.300                     Wait dur 3
  3.300                   }
  5.300                 }
  5.300               }
  5.300             }
  5.300           }
  5.300           Parallel-193 {
  5.300             Parallel-191 {
  5.300             }
  5.300           }
  5.300         }
  5.300       }
  5.300       suit-attacks {
  5.300         Sequence-253 {
  5.300           *Func-makeUnLured-227
  5.300           Parallel-252 {
  5.300             *Func-unlureSuit-229
  5.300             Parallel-250 {
  5.300               *Func-setChatAbsolute-228
  5.300             }
  5.300             Sequence-251 {
  5.300               *Func-setHpr-230
  5.300               *Actor-walk-31 dur 0.5
  5.800               *Func-loop-231
  5.800             }
  5.300             LerpPosInterval-489: pos to 0 7 0 dur 0.5
  5.800           }
  5.800           Sequence-249 {
  5.800             *Func-makeUnLured-227
  5.800             *Func-setNeutralAnimation-226
  5.800             Parallel-239 {
  5.800               Sequence-237 {
  5.800                 Wait dur 1e-06
  5.800                 *Func-setChatAbsolute-209
  5.800                 *Func-reparentTrap-210
  5.800                 *Func-headsUp-211
  5.800                 *Actor-sanction-30 dur 2
  7.800                 *Func-setHpr-212
  7.800                 *Func-setNeutralAnimation-213
  7.800                 *Func-returnTrapToSuit-214
  7.800               }
  5.800               Sequence-228 {
  5.800                 *Func-headsUp-194
  5.800                 *Func-removeInsured-195
  5.800                 Parallel-235 {
  5.800                   Sequence-231 {
  5.800                     Wait dur 0.8
  6.600                     *Actor-conked-29 dur 4.20833
 10.808                     *Func-loop-205
 10.808                   }
  5.800                   Sequence-233 {
  5.800                     Wait dur 0.81
  6.610                     *Func-__doDamage-204
  6.610                   }
  5.800                   Sequence-232 {
  5.800                   }
  5.800                   Sequence-234 {
  5.800                     Wait dur 0.81
  6.610                     *Sound-23 dur 0.572
  7.182                   }
 10.808                 }
 10.808               }
  5.800               Sequence-227 {
  5.800                 Wait dur 0.5
  6.300                 *Func-needRestoreRenderProp-182
  6.300                 *Func-reparentTo-183
  6.300                 *Func-setScale-184
  6.300                 *Func-setPosHpr-185
  6.300                 *Func-setP-186
  6.300                 *Func-setR-187
  6.300                 Sequence-226 {
  6.300                   *Func-needRestoreRenderProp-188
  6.300                   *Func-wrtReparentTo-189
  6.300                   LerpPosInterval-480: pos to 60.2793 -106.448 2.6475 dur 0.25
  6.550                   *Func-removeProp-190
  6.550                   *Func-clearRenderProp-191
  6.550                 }
  6.550                 *Func-removeProp-192
  6.550                 *Func-clearRenderProp-193
  6.550               }
  5.800               Sequence-238 {
  5.800                 Wait dur 0.5
  6.300                 *Sound-24 dur 0.619
  6.919               }
 10.808             }
 10.808             *Func-setNeutralAnimation-225
 10.808             Sequence-248 {
 10.808               *Func-headsUp-223
 10.808               *Func-loop-224
 10.808             }
 10.808           }
 10.808         }
 10.808       }
 10.808       *Func-__handleMovieDone-233
 10.808     }
 10.808   }
  0.000   Sequence-256 {
  0.000     Sequence-185 {
  0.000       toon-attacks-cam {
  0.000         Sequence-225 {
  0.000           toonGroupShot {
  0.000             *Func-setPosHpr-178
  0.000             Wait
  0.000           }
  0.000           avatarCloseUpThrowShot {
  0.000             *Func-setPosHpr-179
  0.000             Wait dur 3
  3.000           }
  3.000           allGroupLowShot {
  3.000             *Func-setPosHpr-181
  3.000             Wait dur 2.3
  5.300           }
  5.300           toonGroupShot {
  5.300             *Func-setPosHpr-180
  5.300             Wait
  5.300           }
  5.300         }
  5.300       }
  5.300       suit-attacks-cam {
  5.300         Sequence-255 {
  5.300           Sequence-254 {
  5.300             Wait dur 0.5
  5.800             *Func-unlureSuit-232
  5.800           }
  5.800           Parallel-247 {
  5.800             Sequence-240 {
  5.800               Sequence-243 {
  5.800                 Sequence-241 {
  5.800                   *Func-setPos-215
  5.800                   *Func-focusCameraBetweenPoints-216
  5.800                   Wait dur 0.5
  6.300                 }
  6.300                 Sequence-242 {
  6.300                   *Func-setPos-217
  6.300                   *Func-lookAt-218
  6.300                   Wait dur 4.508
 10.808                 }
 10.808               }
 10.808             }
  5.800             Sequence-246 {
  5.800               LerpColorScaleInterval-481: color_scale to 1 0 0 1 dur 0
  5.800               *Func-hide-219
  5.800               *Func-setScale-220
  5.800               LerpScaleInterval-482: scale to 0 0 0 dur 0
  5.800               LerpPosInterval-483: pos to 0 0 0.42 dur 0
  5.800               *Func-setText-221
  5.800               *Func-show-222
  5.800               Wait dur 0.5
  6.300               Parallel-244 {
  6.300                 LerpScaleInterval-484: scale to 1.2 1.2 1.2 dur 0.25
  6.300                 LerpPosInterval-485: pos to 0 0 -0.075 dur 0.25
  6.550               }
  6.550               Parallel-245 {
  6.550                 LerpScaleInterval-486: scale to 1.1 1.1 1.1 dur 0.25
  6.550                 LerpPosInterval-487: pos to 0 0 -0.04 dur 0.25
  6.800               }
  6.800               Wait dur 2
  8.800               LerpColorScaleInterval-488: color_scale to 0 0 0 0 dur 0.25
  9.050             }
 10.808           }
 10.808         }
 10.808       }
 10.808     }
 10.808   }
 10.808 }

Traceback (most recent call last):
  File "D:\!-ARISTOTOWN ALTIS EDITION-!\Project-Altis-master\dependencies\panda\direct\showbase\ShowBase.py", line 1963, in __ivalLoop
    IntervalManager.ivalMgr.step()
  File "D:\!-ARISTOTOWN ALTIS EDITION-!\Project-Altis-master\dependencies\panda\direct\interval\IntervalManager.py", line 95, in step
    self.__doPythonCallbacks()
  File "D:\!-ARISTOTOWN ALTIS EDITION-!\Project-Altis-master\dependencies\panda\direct\interval\IntervalManager.py", line 123, in __doPythonCallbacks
    self.ivals[index].privPostEvent()
  File "D:\!-ARISTOTOWN ALTIS EDITION-!\Project-Altis-master\dependencies\panda\direct\interval\MetaInterval.py", line 520, in privPostEvent
    self.__doPythonCallbacks()
  File "D:\!-ARISTOTOWN ALTIS EDITION-!\Project-Altis-master\dependencies\panda\direct\interval\MetaInterval.py", line 496, in __doPythonCallbacks
    ival.privDoEvent(t, eventType)
  File "D:\!-ARISTOTOWN ALTIS EDITION-!\Project-Altis-master\dependencies\panda\direct\interval\Interval.py", line 210, in privDoEvent
    self.privInstant()
  File "D:\!-ARISTOTOWN ALTIS EDITION-!\Project-Altis-master\dependencies\panda\direct\interval\FunctionInterval.py", line 91, in privInstant
    self.function(*self.extraArgs, **self.kw)
  File "toontown\battle\MovieThrow.py", line 758, in __splatSuit
    splat.setSavedResult()
TypeError: setSavedResult() takes exactly one argument (0 given)
Traceback (most recent call last):
  File "otp\otpbase\OTPBase.py", line 235, in run
    taskMgr.run()
  File "D:\!-ARISTOTOWN ALTIS EDITION-!\Project-Altis-master\dependencies\panda\direct\task\Task.py", line 538, in run
    self.step()
  File "D:\!-ARISTOTOWN ALTIS EDITION-!\Project-Altis-master\dependencies\panda\direct\task\Task.py", line 492, in step
    self.mgr.poll()
  File "D:\!-ARISTOTOWN ALTIS EDITION-!\Project-Altis-master\dependencies\panda\direct\showbase\ShowBase.py", line 1963, in __ivalLoop
    IntervalManager.ivalMgr.step()
  File "D:\!-ARISTOTOWN ALTIS EDITION-!\Project-Altis-master\dependencies\panda\direct\interval\IntervalManager.py", line 95, in step
    self.__doPythonCallbacks()
  File "D:\!-ARISTOTOWN ALTIS EDITION-!\Project-Altis-master\dependencies\panda\direct\interval\IntervalManager.py", line 123, in __doPythonCallbacks
    self.ivals[index].privPostEvent()
  File "D:\!-ARISTOTOWN ALTIS EDITION-!\Project-Altis-master\dependencies\panda\direct\interval\MetaInterval.py", line 520, in privPostEvent
    self.__doPythonCallbacks()
  File "D:\!-ARISTOTOWN ALTIS EDITION-!\Project-Altis-master\dependencies\panda\direct\interval\MetaInterval.py", line 496, in __doPythonCallbacks
    ival.privDoEvent(t, eventType)
  File "D:\!-ARISTOTOWN ALTIS EDITION-!\Project-Altis-master\dependencies\panda\direct\interval\Interval.py", line 210, in privDoEvent
    self.privInstant()
  File "D:\!-ARISTOTOWN ALTIS EDITION-!\Project-Altis-master\dependencies\panda\direct\interval\FunctionInterval.py", line 91, in privInstant
    self.function(*self.extraArgs, **self.kw)
  File "toontown\battle\MovieThrow.py", line 758, in __splatSuit
    splat.setSavedResult()
TypeError: setSavedResult() takes exactly one argument (0 given)
