TTLocalizer: Running in language: english
from toontown.toonbase.TTLocalizerEnglish import *
OTPLocalizer: Running in language: english
from otp.otpbase.OTPLocalizerEnglish import *
AppRunner has been removed and AppRunnerGlobal has been deprecated
Preloading suits...
Preloading Toon heads...
Preloading Toon heads...
Preloading avatars...
{402000001: <toontown.distributed.ToontownDistrict.ToontownDistrict instance at 0x00000000264F5A08>}
__handleAvatarChooserDone: 100000090, 'TRAP BUNNY', ('rsl', 'md', 'l', 'f', (0.726562, 0.472656, 0.859375, 1.0), (1.0, 1.0, 1.0, 1.0), (0.726562, 0.472656, 0.859375, 1.0), (0.726562, 0.472656, 0.859375, 1.0), 22, 7, 0, 7, 4, 1), 4
NodePath.iPosHpr() is deprecated.
NodePath.iPosHpr() is deprecated.
0
Reading DNA file... phase_4/dna/storage.pdna
Reading DNA file... phase_3.5/dna/storage_interior.pdna
Battle Event localtoon-battle-event-3
Battle Event localtoon-battle-event-9
Exception occurred while processing Func-removeProps-1022 of movie-track-with-cam-402012389:
movie-track-with-cam-402012389:
  0.000 movie-track-with-cam-402012389 {
  0.000   movie-track-402012389 {
  0.000     Sequence-244 {
  0.000       toon-attacks {
  0.000         Sequence-250 {
  0.000           Sequence-253 {
  0.000             Sequence-252 {
  0.000               *Func-headsUp-1018
  0.000               Parallel-251 {
  0.000                 *Actor-run-76 dur 1
  0.000                 LerpPosInterval-457: pos from 1.5 -9.50001 0 to 0 0 0 dur 1
  1.000               }
  1.000               *Func-headsUp-1019
  1.000             }
  1.000             Parallel-258 {
  1.000               Sequence-255 {
  1.000                 *Func-showProp-1021
  1.000                 *Actor-cannon-77 dur 1
  2.000                 *Actor-cannon-78 dur 1
  3.000                 *Func-removeProps-1022
  3.000               }
  1.000               Sequence-257 {
  1.000                 Wait dur 0.7
  1.700                 *Sound-34 dur 7.7
  9.400               }
  1.000               *Actor-juggle-81 dur 8.20833
  1.000               Sequence-254 {
  1.000                 Wait dur 4
  5.000                 *Func-__healToon-1020
  5.000               }
  9.400             }
  9.400             Sequence-260 {
  9.400               *Func-headsUp-1025
  9.400               Parallel-259 {
  9.400                 *Actor-run-82 dur 1
  9.400                 LerpPosInterval-458: pos to 1.5 -9.5 0 dur 1
 10.400               }
 10.400               *Func-setHpr-1026
 10.400               *Func-loop-1027
 10.400             }
 10.400           }
 10.400         }
 10.400       }
 10.400       suit-attacks {
 10.400         Sequence-288 {
 10.400           *Func-makeUnLured-1059
 10.400           Parallel-287 {
 10.400             *Func-unlureSuit-1061
 10.400             Parallel-285 {
 10.400               *Func-setChatAbsolute-1060
 10.400             }
 10.400             Sequence-286 {
 10.400               *Func-setHpr-1062
 10.400               *Actor-walk-85 dur 0.5
 10.900               *Func-loop-1063
 10.900             }
 10.400             LerpPosInterval-469: pos to 2.5 7 0 dur 0.5
 10.900           }
 10.900           Sequence-284 {
 10.900             *Func-makeUnLured-1059
 10.900             *Func-setNeutralAnimation-1058
 10.900             Parallel-276 {
 10.900               Sequence-266 {
 10.900                 Wait dur 1e-06
 10.900                 *Func-setChatAbsolute-1030
 10.900                 *Func-reparentTrap-1031
 10.900                 *Func-headsUp-1032
 10.900                 *Actor-pickpocket-83 dur 3.04167
 13.942                 *Func-setHpr-1033
 13.942                 *Func-setNeutralAnimation-1034
 13.942                 *Func-returnTrapToSuit-1035
 13.942               }
 10.900               Sequence-268 {
 10.900                 *Func-headsUp-1038
 10.900                 *Func-removeInsured-1039
 10.900                 Parallel-275 {
 10.900                   Sequence-271 {
 10.900                     Wait dur 0.6
 11.500                     *Actor-cringe-84 dur 2.29167
 13.792                     *Func-loop-1049
 13.792                   }
 10.900                   Sequence-273 {
 10.900                     Wait dur 0.61
 11.510                     *Func-__doDamage-1048
 11.510                   }
 10.900                   Sequence-272 {
 10.900                   }
 10.900                   Sequence-274 {
 10.900                     Wait dur 0.61
 11.510                     *Sound-35 dur 0.572
 12.082                   }
 13.792                 }
 13.792               }
 10.900               Sequence-267 {
 10.900                 Wait dur 0.6
 11.500                 *Func-__showProp-1036
 11.500                 LerpScaleInterval-459: scale from 0.01 0.01 0.01 to 1.41 1.41 1.41 dur 0.5
 12.000                 Wait dur 0.55
 12.550                 LerpScaleInterval-460: scale to 0.01 0.01 0.01 dur 0.5
 13.050                 *Func-removeProp-1037
 13.050               }
 10.900               Sequence-277 {
 10.900                 Wait dur 0.2
 11.100                 *Sound-36 dur 2.69
 13.790               }
 13.942             }
 13.942             *Func-setNeutralAnimation-1057
 13.942             Sequence-283 {
 13.942               *Func-headsUp-1055
 13.942               *Func-loop-1056
 13.942             }
 13.942           }
 13.942         }
 13.942         Sequence-356 {
 13.942           *Func-makeUnLured-1141
 13.942           Parallel-355 {
 13.942             *Func-unlureSuit-1143
 13.942             Parallel-353 {
 13.942               *Func-setChatAbsolute-1142
 13.942             }
 13.942             Sequence-354 {
 13.942               *Func-setHpr-1144
 13.942               *Actor-walk-89 dur 0.5
 14.442               *Func-loop-1145
 14.442             }
 13.942             LerpPosInterval-534: pos to -2.5 7 0 dur 0.5
 14.442           }
 14.442           Sequence-352 {
 14.442             *Func-makeUnLured-1141
 14.442             *Func-setNeutralAnimation-1140
 14.442             Parallel-310 {
 14.442               Sequence-292 {
 14.442                 Sequence-291 {
 14.442                   Wait dur 1e-06
 14.442                   *Func-setChatAbsolute-1065
 14.442                   *Func-reparentTrap-1066
 14.442                   *Func-headsUp-1067
 14.442                   *Actor-speak-86 dur 4.66667
 19.109                   *Func-setHpr-1068
 19.109                   *Func-setNeutralAnimation-1069
 19.109                   *Func-returnTrapToSuit-1070
 19.109                 }
 19.109               }
 14.442               Parallel-308 {
 14.442                 Sequence-302 {
 14.442                   *Func-headsUp-1074
 14.442                   *Func-removeInsured-1075
 14.442                   Sequence-305 {
 14.442                     Wait dur 0.0001
 14.442                     Sequence-306 {
 14.442                       Wait dur 2
 16.442                       *Actor-duck-88 dur 2.35
 18.792                     }
 18.792                     *Func-loop-1084
 18.792                   }
 18.792                 }
 14.442                 Sequence-307 {
 14.442                   Wait dur 2.5001
 16.942                   *Func-indicateMissed-1085
 16.942                 }
 18.792               }
 14.442               Sequence-309 {
 14.442                 Wait dur 2
 16.442                 *Sound-38 dur 2.351
 18.793               }
 14.442               Sequence-297 {
 14.442                 Wait dur 2.25
 16.692                 *Particle-1 dur 3
 19.692               }
 14.442               Sequence-298 {
 14.442                 Wait dur 2.25
 16.692                 *Particle-2 dur 3
 19.692               }
 14.442               Sequence-299 {
 14.442                 Wait dur 2.25
 16.692                 *Particle-3 dur 3
 19.692               }
 14.442               Sequence-300 {
 14.442                 Wait dur 2.25
 16.692                 *Particle-4 dur 3
 19.692               }
 14.442               Sequence-301 {
 14.442                 Wait dur 2.25
 16.692                 *Particle-5 dur 3
 19.692               }
 19.692             }
 19.692             *Func-setNeutralAnimation-1139
 19.692             Sequence-351 {
 19.692               *Func-headsUp-1137
 19.692               *Func-loop-1138
 19.692             }
 19.692           }
 19.692         }
 19.692       }
 19.692       *Func-__handleMovieDone-1147
 19.692     }
 19.692   }
  0.000   Sequence-359 {
  0.000     Sequence-245 {
  0.000       toon-attacks-cam {
  0.000         Sequence-261 {
  0.000           toonGroupShot {
  0.000             *Func-setPosHpr-1028
  0.000             Wait dur 2.8
  2.800           }
  2.800           toonGroupShot {
  2.800             *Func-setPosHpr-1029
  2.800             Wait dur 7.6
 10.400           }
 10.400         }
 10.400       }
 10.400       suit-attacks-cam {
 10.400         Sequence-290 {
 10.400           Sequence-289 {
 10.400             Wait dur 0.5
 10.900             *Func-unlureSuit-1064
 10.900           }
 10.900           Parallel-282 {
 10.900             Sequence-278 {
 10.900               allGroupLowShot {
 10.900                 *Func-setPosHpr-1050
 10.900                 Wait dur 2.7
 13.600               }
 13.600             }
 10.900             Sequence-281 {
 10.900               LerpColorScaleInterval-461: color_scale to 1 0 0 1 dur 0
 10.900               *Func-hide-1051
 10.900               *Func-setScale-1052
 10.900               LerpScaleInterval-462: scale to 0 0 0 dur 0
 10.900               LerpPosInterval-463: pos to 0 0 0.42 dur 0
 10.900               *Func-setText-1053
 10.900               *Func-show-1054
 10.900               Wait dur 0.5
 11.400               Parallel-279 {
 11.400                 LerpScaleInterval-464: scale to 1.2 1.2 1.2 dur 0.25
 11.400                 LerpPosInterval-465: pos to 0 0 -0.075 dur 0.25
 11.650               }
 11.650               Parallel-280 {
 11.650                 LerpScaleInterval-466: scale to 1.1 1.1 1.1 dur 0.25
 11.650                 LerpPosInterval-467: pos to 0 0 -0.04 dur 0.25
 11.900               }
 11.900               Wait dur 2
 13.900               LerpColorScaleInterval-468: color_scale to 0 0 0 0 dur 0.25
 14.150             }
 14.150           }
 14.150         }
 14.150         Sequence-358 {
 14.150           Sequence-357 {
 14.150             Wait dur 0.5
 14.650             *Func-unlureSuit-1146
 14.650           }
 14.650           Parallel-350 {
 14.650             Sequence-311 {
 14.650               Sequence-346 {
 14.650                 Sequence-344 {
 14.650                   *Func-setPos-1129
 14.650                   *Func-lookAt-1130
 14.650                   Wait dur 2.8
 17.450                 }
 17.450                 Sequence-345 {
 17.450                   *Func-setPos-1131
 17.450                   *Func-focusCameraBetweenPoints-1132
 17.450                   Wait dur 2.45
 19.900                 }
 19.900               }
 19.900             }
 14.650             Sequence-349 {
 14.650               LerpColorScaleInterval-526: color_scale to 1 0 0 1 dur 0
 14.650               *Func-hide-1133
 14.650               *Func-setScale-1134
 14.650               LerpScaleInterval-527: scale to 0 0 0 dur 0
 14.650               LerpPosInterval-528: pos to 0 0 0.42 dur 0
 14.650               *Func-setText-1135
 14.650               *Func-show-1136
 14.650               Wait dur 0.5
 15.150               Parallel-347 {
 15.150                 LerpScaleInterval-529: scale to 1.2 1.2 1.2 dur 0.25
 15.150                 LerpPosInterval-530: pos to 0 0 -0.075 dur 0.25
 15.400               }
 15.400               Parallel-348 {
 15.400                 LerpScaleInterval-531: scale to 1.1 1.1 1.1 dur 0.25
 15.400                 LerpPosInterval-532: pos to 0 0 -0.04 dur 0.25
 15.650               }
 15.650               Wait dur 2
 17.650               LerpColorScaleInterval-533: color_scale to 0 0 0 0 dur 0.25
 17.900             }
 19.900           }
 19.900         }
 19.900       }
 19.900     }
 19.900   }
 19.900 }

Traceback (most recent call last):
  File "D:\!-ARISTOTOWN ALTIS EDITION-!\Project-Altis-master\dependencies\panda\direct\showbase\ShowBase.py", line 1963, in __ivalLoop
    IntervalManager.ivalMgr.step()
  File "D:\!-ARISTOTOWN ALTIS EDITION-!\Project-Altis-master\dependencies\panda\direct\interval\IntervalManager.py", line 95, in step
    self.__doPythonCallbacks()
  File "D:\!-ARISTOTOWN ALTIS EDITION-!\Project-Altis-master\dependencies\panda\direct\interval\IntervalManager.py", line 123, in __doPythonCallbacks
    self.ivals[index].privPostEvent()
  File "D:\!-ARISTOTOWN ALTIS EDITION-!\Project-Altis-master\dependencies\panda\direct\interval\MetaInterval.py", line 520, in privPostEvent
    self.__doPythonCallbacks()
  File "D:\!-ARISTOTOWN ALTIS EDITION-!\Project-Altis-master\dependencies\panda\direct\interval\MetaInterval.py", line 496, in __doPythonCallbacks
    ival.privDoEvent(t, eventType)
  File "D:\!-ARISTOTOWN ALTIS EDITION-!\Project-Altis-master\dependencies\panda\direct\interval\Interval.py", line 210, in privDoEvent
    self.privInstant()
  File "D:\!-ARISTOTOWN ALTIS EDITION-!\Project-Altis-master\dependencies\panda\direct\interval\FunctionInterval.py", line 91, in privInstant
    self.function(*self.extraArgs, **self.kw)
  File "toontown\battle\MovieUtil.py", line 145, in removeProps
    for prop in props:
TypeError: 'Actor' object is not iterable
Traceback (most recent call last):
  File "otp\otpbase\OTPBase.py", line 235, in run
    taskMgr.run()
  File "D:\!-ARISTOTOWN ALTIS EDITION-!\Project-Altis-master\dependencies\panda\direct\task\Task.py", line 538, in run
    self.step()
  File "D:\!-ARISTOTOWN ALTIS EDITION-!\Project-Altis-master\dependencies\panda\direct\task\Task.py", line 492, in step
    self.mgr.poll()
  File "D:\!-ARISTOTOWN ALTIS EDITION-!\Project-Altis-master\dependencies\panda\direct\showbase\ShowBase.py", line 1963, in __ivalLoop
    IntervalManager.ivalMgr.step()
  File "D:\!-ARISTOTOWN ALTIS EDITION-!\Project-Altis-master\dependencies\panda\direct\interval\IntervalManager.py", line 95, in step
    self.__doPythonCallbacks()
  File "D:\!-ARISTOTOWN ALTIS EDITION-!\Project-Altis-master\dependencies\panda\direct\interval\IntervalManager.py", line 123, in __doPythonCallbacks
    self.ivals[index].privPostEvent()
  File "D:\!-ARISTOTOWN ALTIS EDITION-!\Project-Altis-master\dependencies\panda\direct\interval\MetaInterval.py", line 520, in privPostEvent
    self.__doPythonCallbacks()
  File "D:\!-ARISTOTOWN ALTIS EDITION-!\Project-Altis-master\dependencies\panda\direct\interval\MetaInterval.py", line 496, in __doPythonCallbacks
    ival.privDoEvent(t, eventType)
  File "D:\!-ARISTOTOWN ALTIS EDITION-!\Project-Altis-master\dependencies\panda\direct\interval\Interval.py", line 210, in privDoEvent
    self.privInstant()
  File "D:\!-ARISTOTOWN ALTIS EDITION-!\Project-Altis-master\dependencies\panda\direct\interval\FunctionInterval.py", line 91, in privInstant
    self.function(*self.extraArgs, **self.kw)
  File "toontown\battle\MovieUtil.py", line 145, in removeProps
    for prop in props:
TypeError: 'Actor' object is not iterable
